Copyright 1986-2018 Xilinx, Inc. All Rights Reserved.
--------------------------------------------------------------------------------------------------------------------------------------------------------------
| Tool Version : Vivado v.2018.3 (win64) Build 2405991 Thu Dec  6 23:38:27 MST 2018
| Date         : Sun Jun 28 10:19:09 2026
| Host         : MiaoZhi-PC running 64-bit major release  (build 9200)
| Command      : report_timing_summary -file E:/FPGA/DPLL_Rewrite/DPLL_Rewrite_THbox_T3/reports/vivado_debug_dac_formatter_stage_a_synth_check/timing_ooc.rpt
| Design       : debug_dac_formatter_stage_a
| Device       : 7z010-clg400
| Speed File   : -1  PRODUCTION 1.11 2014-09-11
--------------------------------------------------------------------------------------------------------------------------------------------------------------

Timing Summary Report

------------------------------------------------------------------------------------------------
| Timer Settings
| --------------
------------------------------------------------------------------------------------------------

  Enable Multi Corner Analysis               :  Yes
  Enable Pessimism Removal                   :  Yes
  Pessimism Removal Resolution               :  Nearest Common Node
  Enable Input Delay Default Clock           :  No
  Enable Preset / Clear Arcs                 :  No
  Disable Flight Delays                      :  No
  Ignore I/O Paths                           :  No
  Timing Early Launch at Borrowing Latches   :  false

  Corner  Analyze    Analyze    
  Name    Max Paths  Min Paths  
  ------  ---------  ---------  
  Slow    Yes        Yes        
  Fast    Yes        Yes        



check_timing report

Table of Contents
-----------------
1. checking no_clock
2. checking constant_clock
3. checking pulse_width_clock
4. checking unconstrained_internal_endpoints
5. checking no_input_delay
6. checking no_output_delay
7. checking multiple_clock
8. checking generated_clocks
9. checking loops
10. checking partial_input_delay
11. checking partial_output_delay
12. checking latch_loops

1. checking no_clock
--------------------
 There are 0 register/latch pins with no clock.


2. checking constant_clock
--------------------------
 There are 0 register/latch pins with constant_clock.


3. checking pulse_width_clock
-----------------------------
 There are 0 register/latch pins which need pulse_width check


4. checking unconstrained_internal_endpoints
--------------------------------------------
 There are 0 pins that are not constrained for maximum delay.

 There are 0 pins that are not constrained for maximum delay due to constant clock.


5. checking no_input_delay
--------------------------
 There are 76 input ports with no input delay specified. (HIGH)

 There are 0 input ports with no input delay but user has a false path constraint.


6. checking no_output_delay
---------------------------
 There are 16 ports with no output delay specified. (HIGH)

 There are 0 ports with no output delay but user has a false path constraint

 There are 0 ports with no output delay but with a timing clock defined on it or propagating through it


7. checking multiple_clock
--------------------------
 There are 0 register/latch pins with multiple clocks.


8. checking generated_clocks
----------------------------
 There are 0 generated clocks that are not connected to a clock source.


9. checking loops
-----------------
 There are 0 combinational loops in the design.


10. checking partial_input_delay
--------------------------------
 There are 0 input ports with partial input delay specified.


11. checking partial_output_delay
---------------------------------
 There are 0 ports with partial output delay specified.


12. checking latch_loops
------------------------
 There are 0 combinational latch loops in the design through latch input



------------------------------------------------------------------------------------------------
| Design Timing Summary
| ---------------------
------------------------------------------------------------------------------------------------

    WNS(ns)      TNS(ns)  TNS Failing Endpoints  TNS Total Endpoints      WHS(ns)      THS(ns)  THS Failing Endpoints  THS Total Endpoints     WPWS(ns)     TPWS(ns)  TPWS Failing Endpoints  TPWS Total Endpoints  
    -------      -------  ---------------------  -------------------      -------      -------  ---------------------  -------------------     --------     --------  ----------------------  --------------------  
      1.194        0.000                      0                  579        0.273        0.000                      0                  579        3.500        0.000                       0                   301  


All user specified timing constraints are met.


------------------------------------------------------------------------------------------------
| Clock Summary
| -------------
------------------------------------------------------------------------------------------------

Clock     Waveform(ns)         Period(ns)      Frequency(MHz)
-----     ------------         ----------      --------------
clk_125m  {0.000 4.000}        8.000           125.000         


------------------------------------------------------------------------------------------------
| Intra Clock Table
| -----------------
------------------------------------------------------------------------------------------------

Clock             WNS(ns)      TNS(ns)  TNS Failing Endpoints  TNS Total Endpoints      WHS(ns)      THS(ns)  THS Failing Endpoints  THS Total Endpoints     WPWS(ns)     TPWS(ns)  TPWS Failing Endpoints  TPWS Total Endpoints  
-----             -------      -------  ---------------------  -------------------      -------      -------  ---------------------  -------------------     --------     --------  ----------------------  --------------------  
clk_125m            1.194        0.000                      0                  579        0.273        0.000                      0                  579        3.500        0.000                       0                   301  


------------------------------------------------------------------------------------------------
| Inter Clock Table
| -----------------
------------------------------------------------------------------------------------------------

From Clock    To Clock          WNS(ns)      TNS(ns)  TNS Failing Endpoints  TNS Total Endpoints      WHS(ns)      THS(ns)  THS Failing Endpoints  THS Total Endpoints  
----------    --------          -------      -------  ---------------------  -------------------      -------      -------  ---------------------  -------------------  


------------------------------------------------------------------------------------------------
| Other Path Groups Table
| -----------------------
------------------------------------------------------------------------------------------------

Path Group    From Clock    To Clock          WNS(ns)      TNS(ns)  TNS Failing Endpoints  TNS Total Endpoints      WHS(ns)      THS(ns)  THS Failing Endpoints  THS Total Endpoints  
----------    ----------    --------          -------      -------  ---------------------  -------------------      -------      -------  ---------------------  -------------------  


------------------------------------------------------------------------------------------------
| Timing Details
| --------------
------------------------------------------------------------------------------------------------


---------------------------------------------------------------------------------------------------
From Clock:  clk_125m
  To Clock:  clk_125m

Setup :            0  Failing Endpoints,  Worst Slack        1.194ns,  Total Violation        0.000ns
Hold  :            0  Failing Endpoints,  Worst Slack        0.273ns,  Total Violation        0.000ns
PW    :            0  Failing Endpoints,  Worst Slack        3.500ns,  Total Violation        0.000ns
---------------------------------------------------------------------------------------------------


Max Delay Paths
--------------------------------------------------------------------------------------
Slack (MET) :             1.194ns  (required time - arrival time)
  Source:                 gain_r1_reg[15]/C
                            (rising edge-triggered cell FDRE clocked by clk_125m  {rise@0.000ns fall@4.000ns period=8.000ns})
  Destination:            product_r2_reg__0/PCIN[0]
                            (rising edge-triggered cell DSP48E1 clocked by clk_125m  {rise@0.000ns fall@4.000ns period=8.000ns})
  Path Group:             clk_125m
  Path Type:              Setup (Max at Slow Process Corner)
  Requirement:            8.000ns  (clk_125m rise@8.000ns - clk_125m rise@0.000ns)
  Data Path Delay:        5.322ns  (logic 4.522ns (84.973%)  route 0.800ns (15.027%))
  Logic Levels:           1  (DSP48E1=1)
  Clock Path Skew:        -0.049ns (DCD - SCD + CPR)
    Destination Clock Delay (DCD):    0.924ns = ( 8.924 - 8.000 ) 
    Source Clock Delay      (SCD):    0.973ns
    Clock Pessimism Removal (CPR):    0.000ns
  Clock Uncertainty:      0.035ns  ((TSJ^2 + TIJ^2)^1/2 + DJ) / 2 + PE
    Total System Jitter     (TSJ):    0.071ns
    Total Input Jitter      (TIJ):    0.000ns
    Discrete Jitter          (DJ):    0.000ns
    Phase Error              (PE):    0.000ns

    Location             Delay type                Incr(ns)  Path(ns)    Netlist Resource(s)
  -------------------------------------------------------------------    -------------------
                         (clock clk_125m rise edge)
                                                      0.000     0.000 r  
                                                      0.000     0.000 r  clk_125m (IN)
                         net (fo=301, unset)          0.973     0.973    clk_125m
                         FDRE                                         r  gain_r1_reg[15]/C
  -------------------------------------------------------------------    -------------------
                         FDRE (Prop_fdre_C_Q)         0.496     1.469 r  gain_r1_reg[15]/Q
                         net (fo=18, unplaced)        0.800     2.269    gain_r1[15]
                         DSP48E1 (Prop_dsp48e1_B[17]_PCOUT[0])
                                                      4.026     6.295 r  product_r20/PCOUT[0]
                         net (fo=1, unplaced)         0.000     6.295    product_r20_n_153
                         DSP48E1                                      r  product_r2_reg__0/PCIN[0]
  -------------------------------------------------------------------    -------------------

                         (clock clk_125m rise edge)
                                                      8.000     8.000 r  
                                                      0.000     8.000 r  clk_125m (IN)
                         net (fo=301, unset)          0.924     8.924    clk_125m
                         DSP48E1                                      r  product_r2_reg__0/CLK
                         clock pessimism              0.000     8.924    
                         clock uncertainty           -0.035     8.889    
                         DSP48E1 (Setup_dsp48e1_CLK_PCIN[0])
                                                     -1.400     7.489    product_r2_reg__0
  -------------------------------------------------------------------
                         required time                          7.489    
                         arrival time                          -6.295    
  -------------------------------------------------------------------
                         slack                                  1.194    





Min Delay Paths
--------------------------------------------------------------------------------------
Slack (MET) :             0.273ns  (arrival time - required time)
  Source:                 gain_r0_reg[0]/C
                            (rising edge-triggered cell FDSE clocked by clk_125m  {rise@0.000ns fall@4.000ns period=8.000ns})
  Destination:            gain_r1_reg[0]/D
                            (rising edge-triggered cell FDSE clocked by clk_125m  {rise@0.000ns fall@4.000ns period=8.000ns})
  Path Group:             clk_125m
  Path Type:              Hold (Min at Fast Process Corner)
  Requirement:            0.000ns  (clk_125m rise@0.000ns - clk_125m rise@0.000ns)
  Data Path Delay:        0.299ns  (logic 0.158ns (52.880%)  route 0.141ns (47.120%))
  Logic Levels:           0  
  Clock Path Skew:        0.022ns (DCD - SCD - CPR)
    Destination Clock Delay (DCD):    0.432ns
    Source Clock Delay      (SCD):    0.410ns
    Clock Pessimism Removal (CPR):    -0.000ns

    Location             Delay type                Incr(ns)  Path(ns)    Netlist Resource(s)
  -------------------------------------------------------------------    -------------------
                         (clock clk_125m rise edge)
                                                      0.000     0.000 r  
                                                      0.000     0.000 r  clk_125m (IN)
                         net (fo=301, unset)          0.410     0.410    clk_125m
                         FDSE                                         r  gain_r0_reg[0]/C
  -------------------------------------------------------------------    -------------------
                         FDSE (Prop_fdse_C_Q)         0.158     0.568 r  gain_r0_reg[0]/Q
                         net (fo=1, unplaced)         0.141     0.709    gain_r0[0]
                         FDSE                                         r  gain_r1_reg[0]/D
  -------------------------------------------------------------------    -------------------

                         (clock clk_125m rise edge)
                                                      0.000     0.000 r  
                                                      0.000     0.000 r  clk_125m (IN)
                         net (fo=301, unset)          0.432     0.432    clk_125m
                         FDSE                                         r  gain_r1_reg[0]/C
                         clock pessimism              0.000     0.432    
                         FDSE (Hold_fdse_C_D)         0.004     0.436    gain_r1_reg[0]
  -------------------------------------------------------------------
                         required time                         -0.436    
                         arrival time                           0.709    
  -------------------------------------------------------------------
                         slack                                  0.273    





Pulse Width Checks
--------------------------------------------------------------------------------------
Clock Name:         clk_125m
Waveform(ns):       { 0.000 4.000 }
Period(ns):         8.000
Sources:            { clk_125m }

Check Type        Corner  Lib Pin      Reference Pin  Required(ns)  Actual(ns)  Slack(ns)  Location  Pin
Min Period        n/a     DSP48E1/CLK  n/a            3.687         8.000       4.313                product_r2_reg__0/CLK
Low Pulse Width   Fast    FDRE/C       n/a            0.500         4.000       3.500                product_r2_reg[15]/C
High Pulse Width  Slow    FDRE/C       n/a            0.500         4.000       3.500                product_r2_reg[15]/C



