Copyright 1986-2018 Xilinx, Inc. All Rights Reserved.
------------------------------------------------------------------------------------------------------------------------------------
| Tool Version : Vivado v.2018.3 (win64) Build 2405991 Thu Dec  6 23:38:27 MST 2018
| Date         : Thu Jul  2 20:20:24 2026
| Host         : DESKTOP-MRF396F running 64-bit major release  (build 9200)
| Command      : report_drc -file red_pitaya_top_drc_routed.rpt -pb red_pitaya_top_drc_routed.pb -rpx red_pitaya_top_drc_routed.rpx
| Design       : red_pitaya_top
| Device       : xc7z010clg400-1
| Speed File   : -1
| Design State : Fully Routed
------------------------------------------------------------------------------------------------------------------------------------

Report DRC

Table of Contents
-----------------
1. REPORT SUMMARY
2. REPORT DETAILS

1. REPORT SUMMARY
-----------------
            Netlist: netlist
          Floorplan: design_1
      Design limits: <entire design considered>
           Ruledeck: default
             Max violations: <unlimited>
             Violations found: 92
+---------+----------+-------------------------------------------------------------------+------------+
| Rule    | Severity | Description                                                       | Violations |
+---------+----------+-------------------------------------------------------------------+------------+
| BUFC-1  | Warning  | Input Buffer Connections                                          | 16         |
| DPIP-1  | Warning  | Input pipelining                                                  | 14         |
| DPOP-1  | Warning  | PREG Output pipelining                                            | 5          |
| DPOP-2  | Warning  | MREG Output pipelining                                            | 13         |
| DPOR-1  | Warning  | Asynchronous load check                                           | 34         |
| AVAL-4  | Advisory | enum_USE_DPORT_FALSE_enum_DREG_ADREG_0_connects_CED_CEAD_RSTD_GND | 3          |
| AVAL-5  | Advisory | enum_USE_MULT_NONE_enum_DREG_ADREG_0_connects_CED_CEAD_RSTD_GND   | 3          |
| REQP-28 | Advisory | enum_USE_MULT_NONE_connects_CEM_GND                               | 2          |
| REQP-30 | Advisory | enum_MREG_0_connects_CEM_GND                                      | 2          |
+---------+----------+-------------------------------------------------------------------+------------+

2. REPORT DETAILS
-----------------
BUFC-1#1 Warning
Input Buffer Connections  
Input buffer i_iobufn[0]/IBUF (in i_iobufn[0] macro) has no loads. It is recommended to have an input buffer drive an internal load.
Related violations: <none>

BUFC-1#2 Warning
Input Buffer Connections  
Input buffer i_iobufn[1]/IBUF (in i_iobufn[1] macro) has no loads. It is recommended to have an input buffer drive an internal load.
Related violations: <none>

BUFC-1#3 Warning
Input Buffer Connections  
Input buffer i_iobufn[2]/IBUF (in i_iobufn[2] macro) has no loads. It is recommended to have an input buffer drive an internal load.
Related violations: <none>

BUFC-1#4 Warning
Input Buffer Connections  
Input buffer i_iobufn[3]/IBUF (in i_iobufn[3] macro) has no loads. It is recommended to have an input buffer drive an internal load.
Related violations: <none>

BUFC-1#5 Warning
Input Buffer Connections  
Input buffer i_iobufn[4]/IBUF (in i_iobufn[4] macro) has no loads. It is recommended to have an input buffer drive an internal load.
Related violations: <none>

BUFC-1#6 Warning
Input Buffer Connections  
Input buffer i_iobufn[5]/IBUF (in i_iobufn[5] macro) has no loads. It is recommended to have an input buffer drive an internal load.
Related violations: <none>

BUFC-1#7 Warning
Input Buffer Connections  
Input buffer i_iobufn[6]/IBUF (in i_iobufn[6] macro) has no loads. It is recommended to have an input buffer drive an internal load.
Related violations: <none>

BUFC-1#8 Warning
Input Buffer Connections  
Input buffer i_iobufn[7]/IBUF (in i_iobufn[7] macro) has no loads. It is recommended to have an input buffer drive an internal load.
Related violations: <none>

BUFC-1#9 Warning
Input Buffer Connections  
Input buffer i_iobufp[0]/IBUF (in i_iobufp[0] macro) has no loads. It is recommended to have an input buffer drive an internal load.
Related violations: <none>

BUFC-1#10 Warning
Input Buffer Connections  
Input buffer i_iobufp[1]/IBUF (in i_iobufp[1] macro) has no loads. It is recommended to have an input buffer drive an internal load.
Related violations: <none>

BUFC-1#11 Warning
Input Buffer Connections  
Input buffer i_iobufp[2]/IBUF (in i_iobufp[2] macro) has no loads. It is recommended to have an input buffer drive an internal load.
Related violations: <none>

BUFC-1#12 Warning
Input Buffer Connections  
Input buffer i_iobufp[3]/IBUF (in i_iobufp[3] macro) has no loads. It is recommended to have an input buffer drive an internal load.
Related violations: <none>

BUFC-1#13 Warning
Input Buffer Connections  
Input buffer i_iobufp[4]/IBUF (in i_iobufp[4] macro) has no loads. It is recommended to have an input buffer drive an internal load.
Related violations: <none>

BUFC-1#14 Warning
Input Buffer Connections  
Input buffer i_iobufp[5]/IBUF (in i_iobufp[5] macro) has no loads. It is recommended to have an input buffer drive an internal load.
Related violations: <none>

BUFC-1#15 Warning
Input Buffer Connections  
Input buffer i_iobufp[6]/IBUF (in i_iobufp[6] macro) has no loads. It is recommended to have an input buffer drive an internal load.
Related violations: <none>

BUFC-1#16 Warning
Input Buffer Connections  
Input buffer i_iobufp[7]/IBUF (in i_iobufp[7] macro) has no loads. It is recommended to have an input buffer drive an internal load.
Related violations: <none>

DPIP-1#1 Warning
Input pipelining  
DSP Digital_Freq_Meter_inst/DDC1_inst/input_multiplier_I/U0/i_mult/gDSP.gDSP_only.iDSP/inferred_dsp.reg_mult.m_reg_reg input Digital_Freq_Meter_inst/DDC1_inst/input_multiplier_I/U0/i_mult/gDSP.gDSP_only.iDSP/inferred_dsp.reg_mult.m_reg_reg/A[29:0] is not pipelined. Pipelining DSP48 input will improve performance.
Related violations: <none>

DPIP-1#2 Warning
Input pipelining  
DSP Digital_Freq_Meter_inst/DDC1_inst/input_multiplier_I/U0/i_mult/gDSP.gDSP_only.iDSP/inferred_dsp.reg_mult.m_reg_reg input Digital_Freq_Meter_inst/DDC1_inst/input_multiplier_I/U0/i_mult/gDSP.gDSP_only.iDSP/inferred_dsp.reg_mult.m_reg_reg/B[17:0] is not pipelined. Pipelining DSP48 input will improve performance.
Related violations: <none>

DPIP-1#3 Warning
Input pipelining  
DSP Digital_Freq_Meter_inst/DDC1_inst/input_multiplier_Q/U0/i_mult/gDSP.gDSP_only.iDSP/inferred_dsp.reg_mult.m_reg_reg input Digital_Freq_Meter_inst/DDC1_inst/input_multiplier_Q/U0/i_mult/gDSP.gDSP_only.iDSP/inferred_dsp.reg_mult.m_reg_reg/A[29:0] is not pipelined. Pipelining DSP48 input will improve performance.
Related violations: <none>

DPIP-1#4 Warning
Input pipelining  
DSP Digital_Freq_Meter_inst/DDC1_inst/input_multiplier_Q/U0/i_mult/gDSP.gDSP_only.iDSP/inferred_dsp.reg_mult.m_reg_reg input Digital_Freq_Meter_inst/DDC1_inst/input_multiplier_Q/U0/i_mult/gDSP.gDSP_only.iDSP/inferred_dsp.reg_mult.m_reg_reg/B[17:0] is not pipelined. Pipelining DSP48 input will improve performance.
Related violations: <none>

DPIP-1#5 Warning
Input pipelining  
DSP Digital_Freq_Meter_inst/PLL0_loop_filters/IIR_LPF_inst/data_out_wide_reg input Digital_Freq_Meter_inst/PLL0_loop_filters/IIR_LPF_inst/data_out_wide_reg/B[17:0] is not pipelined. Pipelining DSP48 input will improve performance.
Related violations: <none>

DPIP-1#6 Warning
Input pipelining  
DSP dpll_wrapper_inst/VCO_inst0/ARG input dpll_wrapper_inst/VCO_inst0/ARG/A[29:0] is not pipelined. Pipelining DSP48 input will improve performance.
Related violations: <none>

DPIP-1#7 Warning
Input pipelining  
DSP dpll_wrapper_inst/VCO_inst0/ARG input dpll_wrapper_inst/VCO_inst0/ARG/B[17:0] is not pipelined. Pipelining DSP48 input will improve performance.
Related violations: <none>

DPIP-1#8 Warning
Input pipelining  
DSP dpll_wrapper_inst/apply_vco_max_product_r0 input dpll_wrapper_inst/apply_vco_max_product_r0/A[29:0] is not pipelined. Pipelining DSP48 input will improve performance.
Related violations: <none>

DPIP-1#9 Warning
Input pipelining  
DSP dpll_wrapper_inst/apply_vco_max_product_r0__0 input dpll_wrapper_inst/apply_vco_max_product_r0__0/B[17:0] is not pipelined. Pipelining DSP48 input will improve performance.
Related violations: <none>

DPIP-1#10 Warning
Input pipelining  
DSP dpll_wrapper_inst/apply_vco_max_product_r0__1 input dpll_wrapper_inst/apply_vco_max_product_r0__1/B[17:0] is not pipelined. Pipelining DSP48 input will improve performance.
Related violations: <none>

DPIP-1#11 Warning
Input pipelining  
DSP dpll_wrapper_inst/apply_vco_product_r0 input dpll_wrapper_inst/apply_vco_product_r0/A[29:0] is not pipelined. Pipelining DSP48 input will improve performance.
Related violations: <none>

DPIP-1#12 Warning
Input pipelining  
DSP dpll_wrapper_inst/apply_vco_product_r0__0 input dpll_wrapper_inst/apply_vco_product_r0__0/B[17:0] is not pipelined. Pipelining DSP48 input will improve performance.
Related violations: <none>

DPIP-1#13 Warning
Input pipelining  
DSP dpll_wrapper_inst/apply_vco_product_r0__1 input dpll_wrapper_inst/apply_vco_product_r0__1/B[17:0] is not pipelined. Pipelining DSP48 input will improve performance.
Related violations: <none>

DPIP-1#14 Warning
Input pipelining  
DSP dpll_wrapper_inst/shadow_measurement_min input dpll_wrapper_inst/shadow_measurement_min/A[29:0] is not pipelined. Pipelining DSP48 input will improve performance.
Related violations: <none>

DPOP-1#1 Warning
PREG Output pipelining  
DSP dpll_wrapper_inst/apply_vco_max_product_r0__0 output dpll_wrapper_inst/apply_vco_max_product_r0__0/P[47:0] is not pipelined (PREG=0). Pipelining the DSP48 output will improve performance and often saves power so it is suggested whenever possible to fully pipeline this function.  If this DSP48 function was inferred, it is suggested to describe an additional register stage after this function.  If the DSP48 was instantiated in the design, it is suggested to set the PREG attribute to 1.
Related violations: <none>

DPOP-1#2 Warning
PREG Output pipelining  
DSP dpll_wrapper_inst/apply_vco_product_r0__0 output dpll_wrapper_inst/apply_vco_product_r0__0/P[47:0] is not pipelined (PREG=0). Pipelining the DSP48 output will improve performance and often saves power so it is suggested whenever possible to fully pipeline this function.  If this DSP48 function was inferred, it is suggested to describe an additional register stage after this function.  If the DSP48 was instantiated in the design, it is suggested to set the PREG attribute to 1.
Related violations: <none>

DPOP-1#3 Warning
PREG Output pipelining  
DSP dpll_wrapper_inst/debug_dac_formatter_inst/product_r30 output dpll_wrapper_inst/debug_dac_formatter_inst/product_r30/P[47:0] is not pipelined (PREG=0). Pipelining the DSP48 output will improve performance and often saves power so it is suggested whenever possible to fully pipeline this function.  If this DSP48 function was inferred, it is suggested to describe an additional register stage after this function.  If the DSP48 was instantiated in the design, it is suggested to set the PREG attribute to 1.
Related violations: <none>

DPOP-1#4 Warning
PREG Output pipelining  
DSP dpll_wrapper_inst/dpll_single_clock_core_stage_a_inst/hybrid_loop_inst/fll_product_next output dpll_wrapper_inst/dpll_single_clock_core_stage_a_inst/hybrid_loop_inst/fll_product_next/P[47:0] is not pipelined (PREG=0). Pipelining the DSP48 output will improve performance and often saves power so it is suggested whenever possible to fully pipeline this function.  If this DSP48 function was inferred, it is suggested to describe an additional register stage after this function.  If the DSP48 was instantiated in the design, it is suggested to set the PREG attribute to 1.
Related violations: <none>

DPOP-1#5 Warning
PREG Output pipelining  
DSP dpll_wrapper_inst/shadow_measurement_min output dpll_wrapper_inst/shadow_measurement_min/P[47:0] is not pipelined (PREG=0). Pipelining the DSP48 output will improve performance and often saves power so it is suggested whenever possible to fully pipeline this function.  If this DSP48 function was inferred, it is suggested to describe an additional register stage after this function.  If the DSP48 was instantiated in the design, it is suggested to set the PREG attribute to 1.
Related violations: <none>

DPOP-2#1 Warning
MREG Output pipelining  
DSP Digital_Freq_Meter_inst/DDC1_inst/input_multiplier_I/U0/i_mult/gDSP.gDSP_only.iDSP/inferred_dsp.reg_mult.m_reg_reg multiplier stage Digital_Freq_Meter_inst/DDC1_inst/input_multiplier_I/U0/i_mult/gDSP.gDSP_only.iDSP/inferred_dsp.reg_mult.m_reg_reg/P[47:0] is not pipelined (MREG=0). Pipelining the multiplier function will improve performance and will save significant power so it is suggested whenever possible to fully pipeline this function.  If this multiplier was inferred, it is suggested to describe an additional register stage after this function.  If there is no registered adder/accumulator following the multiply function, two pipeline stages are suggested to allow both the MREG and PREG registers to be used.  If the DSP48 was instantiated in the design, it is suggested to set both the MREG and PREG attributes to 1 when performing multiply functions.
Related violations: <none>

DPOP-2#2 Warning
MREG Output pipelining  
DSP Digital_Freq_Meter_inst/DDC1_inst/input_multiplier_Q/U0/i_mult/gDSP.gDSP_only.iDSP/inferred_dsp.reg_mult.m_reg_reg multiplier stage Digital_Freq_Meter_inst/DDC1_inst/input_multiplier_Q/U0/i_mult/gDSP.gDSP_only.iDSP/inferred_dsp.reg_mult.m_reg_reg/P[47:0] is not pipelined (MREG=0). Pipelining the multiplier function will improve performance and will save significant power so it is suggested whenever possible to fully pipeline this function.  If this multiplier was inferred, it is suggested to describe an additional register stage after this function.  If there is no registered adder/accumulator following the multiply function, two pipeline stages are suggested to allow both the MREG and PREG registers to be used.  If the DSP48 was instantiated in the design, it is suggested to set both the MREG and PREG attributes to 1 when performing multiply functions.
Related violations: <none>

DPOP-2#3 Warning
MREG Output pipelining  
DSP Digital_Freq_Meter_inst/PLL0_loop_filters/IIR_LPF_inst/data_out_wide_reg multiplier stage Digital_Freq_Meter_inst/PLL0_loop_filters/IIR_LPF_inst/data_out_wide_reg/P[47:0] is not pipelined (MREG=0). Pipelining the multiplier function will improve performance and will save significant power so it is suggested whenever possible to fully pipeline this function.  If this multiplier was inferred, it is suggested to describe an additional register stage after this function.  If there is no registered adder/accumulator following the multiply function, two pipeline stages are suggested to allow both the MREG and PREG registers to be used.  If the DSP48 was instantiated in the design, it is suggested to set both the MREG and PREG attributes to 1 when performing multiply functions.
Related violations: <none>

DPOP-2#4 Warning
MREG Output pipelining  
DSP dpll_wrapper_inst/apply_vco_max_product_r0 multiplier stage dpll_wrapper_inst/apply_vco_max_product_r0/P[47:0] is not pipelined (MREG=0). Pipelining the multiplier function will improve performance and will save significant power so it is suggested whenever possible to fully pipeline this function.  If this multiplier was inferred, it is suggested to describe an additional register stage after this function.  If there is no registered adder/accumulator following the multiply function, two pipeline stages are suggested to allow both the MREG and PREG registers to be used.  If the DSP48 was instantiated in the design, it is suggested to set both the MREG and PREG attributes to 1 when performing multiply functions.
Related violations: <none>

DPOP-2#5 Warning
MREG Output pipelining  
DSP dpll_wrapper_inst/apply_vco_max_product_r0__0 multiplier stage dpll_wrapper_inst/apply_vco_max_product_r0__0/P[47:0] is not pipelined (MREG=0). Pipelining the multiplier function will improve performance and will save significant power so it is suggested whenever possible to fully pipeline this function.  If this multiplier was inferred, it is suggested to describe an additional register stage after this function.  If there is no registered adder/accumulator following the multiply function, two pipeline stages are suggested to allow both the MREG and PREG registers to be used.  If the DSP48 was instantiated in the design, it is suggested to set both the MREG and PREG attributes to 1 when performing multiply functions.
Related violations: <none>

DPOP-2#6 Warning
MREG Output pipelining  
DSP dpll_wrapper_inst/apply_vco_max_product_r0__1 multiplier stage dpll_wrapper_inst/apply_vco_max_product_r0__1/P[47:0] is not pipelined (MREG=0). Pipelining the multiplier function will improve performance and will save significant power so it is suggested whenever possible to fully pipeline this function.  If this multiplier was inferred, it is suggested to describe an additional register stage after this function.  If there is no registered adder/accumulator following the multiply function, two pipeline stages are suggested to allow both the MREG and PREG registers to be used.  If the DSP48 was instantiated in the design, it is suggested to set both the MREG and PREG attributes to 1 when performing multiply functions.
Related violations: <none>

DPOP-2#7 Warning
MREG Output pipelining  
DSP dpll_wrapper_inst/apply_vco_product_r0 multiplier stage dpll_wrapper_inst/apply_vco_product_r0/P[47:0] is not pipelined (MREG=0). Pipelining the multiplier function will improve performance and will save significant power so it is suggested whenever possible to fully pipeline this function.  If this multiplier was inferred, it is suggested to describe an additional register stage after this function.  If there is no registered adder/accumulator following the multiply function, two pipeline stages are suggested to allow both the MREG and PREG registers to be used.  If the DSP48 was instantiated in the design, it is suggested to set both the MREG and PREG attributes to 1 when performing multiply functions.
Related violations: <none>

DPOP-2#8 Warning
MREG Output pipelining  
DSP dpll_wrapper_inst/apply_vco_product_r0__0 multiplier stage dpll_wrapper_inst/apply_vco_product_r0__0/P[47:0] is not pipelined (MREG=0). Pipelining the multiplier function will improve performance and will save significant power so it is suggested whenever possible to fully pipeline this function.  If this multiplier was inferred, it is suggested to describe an additional register stage after this function.  If there is no registered adder/accumulator following the multiply function, two pipeline stages are suggested to allow both the MREG and PREG registers to be used.  If the DSP48 was instantiated in the design, it is suggested to set both the MREG and PREG attributes to 1 when performing multiply functions.
Related violations: <none>

DPOP-2#9 Warning
MREG Output pipelining  
DSP dpll_wrapper_inst/apply_vco_product_r0__1 multiplier stage dpll_wrapper_inst/apply_vco_product_r0__1/P[47:0] is not pipelined (MREG=0). Pipelining the multiplier function will improve performance and will save significant power so it is suggested whenever possible to fully pipeline this function.  If this multiplier was inferred, it is suggested to describe an additional register stage after this function.  If there is no registered adder/accumulator following the multiply function, two pipeline stages are suggested to allow both the MREG and PREG registers to be used.  If the DSP48 was instantiated in the design, it is suggested to set both the MREG and PREG attributes to 1 when performing multiply functions.
Related violations: <none>

DPOP-2#10 Warning
MREG Output pipelining  
DSP dpll_wrapper_inst/debug_dac_formatter_inst/product_r30 multiplier stage dpll_wrapper_inst/debug_dac_formatter_inst/product_r30/P[47:0] is not pipelined (MREG=0). Pipelining the multiplier function will improve performance and will save significant power so it is suggested whenever possible to fully pipeline this function.  If this multiplier was inferred, it is suggested to describe an additional register stage after this function.  If there is no registered adder/accumulator following the multiply function, two pipeline stages are suggested to allow both the MREG and PREG registers to be used.  If the DSP48 was instantiated in the design, it is suggested to set both the MREG and PREG attributes to 1 when performing multiply functions.
Related violations: <none>

DPOP-2#11 Warning
MREG Output pipelining  
DSP dpll_wrapper_inst/debug_dac_formatter_inst/product_r3_reg__0 multiplier stage dpll_wrapper_inst/debug_dac_formatter_inst/product_r3_reg__0/P[47:0] is not pipelined (MREG=0). Pipelining the multiplier function will improve performance and will save significant power so it is suggested whenever possible to fully pipeline this function.  If this multiplier was inferred, it is suggested to describe an additional register stage after this function.  If there is no registered adder/accumulator following the multiply function, two pipeline stages are suggested to allow both the MREG and PREG registers to be used.  If the DSP48 was instantiated in the design, it is suggested to set both the MREG and PREG attributes to 1 when performing multiply functions.
Related violations: <none>

DPOP-2#12 Warning
MREG Output pipelining  
DSP dpll_wrapper_inst/dpll_single_clock_core_stage_a_inst/hybrid_loop_inst/fll_product_next multiplier stage dpll_wrapper_inst/dpll_single_clock_core_stage_a_inst/hybrid_loop_inst/fll_product_next/P[47:0] is not pipelined (MREG=0). Pipelining the multiplier function will improve performance and will save significant power so it is suggested whenever possible to fully pipeline this function.  If this multiplier was inferred, it is suggested to describe an additional register stage after this function.  If there is no registered adder/accumulator following the multiply function, two pipeline stages are suggested to allow both the MREG and PREG registers to be used.  If the DSP48 was instantiated in the design, it is suggested to set both the MREG and PREG attributes to 1 when performing multiply functions.
Related violations: <none>

DPOP-2#13 Warning
MREG Output pipelining  
DSP dpll_wrapper_inst/shadow_measurement_min multiplier stage dpll_wrapper_inst/shadow_measurement_min/P[47:0] is not pipelined (MREG=0). Pipelining the multiplier function will improve performance and will save significant power so it is suggested whenever possible to fully pipeline this function.  If this multiplier was inferred, it is suggested to describe an additional register stage after this function.  If there is no registered adder/accumulator following the multiply function, two pipeline stages are suggested to allow both the MREG and PREG registers to be used.  If the DSP48 was instantiated in the design, it is suggested to set both the MREG and PREG attributes to 1 when performing multiply functions.
Related violations: <none>

DPOR-1#1 Warning
Asynchronous load check  
DSP dpll_wrapper_inst/apply_vco_max_product_r0__0 output is connected to registers with an asynchronous reset (dpll_wrapper_inst/apply_vco_max_product_r_reg[0]__0). This is preventing the possibility of merging these registers in to the DSP Block since the DSP block registers only possess synchronous reset capability.  It is suggested to recode or change these registers to remove the reset or use a synchronous reset to get the best optimization for performance, power and area.
Related violations: <none>

DPOR-1#2 Warning
Asynchronous load check  
DSP dpll_wrapper_inst/apply_vco_max_product_r0__0 output is connected to registers with an asynchronous reset (dpll_wrapper_inst/apply_vco_max_product_r_reg[10]__0). This is preventing the possibility of merging these registers in to the DSP Block since the DSP block registers only possess synchronous reset capability.  It is suggested to recode or change these registers to remove the reset or use a synchronous reset to get the best optimization for performance, power and area.
Related violations: <none>

DPOR-1#3 Warning
Asynchronous load check  
DSP dpll_wrapper_inst/apply_vco_max_product_r0__0 output is connected to registers with an asynchronous reset (dpll_wrapper_inst/apply_vco_max_product_r_reg[11]__0). This is preventing the possibility of merging these registers in to the DSP Block since the DSP block registers only possess synchronous reset capability.  It is suggested to recode or change these registers to remove the reset or use a synchronous reset to get the best optimization for performance, power and area.
Related violations: <none>

DPOR-1#4 Warning
Asynchronous load check  
DSP dpll_wrapper_inst/apply_vco_max_product_r0__0 output is connected to registers with an asynchronous reset (dpll_wrapper_inst/apply_vco_max_product_r_reg[12]__0). This is preventing the possibility of merging these registers in to the DSP Block since the DSP block registers only possess synchronous reset capability.  It is suggested to recode or change these registers to remove the reset or use a synchronous reset to get the best optimization for performance, power and area.
Related violations: <none>

DPOR-1#5 Warning
Asynchronous load check  
DSP dpll_wrapper_inst/apply_vco_max_product_r0__0 output is connected to registers with an asynchronous reset (dpll_wrapper_inst/apply_vco_max_product_r_reg[13]__0). This is preventing the possibility of merging these registers in to the DSP Block since the DSP block registers only possess synchronous reset capability.  It is suggested to recode or change these registers to remove the reset or use a synchronous reset to get the best optimization for performance, power and area.
Related violations: <none>

DPOR-1#6 Warning
Asynchronous load check  
DSP dpll_wrapper_inst/apply_vco_max_product_r0__0 output is connected to registers with an asynchronous reset (dpll_wrapper_inst/apply_vco_max_product_r_reg[14]__0). This is preventing the possibility of merging these registers in to the DSP Block since the DSP block registers only possess synchronous reset capability.  It is suggested to recode or change these registers to remove the reset or use a synchronous reset to get the best optimization for performance, power and area.
Related violations: <none>

DPOR-1#7 Warning
Asynchronous load check  
DSP dpll_wrapper_inst/apply_vco_max_product_r0__0 output is connected to registers with an asynchronous reset (dpll_wrapper_inst/apply_vco_max_product_r_reg[15]__0). This is preventing the possibility of merging these registers in to the DSP Block since the DSP block registers only possess synchronous reset capability.  It is suggested to recode or change these registers to remove the reset or use a synchronous reset to get the best optimization for performance, power and area.
Related violations: <none>

DPOR-1#8 Warning
Asynchronous load check  
DSP dpll_wrapper_inst/apply_vco_max_product_r0__0 output is connected to registers with an asynchronous reset (dpll_wrapper_inst/apply_vco_max_product_r_reg[16]__0). This is preventing the possibility of merging these registers in to the DSP Block since the DSP block registers only possess synchronous reset capability.  It is suggested to recode or change these registers to remove the reset or use a synchronous reset to get the best optimization for performance, power and area.
Related violations: <none>

DPOR-1#9 Warning
Asynchronous load check  
DSP dpll_wrapper_inst/apply_vco_max_product_r0__0 output is connected to registers with an asynchronous reset (dpll_wrapper_inst/apply_vco_max_product_r_reg[1]__0). This is preventing the possibility of merging these registers in to the DSP Block since the DSP block registers only possess synchronous reset capability.  It is suggested to recode or change these registers to remove the reset or use a synchronous reset to get the best optimization for performance, power and area.
Related violations: <none>

DPOR-1#10 Warning
Asynchronous load check  
DSP dpll_wrapper_inst/apply_vco_max_product_r0__0 output is connected to registers with an asynchronous reset (dpll_wrapper_inst/apply_vco_max_product_r_reg[2]__0). This is preventing the possibility of merging these registers in to the DSP Block since the DSP block registers only possess synchronous reset capability.  It is suggested to recode or change these registers to remove the reset or use a synchronous reset to get the best optimization for performance, power and area.
Related violations: <none>

DPOR-1#11 Warning
Asynchronous load check  
DSP dpll_wrapper_inst/apply_vco_max_product_r0__0 output is connected to registers with an asynchronous reset (dpll_wrapper_inst/apply_vco_max_product_r_reg[3]__0). This is preventing the possibility of merging these registers in to the DSP Block since the DSP block registers only possess synchronous reset capability.  It is suggested to recode or change these registers to remove the reset or use a synchronous reset to get the best optimization for performance, power and area.
Related violations: <none>

DPOR-1#12 Warning
Asynchronous load check  
DSP dpll_wrapper_inst/apply_vco_max_product_r0__0 output is connected to registers with an asynchronous reset (dpll_wrapper_inst/apply_vco_max_product_r_reg[4]__0). This is preventing the possibility of merging these registers in to the DSP Block since the DSP block registers only possess synchronous reset capability.  It is suggested to recode or change these registers to remove the reset or use a synchronous reset to get the best optimization for performance, power and area.
Related violations: <none>

DPOR-1#13 Warning
Asynchronous load check  
DSP dpll_wrapper_inst/apply_vco_max_product_r0__0 output is connected to registers with an asynchronous reset (dpll_wrapper_inst/apply_vco_max_product_r_reg[5]__0). This is preventing the possibility of merging these registers in to the DSP Block since the DSP block registers only possess synchronous reset capability.  It is suggested to recode or change these registers to remove the reset or use a synchronous reset to get the best optimization for performance, power and area.
Related violations: <none>

DPOR-1#14 Warning
Asynchronous load check  
DSP dpll_wrapper_inst/apply_vco_max_product_r0__0 output is connected to registers with an asynchronous reset (dpll_wrapper_inst/apply_vco_max_product_r_reg[6]__0). This is preventing the possibility of merging these registers in to the DSP Block since the DSP block registers only possess synchronous reset capability.  It is suggested to recode or change these registers to remove the reset or use a synchronous reset to get the best optimization for performance, power and area.
Related violations: <none>

DPOR-1#15 Warning
Asynchronous load check  
DSP dpll_wrapper_inst/apply_vco_max_product_r0__0 output is connected to registers with an asynchronous reset (dpll_wrapper_inst/apply_vco_max_product_r_reg[7]__0). This is preventing the possibility of merging these registers in to the DSP Block since the DSP block registers only possess synchronous reset capability.  It is suggested to recode or change these registers to remove the reset or use a synchronous reset to get the best optimization for performance, power and area.
Related violations: <none>

DPOR-1#16 Warning
Asynchronous load check  
DSP dpll_wrapper_inst/apply_vco_max_product_r0__0 output is connected to registers with an asynchronous reset (dpll_wrapper_inst/apply_vco_max_product_r_reg[8]__0). This is preventing the possibility of merging these registers in to the DSP Block since the DSP block registers only possess synchronous reset capability.  It is suggested to recode or change these registers to remove the reset or use a synchronous reset to get the best optimization for performance, power and area.
Related violations: <none>

DPOR-1#17 Warning
Asynchronous load check  
DSP dpll_wrapper_inst/apply_vco_max_product_r0__0 output is connected to registers with an asynchronous reset (dpll_wrapper_inst/apply_vco_max_product_r_reg[9]__0). This is preventing the possibility of merging these registers in to the DSP Block since the DSP block registers only possess synchronous reset capability.  It is suggested to recode or change these registers to remove the reset or use a synchronous reset to get the best optimization for performance, power and area.
Related violations: <none>

DPOR-1#18 Warning
Asynchronous load check  
DSP dpll_wrapper_inst/apply_vco_product_r0__0 output is connected to registers with an asynchronous reset (dpll_wrapper_inst/apply_vco_product_r_reg[0]__0). This is preventing the possibility of merging these registers in to the DSP Block since the DSP block registers only possess synchronous reset capability.  It is suggested to recode or change these registers to remove the reset or use a synchronous reset to get the best optimization for performance, power and area.
Related violations: <none>

DPOR-1#19 Warning
Asynchronous load check  
DSP dpll_wrapper_inst/apply_vco_product_r0__0 output is connected to registers with an asynchronous reset (dpll_wrapper_inst/apply_vco_product_r_reg[10]__0). This is preventing the possibility of merging these registers in to the DSP Block since the DSP block registers only possess synchronous reset capability.  It is suggested to recode or change these registers to remove the reset or use a synchronous reset to get the best optimization for performance, power and area.
Related violations: <none>

DPOR-1#20 Warning
Asynchronous load check  
DSP dpll_wrapper_inst/apply_vco_product_r0__0 output is connected to registers with an asynchronous reset (dpll_wrapper_inst/apply_vco_product_r_reg[11]__0). This is preventing the possibility of merging these registers in to the DSP Block since the DSP block registers only possess synchronous reset capability.  It is suggested to recode or change these registers to remove the reset or use a synchronous reset to get the best optimization for performance, power and area.
Related violations: <none>

DPOR-1#21 Warning
Asynchronous load check  
DSP dpll_wrapper_inst/apply_vco_product_r0__0 output is connected to registers with an asynchronous reset (dpll_wrapper_inst/apply_vco_product_r_reg[12]__0). This is preventing the possibility of merging these registers in to the DSP Block since the DSP block registers only possess synchronous reset capability.  It is suggested to recode or change these registers to remove the reset or use a synchronous reset to get the best optimization for performance, power and area.
Related violations: <none>

DPOR-1#22 Warning
Asynchronous load check  
DSP dpll_wrapper_inst/apply_vco_product_r0__0 output is connected to registers with an asynchronous reset (dpll_wrapper_inst/apply_vco_product_r_reg[13]__0). This is preventing the possibility of merging these registers in to the DSP Block since the DSP block registers only possess synchronous reset capability.  It is suggested to recode or change these registers to remove the reset or use a synchronous reset to get the best optimization for performance, power and area.
Related violations: <none>

DPOR-1#23 Warning
Asynchronous load check  
DSP dpll_wrapper_inst/apply_vco_product_r0__0 output is connected to registers with an asynchronous reset (dpll_wrapper_inst/apply_vco_product_r_reg[14]__0). This is preventing the possibility of merging these registers in to the DSP Block since the DSP block registers only possess synchronous reset capability.  It is suggested to recode or change these registers to remove the reset or use a synchronous reset to get the best optimization for performance, power and area.
Related violations: <none>

DPOR-1#24 Warning
Asynchronous load check  
DSP dpll_wrapper_inst/apply_vco_product_r0__0 output is connected to registers with an asynchronous reset (dpll_wrapper_inst/apply_vco_product_r_reg[15]__0). This is preventing the possibility of merging these registers in to the DSP Block since the DSP block registers only possess synchronous reset capability.  It is suggested to recode or change these registers to remove the reset or use a synchronous reset to get the best optimization for performance, power and area.
Related violations: <none>

DPOR-1#25 Warning
Asynchronous load check  
DSP dpll_wrapper_inst/apply_vco_product_r0__0 output is connected to registers with an asynchronous reset (dpll_wrapper_inst/apply_vco_product_r_reg[16]__0). This is preventing the possibility of merging these registers in to the DSP Block since the DSP block registers only possess synchronous reset capability.  It is suggested to recode or change these registers to remove the reset or use a synchronous reset to get the best optimization for performance, power and area.
Related violations: <none>

DPOR-1#26 Warning
Asynchronous load check  
DSP dpll_wrapper_inst/apply_vco_product_r0__0 output is connected to registers with an asynchronous reset (dpll_wrapper_inst/apply_vco_product_r_reg[1]__0). This is preventing the possibility of merging these registers in to the DSP Block since the DSP block registers only possess synchronous reset capability.  It is suggested to recode or change these registers to remove the reset or use a synchronous reset to get the best optimization for performance, power and area.
Related violations: <none>

DPOR-1#27 Warning
Asynchronous load check  
DSP dpll_wrapper_inst/apply_vco_product_r0__0 output is connected to registers with an asynchronous reset (dpll_wrapper_inst/apply_vco_product_r_reg[2]__0). This is preventing the possibility of merging these registers in to the DSP Block since the DSP block registers only possess synchronous reset capability.  It is suggested to recode or change these registers to remove the reset or use a synchronous reset to get the best optimization for performance, power and area.
Related violations: <none>

DPOR-1#28 Warning
Asynchronous load check  
DSP dpll_wrapper_inst/apply_vco_product_r0__0 output is connected to registers with an asynchronous reset (dpll_wrapper_inst/apply_vco_product_r_reg[3]__0). This is preventing the possibility of merging these registers in to the DSP Block since the DSP block registers only possess synchronous reset capability.  It is suggested to recode or change these registers to remove the reset or use a synchronous reset to get the best optimization for performance, power and area.
Related violations: <none>

DPOR-1#29 Warning
Asynchronous load check  
DSP dpll_wrapper_inst/apply_vco_product_r0__0 output is connected to registers with an asynchronous reset (dpll_wrapper_inst/apply_vco_product_r_reg[4]__0). This is preventing the possibility of merging these registers in to the DSP Block since the DSP block registers only possess synchronous reset capability.  It is suggested to recode or change these registers to remove the reset or use a synchronous reset to get the best optimization for performance, power and area.
Related violations: <none>

DPOR-1#30 Warning
Asynchronous load check  
DSP dpll_wrapper_inst/apply_vco_product_r0__0 output is connected to registers with an asynchronous reset (dpll_wrapper_inst/apply_vco_product_r_reg[5]__0). This is preventing the possibility of merging these registers in to the DSP Block since the DSP block registers only possess synchronous reset capability.  It is suggested to recode or change these registers to remove the reset or use a synchronous reset to get the best optimization for performance, power and area.
Related violations: <none>

DPOR-1#31 Warning
Asynchronous load check  
DSP dpll_wrapper_inst/apply_vco_product_r0__0 output is connected to registers with an asynchronous reset (dpll_wrapper_inst/apply_vco_product_r_reg[6]__0). This is preventing the possibility of merging these registers in to the DSP Block since the DSP block registers only possess synchronous reset capability.  It is suggested to recode or change these registers to remove the reset or use a synchronous reset to get the best optimization for performance, power and area.
Related violations: <none>

DPOR-1#32 Warning
Asynchronous load check  
DSP dpll_wrapper_inst/apply_vco_product_r0__0 output is connected to registers with an asynchronous reset (dpll_wrapper_inst/apply_vco_product_r_reg[7]__0). This is preventing the possibility of merging these registers in to the DSP Block since the DSP block registers only possess synchronous reset capability.  It is suggested to recode or change these registers to remove the reset or use a synchronous reset to get the best optimization for performance, power and area.
Related violations: <none>

DPOR-1#33 Warning
Asynchronous load check  
DSP dpll_wrapper_inst/apply_vco_product_r0__0 output is connected to registers with an asynchronous reset (dpll_wrapper_inst/apply_vco_product_r_reg[8]__0). This is preventing the possibility of merging these registers in to the DSP Block since the DSP block registers only possess synchronous reset capability.  It is suggested to recode or change these registers to remove the reset or use a synchronous reset to get the best optimization for performance, power and area.
Related violations: <none>

DPOR-1#34 Warning
Asynchronous load check  
DSP dpll_wrapper_inst/apply_vco_product_r0__0 output is connected to registers with an asynchronous reset (dpll_wrapper_inst/apply_vco_product_r_reg[9]__0). This is preventing the possibility of merging these registers in to the DSP Block since the DSP block registers only possess synchronous reset capability.  It is suggested to recode or change these registers to remove the reset or use a synchronous reset to get the best optimization for performance, power and area.
Related violations: <none>

AVAL-4#1 Advisory
enum_USE_DPORT_FALSE_enum_DREG_ADREG_0_connects_CED_CEAD_RSTD_GND  
Digital_Freq_Meter_inst/DDC1_inst/LO_DDS_inst/U0/i_synth/i_dds/I_PHASEGEN.i_conventional_accum.i_accum/i_dsp48.i_struct.i_single_channel.I_DSP/I_VX5_6.I_DSP: DSP48E1 is not using the D port (USE_DPORT = FALSE). For improved power characteristics, set DREG and ADREG to '1', tie CED, CEAD, and RSTD to logic '0'.
Related violations: <none>

AVAL-4#2 Advisory
enum_USE_DPORT_FALSE_enum_DREG_ADREG_0_connects_CED_CEAD_RSTD_GND  
dpll_wrapper_inst/VCO_inst0/DAC_DDS0_inst/U0/i_synth/i_dds/I_PHASEGEN.i_conventional_accum.i_accum/i_dsp48.i_struct.i_single_channel.I_DSP/I_VX5_6.I_DSP: DSP48E1 is not using the D port (USE_DPORT = FALSE). For improved power characteristics, set DREG and ADREG to '1', tie CED, CEAD, and RSTD to logic '0'.
Related violations: <none>

AVAL-4#3 Advisory
enum_USE_DPORT_FALSE_enum_DREG_ADREG_0_connects_CED_CEAD_RSTD_GND  
dpll_wrapper_inst/dpll_single_clock_core_stage_a_inst/tracking_lo_dds_inst/U0/i_synth/i_dds/I_PHASEGEN.i_conventional_accum.i_accum/i_dsp48.i_struct.i_single_channel.I_DSP/I_VX5_6.I_DSP: DSP48E1 is not using the D port (USE_DPORT = FALSE). For improved power characteristics, set DREG and ADREG to '1', tie CED, CEAD, and RSTD to logic '0'.
Related violations: <none>

AVAL-5#1 Advisory
enum_USE_MULT_NONE_enum_DREG_ADREG_0_connects_CED_CEAD_RSTD_GND  
Digital_Freq_Meter_inst/DDC1_inst/LO_DDS_inst/U0/i_synth/i_dds/I_PHASEGEN.i_conventional_accum.i_accum/i_dsp48.i_struct.i_single_channel.I_DSP/I_VX5_6.I_DSP: DSP48E1 is not using the Multiplier (USE_MULT = NONE). For improved power characteristics, set DREG and ADREG to '1', tie CED, CEAD, and RSTD to logic '0'.
Related violations: <none>

AVAL-5#2 Advisory
enum_USE_MULT_NONE_enum_DREG_ADREG_0_connects_CED_CEAD_RSTD_GND  
dpll_wrapper_inst/VCO_inst0/DAC_DDS0_inst/U0/i_synth/i_dds/I_PHASEGEN.i_conventional_accum.i_accum/i_dsp48.i_struct.i_single_channel.I_DSP/I_VX5_6.I_DSP: DSP48E1 is not using the Multiplier (USE_MULT = NONE). For improved power characteristics, set DREG and ADREG to '1', tie CED, CEAD, and RSTD to logic '0'.
Related violations: <none>

AVAL-5#3 Advisory
enum_USE_MULT_NONE_enum_DREG_ADREG_0_connects_CED_CEAD_RSTD_GND  
dpll_wrapper_inst/dpll_single_clock_core_stage_a_inst/tracking_lo_dds_inst/U0/i_synth/i_dds/I_PHASEGEN.i_conventional_accum.i_accum/i_dsp48.i_struct.i_single_channel.I_DSP/I_VX5_6.I_DSP: DSP48E1 is not using the Multiplier (USE_MULT = NONE). For improved power characteristics, set DREG and ADREG to '1', tie CED, CEAD, and RSTD to logic '0'.
Related violations: <none>

REQP-28#1 Advisory
enum_USE_MULT_NONE_connects_CEM_GND  
Digital_Freq_Meter_inst/DDC1_inst/ddc_frontend_lowpass_filter_inst_I/N_times_clk_FIR_wrapper_H_inst/fir_compiler_minimumphase_N_times_clk_inst/U0/i_synth/g_single_rate.i_single_rate/g_semi_parallel_and_smac.g_paths[0].g_madd_array_and_accum.g_accum.i_accum/i_add_accum/g_dsp48.g_dsp48e1.i_dsp48e1: When the DSP48E1 USE_MULT attribute is set to NONE, the CEM input pin should be tied to GND to save power.
Related violations: <none>

REQP-28#2 Advisory
enum_USE_MULT_NONE_connects_CEM_GND  
Digital_Freq_Meter_inst/DDC1_inst/ddc_frontend_lowpass_filter_inst_Q/N_times_clk_FIR_wrapper_H_inst/fir_compiler_minimumphase_N_times_clk_inst/U0/i_synth/g_single_rate.i_single_rate/g_semi_parallel_and_smac.g_paths[0].g_madd_array_and_accum.g_accum.i_accum/i_add_accum/g_dsp48.g_dsp48e1.i_dsp48e1: When the DSP48E1 USE_MULT attribute is set to NONE, the CEM input pin should be tied to GND to save power.
Related violations: <none>

REQP-30#1 Advisory
enum_MREG_0_connects_CEM_GND  
Digital_Freq_Meter_inst/DDC1_inst/ddc_frontend_lowpass_filter_inst_I/N_times_clk_FIR_wrapper_H_inst/fir_compiler_minimumphase_N_times_clk_inst/U0/i_synth/g_single_rate.i_single_rate/g_semi_parallel_and_smac.g_paths[0].g_madd_array_and_accum.g_accum.i_accum/i_add_accum/g_dsp48.g_dsp48e1.i_dsp48e1: When the DSP48E1 MREG attribute is set to 0, the CEM input pin should be tied to GND to save power.
Related violations: <none>

REQP-30#2 Advisory
enum_MREG_0_connects_CEM_GND  
Digital_Freq_Meter_inst/DDC1_inst/ddc_frontend_lowpass_filter_inst_Q/N_times_clk_FIR_wrapper_H_inst/fir_compiler_minimumphase_N_times_clk_inst/U0/i_synth/g_single_rate.i_single_rate/g_semi_parallel_and_smac.g_paths[0].g_madd_array_and_accum.g_accum.i_accum/i_add_accum/g_dsp48.g_dsp48e1.i_dsp48e1: When the DSP48E1 MREG attribute is set to 0, the CEM input pin should be tied to GND to save power.
Related violations: <none>


