Copyright 1986-2018 Xilinx, Inc. All Rights Reserved.
----------------------------------------------------------------------------------------------------------------------------------------------------------------
| Tool Version     : Vivado v.2018.3 (win64) Build 2405991 Thu Dec  6 23:38:27 MST 2018
| Date             : Mon Jul 20 19:10:10 2026
| Host             : DESKTOP-MRF396F running 64-bit major release  (build 9200)
| Command          : report_power -file red_pitaya_top_power_routed.rpt -pb red_pitaya_top_power_summary_routed.pb -rpx red_pitaya_top_power_routed.rpx
| Design           : red_pitaya_top
| Device           : xc7z010clg400-1
| Design State     : routed
| Grade            : commercial
| Process          : typical
| Characterization : Production
----------------------------------------------------------------------------------------------------------------------------------------------------------------

Power Report

Table of Contents
-----------------
1. Summary
1.1 On-Chip Components
1.2 Power Supply Summary
1.3 Confidence Level
2. Settings
2.1 Environment
2.2 Clock Constraints
3. Detailed Reports
3.1 By Hierarchy

1. Summary
----------

+--------------------------+--------------+
| Total On-Chip Power (W)  | 2.199        |
| Design Power Budget (W)  | Unspecified* |
| Power Budget Margin (W)  | NA           |
| Dynamic (W)              | 2.058        |
| Device Static (W)        | 0.141        |
| Effective TJA (C/W)      | 11.5         |
| Max Ambient (C)          | 59.6         |
| Junction Temperature (C) | 50.4         |
| Confidence Level         | Low          |
| Setting File             | ---          |
| Simulation Activity File | ---          |
| Design Nets Matched      | NA           |
+--------------------------+--------------+
* Specify Design Power Budget using, set_operating_conditions -design_power_budget <value in Watts>


1.1 On-Chip Components
----------------------

+-------------------------+-----------+----------+-----------+-----------------+
| On-Chip                 | Power (W) | Used     | Available | Utilization (%) |
+-------------------------+-----------+----------+-----------+-----------------+
| Clocks                  |     0.058 |       17 |       --- |             --- |
| Slice Logic             |     0.066 |    37391 |       --- |             --- |
|   LUT as Logic          |     0.052 |    12137 |     17600 |           68.96 |
|   CARRY4                |     0.008 |     1590 |      4400 |           36.14 |
|   Register              |     0.006 |    19015 |     35200 |           54.02 |
|   LUT as Shift Register |     0.001 |      297 |      6000 |            4.95 |
|   F7/F8 Muxes           |    <0.001 |       24 |     17600 |            0.14 |
|   BUFG                  |    <0.001 |        2 |        32 |            6.25 |
|   Others                |     0.000 |     1427 |       --- |             --- |
| Signals                 |     0.090 |    29303 |       --- |             --- |
| Block RAM               |     0.102 |     38.5 |        60 |           64.17 |
| MMCM                    |     0.106 |        1 |         2 |           50.00 |
| PLL                     |     0.096 |        1 |         2 |           50.00 |
| DSPs                    |     0.053 |       57 |        80 |           71.25 |
| I/O                     |     0.204 |       91 |       100 |           91.00 |
| XADC                    |     0.002 |        1 |       --- |             --- |
| PS7                     |     1.279 |        1 |       --- |             --- |
| Static Power            |     0.141 |          |           |                 |
| Total                   |     2.199 |          |           |                 |
+-------------------------+-----------+----------+-----------+-----------------+


1.2 Power Supply Summary
------------------------

+-----------+-------------+-----------+-------------+------------+
| Source    | Voltage (V) | Total (A) | Dynamic (A) | Static (A) |
+-----------+-------------+-----------+-------------+------------+
| Vccint    |       1.000 |     0.380 |       0.369 |      0.010 |
| Vccaux    |       1.800 |     0.123 |       0.114 |      0.009 |
| Vcco33    |       3.300 |     0.059 |       0.058 |      0.001 |
| Vcco25    |       2.500 |     0.000 |       0.000 |      0.000 |
| Vcco18    |       1.800 |     0.002 |       0.001 |      0.001 |
| Vcco15    |       1.500 |     0.000 |       0.000 |      0.000 |
| Vcco135   |       1.350 |     0.000 |       0.000 |      0.000 |
| Vcco12    |       1.200 |     0.000 |       0.000 |      0.000 |
| Vccaux_io |       1.800 |     0.000 |       0.000 |      0.000 |
| Vccbram   |       1.000 |     0.012 |       0.009 |      0.004 |
| MGTAVcc   |       1.000 |     0.000 |       0.000 |      0.000 |
| MGTAVtt   |       1.200 |     0.000 |       0.000 |      0.000 |
| MGTVccaux |       1.800 |     0.000 |       0.000 |      0.000 |
| Vccpint   |       1.000 |     0.702 |       0.665 |      0.037 |
| Vccpaux   |       1.800 |     0.038 |       0.027 |      0.010 |
| Vccpll    |       1.800 |     0.017 |       0.014 |      0.003 |
| Vcco_ddr  |       1.500 |     0.356 |       0.354 |      0.002 |
| Vcco_mio0 |       3.300 |     0.002 |       0.001 |      0.001 |
| Vcco_mio1 |       2.500 |     0.003 |       0.002 |      0.001 |
| Vccadc    |       1.800 |     0.021 |       0.001 |      0.020 |
+-----------+-------------+-----------+-------------+------------+


1.3 Confidence Level
--------------------

+-----------------------------+------------+--------------------------------------------------------+------------------------------------------------------------------------------------------------------------+
| User Input Data             | Confidence | Details                                                | Action                                                                                                     |
+-----------------------------+------------+--------------------------------------------------------+------------------------------------------------------------------------------------------------------------+
| Design implementation state | High       | Design is routed                                       |                                                                                                            |
| Clock nodes activity        | High       | User specified more than 95% of clocks                 |                                                                                                            |
| I/O nodes activity          | Low        | More than 75% of inputs are missing user specification | Provide missing input activity with simulation results or by editing the "By Resource Type -> I/Os" view   |
| Internal nodes activity     | Medium     | User specified less than 25% of internal nodes         | Provide missing internal nodes activity with simulation results or by editing the "By Resource Type" views |
| Device models               | High       | Device models are Production                           |                                                                                                            |
|                             |            |                                                        |                                                                                                            |
| Overall confidence level    | Low        |                                                        |                                                                                                            |
+-----------------------------+------------+--------------------------------------------------------+------------------------------------------------------------------------------------------------------------+


2. Settings
-----------

2.1 Environment
---------------

+-----------------------+------------------------+
| Ambient Temp (C)      | 25.0                   |
| ThetaJA (C/W)         | 11.5                   |
| Airflow (LFM)         | 250                    |
| Heat Sink             | none                   |
| ThetaSA (C/W)         | 0.0                    |
| Board Selection       | medium (10"x10")       |
| # of Board Layers     | 8to11 (8 to 11 Layers) |
| Board Temperature (C) | 25.0                   |
+-----------------------+------------------------+


2.2 Clock Constraints
---------------------

+-------------------------+-------------------------------------------------------------------------+-----------------+
| Clock                   | Domain                                                                  | Constraint (ns) |
+-------------------------+-------------------------------------------------------------------------+-----------------+
| adc_clk                 | adc_clk_p_i                                                             |             8.0 |
| clk_fb                  | pll/clk_fb                                                              |             8.0 |
| clk_fpga_3              | i_ps/system_i/system_i/processing_system7_0/inst/FCLK_CLK_unbuffered[3] |            10.0 |
| clk_out1_clk_10MHz_sync | nolabel_line672/inst/clk_out1_clk_10MHz_sync                            |           100.0 |
| clkfbout_clk_10MHz_sync | nolabel_line672/inst/clkfbout_clk_10MHz_sync                            |             8.0 |
| dna_clk                 | i_hk/dna_clk                                                            |            64.0 |
| pll_adc_clk             | pll/pll_adc_clk                                                         |             8.0 |
| pll_clk_adc_2x          | pll/pll_clk_adc_2x                                                      |             4.0 |
| pll_dac_clk_1x          | pll/pll_dac_clk_1x                                                      |             8.0 |
| pll_dac_clk_2p          | pll/pll_dac_clk_2p                                                      |             4.0 |
| pll_dac_clk_2x          | pll/pll_dac_clk_2x                                                      |             4.0 |
+-------------------------+-------------------------------------------------------------------------+-----------------+


3. Detailed Reports
-------------------

3.1 By Hierarchy
----------------

+--------------------------------------------+-----------+
| Name                                       | Power (W) |
+--------------------------------------------+-----------+
| red_pitaya_top                             |     2.058 |
|   Digital_Freq_Meter_inst                  |     0.174 |
|     DDC1_inst                              |     0.130 |
|       CORDIC_inst                          |     0.033 |
|       LO_DDS_inst                          |     0.042 |
|       ddc_frontend_lowpass_filter_inst_I   |     0.023 |
|       ddc_frontend_lowpass_filter_inst_Q   |     0.024 |
|       first_order_IIR_highpass_filter_inst |     0.003 |
|       input_multiplier_I                   |     0.002 |
|       input_multiplier_Q                   |     0.002 |
|     PLL0_loop_filters                      |     0.034 |
|       IIR_LPF_inst                         |     0.003 |
|       d_saturation_inst                    |     0.003 |
|       i_saturation_inst                    |     0.001 |
|       integrator_with_saturation_inst2     |     0.001 |
|       pll_32x32_mult_i_inst                |     0.006 |
|       pll_32x32_mult_ii_inst               |     0.007 |
|       pll_wide_mult_d                      |     0.006 |
|       pll_wide_mult_p                      |     0.002 |
|     fast_frequency_accumulator_inst        |     0.002 |
|     output_summing_dac0                    |     0.002 |
|     residuals_monitor_inst0                |     0.002 |
|   dpll_wrapper_inst                        |     0.135 |
|     PLL_VCO_MUL_DIV_inst                   |     0.019 |
|       VCO0_Divider                         |     0.013 |
|       VCO0_Multiplier                      |     0.003 |
|     VCO_inst0                              |     0.017 |
|       DAC_DDS0_inst                        |     0.015 |
|     debug_dac_formatter_inst               |     0.005 |
|     dpll_single_clock_core_stage_a_inst    |     0.062 |
|       fll_cross_dot_inst                   |     0.007 |
|       hybrid_loop_inst                     |     0.009 |
|       loop_state_manager_inst              |     0.003 |
|       phase_cordic_adapter_inst            |     0.004 |
|       post_iir_inst                        |     0.007 |
|       post_iq_cic_inst                     |     0.006 |
|       tracking_lo_dds_inst                 |     0.021 |
|     pre_iq_cic_40_inst                     |     0.006 |
|       U0                                   |     0.006 |
|   i_ps                                     |     1.294 |
|     axi_slave_gp0                          |     0.004 |
|     system_i                               |     1.290 |
|       system_i                             |     1.290 |
|   nolabel_line672                          |     0.106 |
|     inst                                   |     0.106 |
|   pll                                      |     0.097 |
|   pwm[0]                                   |     0.001 |
|   pwm[2]                                   |     0.001 |
|   ram_data_logger_i                        |     0.037 |
|     ram_inst                               |     0.036 |
+--------------------------------------------+-----------+


