Copyright 1986-2018 Xilinx, Inc. All Rights Reserved.
---------------------------------------------------------------------------------------------------------------------------------------------------------------------------
| Tool Version : Vivado v.2018.3 (win64) Build 2405991 Thu Dec  6 23:38:27 MST 2018
| Date         : Tue Jul 14 01:05:36 2026
| Host         : DESKTOP-MRF396F running 64-bit major release  (build 9200)
| Command      : report_utilization -hierarchical -hierarchical_depth 12 -file E:/JiangSiyi/FPGA/DPLL_Low_Freq_Track/reports/vivado_dsp/current_synth_utilization_hier.rpt
| Design       : red_pitaya_top
| Device       : 7z010clg400-1
| Design State : Synthesized
---------------------------------------------------------------------------------------------------------------------------------------------------------------------------

Utilization Design Information

Table of Contents
-----------------
1. Utilization by Hierarchy

1. Utilization by Hierarchy
---------------------------

+-------------------------------------------------------------------------------+----------------------------------------------------------------+------------+------------+---------+------+-------+--------+--------+--------------+
|                                    Instance                                   |                             Module                             | Total LUTs | Logic LUTs | LUTRAMs | SRLs |  FFs  | RAMB36 | RAMB18 | DSP48 Blocks |
+-------------------------------------------------------------------------------+----------------------------------------------------------------+------------+------------+---------+------+-------+--------+--------+--------------+
| red_pitaya_top                                                                |                                                          (top) |      10454 |      10348 |       0 |  106 | 13767 |     16 |      0 |           26 |
|   (red_pitaya_top)                                                            |                                                          (top) |          4 |          4 |       0 |    0 |   119 |      0 |      0 |            0 |
|   Digital_Freq_Meter_inst                                                     |                                             Digital_Freq_Meter |       1286 |       1286 |       0 |    0 |  2159 |      0 |      0 |            3 |
|     (Digital_Freq_Meter_inst)                                                 |                                             Digital_Freq_Meter |        160 |        160 |       0 |    0 |   299 |      0 |      0 |            0 |
|     DDC1_inst                                                                 |                                Freq_Meter_DDC_wideband_filters |        228 |        228 |       0 |    0 |   387 |      0 |      0 |            0 |
|       (DDC1_inst)                                                             |                                Freq_Meter_DDC_wideband_filters |         93 |         93 |       0 |    0 |    91 |      0 |      0 |            0 |
|       CORDIC_inst                                                             |                                                   angle_CORDIC |          0 |          0 |       0 |    0 |     0 |      0 |      0 |            0 |
|       LO_DDS_inst                                                             |                                                       LO_DDS_H |          0 |          0 |       0 |    0 |     0 |      0 |      0 |            0 |
|       ddc_frontend_lowpass_filter_inst_I                                      |                       ddc_frontend_lowpass_filter_H__xdcDup__1 |         18 |         18 |       0 |    0 |   116 |      0 |      0 |            0 |
|         N_times_clk_FIR_wrapper_H_inst                                        |                           N_times_clk_FIR_wrapper_H__xdcDup__1 |          2 |          2 |       0 |    0 |    84 |      0 |      0 |            0 |
|           (N_times_clk_FIR_wrapper_H_inst)                                    |                           N_times_clk_FIR_wrapper_H__xdcDup__1 |          2 |          2 |       0 |    0 |    84 |      0 |      0 |            0 |
|           fir_compiler_minimumphase_N_times_clk_inst                          |                                    fir_compiler_minimumphase_H |          0 |          0 |       0 |    0 |     0 |      0 |      0 |            0 |
|         boxcar_2_pts_filter_inst3                                             |                                         boxcar_2_pts_filter_14 |         16 |         16 |       0 |    0 |    32 |      0 |      0 |            0 |
|       ddc_frontend_lowpass_filter_inst_Q                                      |                                  ddc_frontend_lowpass_filter_H |         18 |         18 |       0 |    0 |   116 |      0 |      0 |            0 |
|         N_times_clk_FIR_wrapper_H_inst                                        |                                      N_times_clk_FIR_wrapper_H |          2 |          2 |       0 |    0 |    84 |      0 |      0 |            0 |
|           (N_times_clk_FIR_wrapper_H_inst)                                    |                                      N_times_clk_FIR_wrapper_H |          2 |          2 |       0 |    0 |    84 |      0 |      0 |            0 |
|           fir_compiler_minimumphase_N_times_clk_inst                          |                                    fir_compiler_minimumphase_H |          0 |          0 |       0 |    0 |     0 |      0 |      0 |            0 |
|         boxcar_2_pts_filter_inst3                                             |                                            boxcar_2_pts_filter |         16 |         16 |       0 |    0 |    32 |      0 |      0 |            0 |
|       first_order_IIR_highpass_filter_inst                                    |                              first_order_IIR_highpass_filter_H |         99 |         99 |       0 |    0 |    64 |      0 |      0 |            0 |
|       input_multiplier_I                                                      |                                               input_multiplier |          0 |          0 |       0 |    0 |     0 |      0 |      0 |            0 |
|       input_multiplier_Q                                                      |                                               input_multiplier |          0 |          0 |       0 |    0 |     0 |      0 |      0 |            0 |
|     PLL0_loop_filters                                                         |                               PLL_loop_filters_with_saturation |        423 |        423 |       0 |    0 |   464 |      0 |      0 |            3 |
|       (PLL0_loop_filters)                                                     |                               PLL_loop_filters_with_saturation |         50 |         50 |       0 |    0 |   174 |      0 |      0 |            0 |
|       IIR_LPF_inst                                                            |                                                        IIR_LPF |         46 |         46 |       0 |    0 |    14 |      0 |      0 |            1 |
|       d_saturation_inst                                                       |                         resize_with_saturation__parameterized2 |        125 |        125 |       0 |    0 |    32 |      0 |      0 |            0 |
|       i_saturation_inst                                                       |                         resize_with_saturation__parameterized0 |         44 |         44 |       0 |    0 |    32 |      0 |      0 |            0 |
|       ii_saturation_inst                                                      |                         resize_with_saturation__parameterized1 |          3 |          3 |       0 |    0 |    32 |      0 |      0 |            0 |
|       integrator_with_saturation_inst2                                        |                                     integrator_with_saturation |        111 |        111 |       0 |    0 |    51 |      0 |      0 |            0 |
|       out_saturation_inst                                                     |                         resize_with_saturation__parameterized3 |         18 |         18 |       0 |    0 |    34 |      0 |      0 |            0 |
|       p_saturation_inst                                                       |                                         resize_with_saturation |         26 |         26 |       0 |    0 |    32 |      0 |      0 |            0 |
|       pll_32x32_mult_i_inst                                                   |                                              pll_32x32_mult_ii |          0 |          0 |       0 |    0 |     0 |      0 |      0 |            0 |
|       pll_32x32_mult_ii_inst                                                  |                                              pll_32x32_mult_ii |          0 |          0 |       0 |    0 |     0 |      0 |      0 |            0 |
|       pll_wide_mult_d                                                         |                                              pll_32x32_mult_ii |          0 |          0 |       0 |    0 |     0 |      0 |      0 |            0 |
|       pll_wide_mult_p                                                         |                                                  pll_wide_mult |          0 |          0 |       0 |    0 |    63 |      0 |      0 |            2 |
|         (pll_wide_mult_p)                                                     |                                                  pll_wide_mult |          0 |          0 |       0 |    0 |     0 |      0 |      0 |            0 |
|         U0                                                                    |                                              mult_gen_v12_0_14 |          0 |          0 |       0 |    0 |    63 |      0 |      0 |            2 |
|           (U0)                                                                |                                              mult_gen_v12_0_14 |          0 |          0 |       0 |    0 |     0 |      0 |      0 |            0 |
|           i_mult                                                              |                                          mult_gen_v12_0_14_viv |          0 |          0 |       0 |    0 |    63 |      0 |      0 |            2 |
|             (i_mult)                                                          |                                          mult_gen_v12_0_14_viv |          0 |          0 |       0 |    0 |     0 |      0 |      0 |            0 |
|             gDSP.gDSP_only.iDSP                                               |                                                            dsp |          0 |          0 |       0 |    0 |    63 |      0 |      0 |            2 |
|               (gDSP.gDSP_only.iDSP)                                           |                                                            dsp |          0 |          0 |       0 |    0 |     0 |      0 |      0 |            2 |
|               use_prim.appDSP48[0].bppDSP48[0].need_output_delay.output_delay |                                     delay_line__parameterized3 |          0 |          0 |       0 |    0 |    34 |      0 |      0 |            0 |
|               use_prim.appDSP48[0].bppDSP48[1].need_output_delay.output_delay |                                     delay_line__parameterized4 |          0 |          0 |       0 |    0 |    29 |      0 |      0 |            0 |
|     Status_Delay_Show_freq                                                    |                                              Status_Delay_Show |          2 |          2 |       0 |    0 |    27 |      0 |      0 |            0 |
|     Status_Delay_Show_lock                                                    |                                            Status_Delay_Show_8 |          2 |          2 |       0 |    0 |    27 |      0 |      0 |            0 |
|     Status_Delay_Show_neg_rail                                                |                                            Status_Delay_Show_9 |          2 |          2 |       0 |    0 |    27 |      0 |      0 |            0 |
|     Status_Delay_Show_phase                                                   |                                           Status_Delay_Show_10 |          3 |          3 |       0 |    0 |    27 |      0 |      0 |            0 |
|     Status_Delay_Show_pos_rail                                                |                                           Status_Delay_Show_11 |          2 |          2 |       0 |    0 |    27 |      0 |      0 |            0 |
|     fast_frequency_accumulator_inst                                           |                                     fast_frequency_accumulator |        138 |        138 |       0 |    0 |   288 |      0 |      0 |            0 |
|     output_summing_dac0                                                       |                                                 output_summing |        129 |        129 |       0 |    0 |    67 |      0 |      0 |            0 |
|     parallel_bus_register_32_bits_or_less_freq_c0                             |          parallel_bus_register_32bits_or_less__parameterized37 |          8 |          8 |       0 |    0 |    32 |      0 |      0 |            0 |
|     parallel_bus_register_fast_meter_interval                                 |          parallel_bus_register_32bits_or_less__parameterized51 |          0 |          0 |       0 |    0 |    32 |      0 |      0 |            0 |
|     parallel_bus_register_freq_meter_trig                                     |          parallel_bus_register_32bits_or_less__parameterized50 |          1 |          1 |       0 |    0 |     1 |      0 |      0 |            0 |
|     parallel_bus_register_freq_residuals0_threshold                           |          parallel_bus_register_32bits_or_less__parameterized47 |          0 |          0 |       0 |    0 |    10 |      0 |      0 |            0 |
|     parallel_bus_register_gate_clockH                                         |          parallel_bus_register_32bits_or_less__parameterized49 |         16 |         16 |       0 |    0 |    16 |      0 |      0 |            0 |
|     parallel_bus_register_gate_clockL                                         |          parallel_bus_register_32bits_or_less__parameterized48 |         32 |         32 |       0 |    0 |    32 |      0 |      0 |            0 |
|     parallel_bus_register_manual_offset_dac0                                  |       parallel_bus_register_32bits_or_less__parameterized12_12 |          0 |          0 |       0 |    0 |    32 |      0 |      0 |            0 |
|     parallel_bus_register_negative_limit_dac0                                 |          parallel_bus_register_32bits_or_less__parameterized44 |         17 |         17 |       0 |    0 |    32 |      0 |      0 |            0 |
|     parallel_bus_register_ok_reset                                            |          parallel_bus_register_32bits_or_less__parameterized36 |          2 |          2 |       0 |    0 |     1 |      0 |      0 |            0 |
|     parallel_bus_register_phase_residuals0_offset                             |          parallel_bus_register_32bits_or_less__parameterized46 |          0 |          0 |       0 |    0 |    32 |      0 |      0 |            0 |
|     parallel_bus_register_phase_residuals0_threshold                          |          parallel_bus_register_32bits_or_less__parameterized45 |          0 |          0 |       0 |    0 |    32 |      0 |      0 |            0 |
|     parallel_bus_register_pll0_coefdfilter                                    |          parallel_bus_register_32bits_or_less__parameterized42 |          0 |          0 |       0 |    0 |    19 |      0 |      0 |            0 |
|     parallel_bus_register_pll0_gaind                                          |          parallel_bus_register_32bits_or_less__parameterized41 |          2 |          2 |       0 |    0 |    33 |      0 |      0 |            0 |
|     parallel_bus_register_pll0_gaini                                          |          parallel_bus_register_32bits_or_less__parameterized39 |          0 |          0 |       0 |    0 |    33 |      0 |      0 |            0 |
|     parallel_bus_register_pll0_gainii                                         |          parallel_bus_register_32bits_or_less__parameterized40 |          0 |          0 |       0 |    0 |    33 |      0 |      0 |            0 |
|     parallel_bus_register_pll0_gainp                                          |          parallel_bus_register_32bits_or_less__parameterized38 |          0 |          0 |       0 |    0 |    33 |      0 |      0 |            0 |
|     parallel_bus_register_pll0_settings                                       |        parallel_bus_register_32bits_or_less__parameterized2_13 |          0 |          0 |       0 |    0 |     1 |      0 |      0 |            0 |
|     parallel_bus_register_positive_limit_dac0                                 |          parallel_bus_register_32bits_or_less__parameterized43 |          1 |          1 |       0 |    0 |    32 |      0 |      0 |            0 |
|     residuals_monitor_inst0                                                   |                                  residuals_monitor_with_offset |        114 |        114 |       0 |    0 |    67 |      0 |      0 |            0 |
|     residuals_monitor_inst0_freq                                              |                                              residuals_monitor |          8 |          8 |       0 |    0 |    16 |      0 |      0 |            0 |
|   dpll_wrapper_inst                                                           |                                                   dpll_wrapper |       7205 |       7165 |       0 |   40 |  9873 |      0 |      0 |           23 |
|     (dpll_wrapper_inst)                                                       |                                                   dpll_wrapper |        727 |        727 |       0 |    0 |  1566 |      0 |      0 |            7 |
|     PLL_VCO_MUL_DIV_inst                                                      |                                                PLL_VCO_MUL_DIV |        163 |        163 |       0 |    0 |   416 |      0 |      0 |            0 |
|       (PLL_VCO_MUL_DIV_inst)                                                  |                                                PLL_VCO_MUL_DIV |        163 |        163 |       0 |    0 |   416 |      0 |      0 |            0 |
|       VCO0_Divider                                                            |                                                  div_gen_pll_u |          0 |          0 |       0 |    0 |     0 |      0 |      0 |            0 |
|       VCO0_Multiplier                                                         |                                                   mult_gen_pll |          0 |          0 |       0 |    0 |     0 |      0 |      0 |            0 |
|     VCO_inst0                                                                 |                                                     VCO_48bits |         31 |         31 |       0 |    0 |     6 |      0 |      0 |            1 |
|       (VCO_inst0)                                                             |                                                     VCO_48bits |         31 |         31 |       0 |    0 |     6 |      0 |      0 |            1 |
|       DAC_DDS0_inst                                                           |                                                       DAC_DDS0 |          0 |          0 |       0 |    0 |     0 |      0 |      0 |            0 |
|     debug_dac_formatter_inst                                                  |                                    debug_dac_formatter_stage_a |        370 |        370 |       0 |    0 |   343 |      0 |      0 |            2 |
|     dpll_single_clock_core_stage_a_inst                                       |                                 dpll_single_clock_core_stage_a |       5343 |       5303 |       0 |   40 |  6475 |      0 |      0 |           13 |
|       (dpll_single_clock_core_stage_a_inst)                                   |                                 dpll_single_clock_core_stage_a |        213 |        213 |       0 |    0 |   373 |      0 |      0 |            2 |
|       dc_blocker_inst                                                         |                                       dc_blocker_valid_stage_a |        141 |        141 |       0 |    0 |    65 |      0 |      0 |            0 |
|       fll_cross_dot_inst                                                      |                                          fll_cross_dot_stage_a |       1354 |       1314 |       0 |   40 |  1203 |      0 |      0 |            4 |
|       hybrid_loop_inst                                                        |                                  hybrid_fll_pll_filter_stage_a |        997 |        997 |       0 |    0 |  1483 |      0 |      0 |            3 |
|       loop_state_manager_inst                                                 |                                     loop_state_manager_stage_a |        584 |        584 |       0 |    0 |   371 |      0 |      0 |            0 |
|       phase_cordic_adapter_inst                                               |                                     cordic_word_serial_adapter |         89 |         89 |       0 |    0 |    97 |      0 |      0 |            0 |
|         (phase_cordic_adapter_inst)                                           |                                     cordic_word_serial_adapter |         89 |         89 |       0 |    0 |    97 |      0 |      0 |            0 |
|         cordic_inst                                                           |                                              dpll_angle_CORDIC |          0 |          0 |       0 |    0 |     0 |      0 |      0 |            0 |
|       post_iir_inst                                                           |                                               post_iir_stage_a |        859 |        859 |       0 |    0 |  1150 |      0 |      0 |            4 |
|       post_iq_cic_inst                                                        |                                            post_iq_cic_stage_a |       1106 |       1106 |       0 |    0 |  1733 |      0 |      0 |            0 |
|       tracking_lo_dds_inst                                                    |                                                       LO_DDS_H |          0 |          0 |       0 |    0 |     0 |      0 |      0 |            0 |
|     pre_iq_cic_40_inst                                                        |                                          pre_iq_cic_40_125m_v1 |          0 |          0 |       0 |    0 |     0 |      0 |      0 |            0 |
|     reg_acquire_dwell                                                         |          parallel_bus_register_32bits_or_less__parameterized26 |         10 |         10 |       0 |    0 |    32 |      0 |      0 |            0 |
|     reg_angle_select                                                          |           parallel_bus_register_32bits_or_less__parameterized1 |          0 |          0 |       0 |    0 |     4 |      0 |      0 |            0 |
|     reg_blend_dwell                                                           |          parallel_bus_register_32bits_or_less__parameterized27 |          9 |          9 |       0 |    0 |    32 |      0 |      0 |            0 |
|     reg_center_freq                                                           |           parallel_bus_register_32bits_or_less__parameterized0 |          0 |          0 |       0 |    0 |    32 |      0 |      0 |            0 |
|     reg_cic_rate                                                              |          parallel_bus_register_32bits_or_less__parameterized31 |         23 |         23 |       0 |    0 |    32 |      0 |      0 |            0 |
|     reg_cic_shift                                                             |          parallel_bus_register_32bits_or_less__parameterized32 |         41 |         41 |       0 |    0 |    32 |      0 |      0 |            0 |
|     reg_config_apply                                                          |          parallel_bus_register_32bits_or_less__parameterized35 |          6 |          6 |       0 |    0 |     1 |      0 |      0 |            0 |
|     reg_dac0_amp                                                              |          parallel_bus_register_32bits_or_less__parameterized14 |          6 |          6 |       0 |    0 |    32 |      0 |      0 |            0 |
|     reg_dac0_offset                                                           |          parallel_bus_register_32bits_or_less__parameterized13 |          6 |          6 |       0 |    0 |    32 |      0 |      0 |            0 |
|     reg_debug_format                                                          |          parallel_bus_register_32bits_or_less__parameterized20 |         40 |         40 |       0 |    0 |    33 |      0 |      0 |            0 |
|     reg_debug_gain                                                            |          parallel_bus_register_32bits_or_less__parameterized18 |          0 |          0 |       0 |    0 |    33 |      0 |      0 |            0 |
|     reg_debug_offset                                                          |          parallel_bus_register_32bits_or_less__parameterized17 |          0 |          0 |       0 |    0 |    33 |      0 |      0 |            0 |
|     reg_debug_source                                                          |          parallel_bus_register_32bits_or_less__parameterized19 |          1 |          1 |       0 |    0 |    33 |      0 |      0 |            0 |
|     reg_fll_delay                                                             |          parallel_bus_register_32bits_or_less__parameterized33 |         12 |         12 |       0 |    0 |    32 |      0 |      0 |            0 |
|     reg_freq_div                                                              |          parallel_bus_register_32bits_or_less__parameterized16 |         54 |         54 |       0 |    0 |    32 |      0 |      0 |            0 |
|     reg_freq_mul                                                              |          parallel_bus_register_32bits_or_less__parameterized15 |          9 |          9 |       0 |    0 |    32 |      0 |      0 |            0 |
|     reg_freq_thr                                                              |          parallel_bus_register_32bits_or_less__parameterized23 |          2 |          2 |       0 |    0 |    32 |      0 |      0 |            0 |
|     reg_holdover_timeout                                                      |          parallel_bus_register_32bits_or_less__parameterized29 |          7 |          7 |       0 |    0 |    32 |      0 |      0 |            0 |
|     reg_kf                                                                    |           parallel_bus_register_32bits_or_less__parameterized5 |         43 |         43 |       0 |    0 |    32 |      0 |      0 |            0 |
|     reg_kf_blend                                                              |           parallel_bus_register_32bits_or_less__parameterized6 |          3 |          3 |       0 |    0 |    32 |      0 |      0 |            0 |
|     reg_kf_track                                                              |           parallel_bus_register_32bits_or_less__parameterized7 |          3 |          3 |       0 |    0 |    32 |      0 |      0 |            0 |
|     reg_ki                                                                    |           parallel_bus_register_32bits_or_less__parameterized4 |          3 |          3 |       0 |    0 |    32 |      0 |      0 |            0 |
|     reg_ki_blend                                                              |           parallel_bus_register_32bits_or_less__parameterized9 |         35 |         35 |       0 |    0 |    32 |      0 |      0 |            0 |
|     reg_kp                                                                    |           parallel_bus_register_32bits_or_less__parameterized3 |          3 |          3 |       0 |    0 |    32 |      0 |      0 |            0 |
|     reg_kp_blend                                                              |           parallel_bus_register_32bits_or_less__parameterized8 |          3 |          3 |       0 |    0 |    32 |      0 |      0 |            0 |
|     reg_loss_dwell                                                            |          parallel_bus_register_32bits_or_less__parameterized28 |         40 |         40 |       0 |    0 |    32 |      0 |      0 |            0 |
|     reg_mag_enter                                                             |          parallel_bus_register_32bits_or_less__parameterized24 |         64 |         64 |       0 |    0 |    32 |      0 |      0 |            0 |
|     reg_mag_exit                                                              |          parallel_bus_register_32bits_or_less__parameterized25 |         13 |         13 |       0 |    0 |    32 |      0 |      0 |            0 |
|     reg_manual_offset                                                         |          parallel_bus_register_32bits_or_less__parameterized12 |         26 |         26 |       0 |    0 |    32 |      0 |      0 |            0 |
|     reg_measurement_timeout                                                   |          parallel_bus_register_32bits_or_less__parameterized30 |         33 |         33 |       0 |    0 |    32 |      0 |      0 |            0 |
|     reg_neg_limit                                                             |          parallel_bus_register_32bits_or_less__parameterized11 |         25 |         25 |       0 |    0 |    32 |      0 |      0 |            0 |
|     reg_ok_reset                                                              |                           parallel_bus_register_32bits_or_less |          1 |          1 |       0 |    0 |     1 |      0 |      0 |            0 |
|     reg_phase_offset                                                          |          parallel_bus_register_32bits_or_less__parameterized22 |          5 |          5 |       0 |    0 |    32 |      0 |      0 |            0 |
|     reg_phase_thr                                                             |          parallel_bus_register_32bits_or_less__parameterized21 |          3 |          3 |       0 |    0 |    32 |      0 |      0 |            0 |
|     reg_pll_lock                                                              |           parallel_bus_register_32bits_or_less__parameterized2 |          0 |          0 |       0 |    0 |     1 |      0 |      0 |            0 |
|     reg_pos_limit                                                             |          parallel_bus_register_32bits_or_less__parameterized10 |         27 |         27 |       0 |    0 |    32 |      0 |      0 |            0 |
|     reg_warmup_samples                                                        |          parallel_bus_register_32bits_or_less__parameterized34 |         44 |         44 |       0 |    0 |    32 |      0 |      0 |            0 |
|   i_ams                                                                       |                                                 red_pitaya_ams |         24 |         24 |       0 |    0 |   121 |      0 |      0 |            0 |
|   i_hk                                                                        |                                                  red_pitaya_hk |         29 |         29 |       0 |    0 |   144 |      0 |      0 |            0 |
|   i_ps                                                                        |                                                  red_pitaya_ps |       1732 |       1666 |       0 |   66 |   994 |      0 |      0 |            0 |
|     (i_ps)                                                                    |                                                  red_pitaya_ps |          1 |          1 |       0 |    0 |     1 |      0 |      0 |            0 |
|     axi_slave_gp0                                                             |                                                      axi_slave |        997 |        997 |       0 |    0 |   155 |      0 |      0 |            0 |
|     system_i                                                                  |                                                 system_wrapper |        734 |        668 |       0 |   66 |   838 |      0 |      0 |            0 |
|       (system_i)                                                              |                                                 system_wrapper |          8 |          8 |       0 |    0 |     0 |      0 |      0 |            0 |
|       system_i                                                                |                                                         system |        726 |        660 |       0 |   66 |   838 |      0 |      0 |            0 |
|         (system_i)                                                            |                                                         system |          0 |          0 |       0 |    0 |     0 |      0 |      0 |            0 |
|         axi_protocol_convert_0                                                |                                system_axi_protocol_convert_0_0 |        436 |        371 |       0 |   65 |   564 |      0 |      0 |            0 |
|           inst                                                                |          axi_protocol_converter_v2_1_18_axi_protocol_converter |        436 |        371 |       0 |   65 |   564 |      0 |      0 |            0 |
|             gen_axilite.gen_b2s_conv.axilite_b2s                              |                             axi_protocol_converter_v2_1_18_b2s |        436 |        371 |       0 |   65 |   564 |      0 |      0 |            0 |
|               (gen_axilite.gen_b2s_conv.axilite_b2s)                          |                             axi_protocol_converter_v2_1_18_b2s |          1 |          1 |       0 |    0 |     1 |      0 |      0 |            0 |
|               RD.ar_channel_0                                                 |                  axi_protocol_converter_v2_1_18_b2s_ar_channel |         77 |         77 |       0 |    0 |    83 |      0 |      0 |            0 |
|                 (RD.ar_channel_0)                                             |                  axi_protocol_converter_v2_1_18_b2s_ar_channel |          0 |          0 |       0 |    0 |    12 |      0 |      0 |            0 |
|                 ar_cmd_fsm_0                                                  |                  axi_protocol_converter_v2_1_18_b2s_rd_cmd_fsm |         24 |         24 |       0 |    0 |     2 |      0 |      0 |            0 |
|                 cmd_translator_0                                              |            axi_protocol_converter_v2_1_18_b2s_cmd_translator_5 |         53 |         53 |       0 |    0 |    69 |      0 |      0 |            0 |
|                   (cmd_translator_0)                                          |            axi_protocol_converter_v2_1_18_b2s_cmd_translator_5 |          1 |          1 |       0 |    0 |     3 |      0 |      0 |            0 |
|                   incr_cmd_0                                                  |                  axi_protocol_converter_v2_1_18_b2s_incr_cmd_6 |         38 |         38 |       0 |    0 |    23 |      0 |      0 |            0 |
|                   wrap_cmd_0                                                  |                  axi_protocol_converter_v2_1_18_b2s_wrap_cmd_7 |         14 |         14 |       0 |    0 |    43 |      0 |      0 |            0 |
|               RD.r_channel_0                                                  |                   axi_protocol_converter_v2_1_18_b2s_r_channel |         62 |         15 |       0 |   47 |    24 |      0 |      0 |            0 |
|                 (RD.r_channel_0)                                              |                   axi_protocol_converter_v2_1_18_b2s_r_channel |          0 |          0 |       0 |    0 |    14 |      0 |      0 |            0 |
|                 rd_data_fifo_0                                                | axi_protocol_converter_v2_1_18_b2s_simple_fifo__parameterized1 |         42 |          8 |       0 |   34 |     5 |      0 |      0 |            0 |
|                 transaction_fifo_0                                            | axi_protocol_converter_v2_1_18_b2s_simple_fifo__parameterized2 |         20 |          7 |       0 |   13 |     5 |      0 |      0 |            0 |
|               SI_REG                                                          |                  axi_register_slice_v2_1_18_axi_register_slice |        189 |        189 |       0 |    0 |   352 |      0 |      0 |            0 |
|                 ar.ar_pipe                                                    |                 axi_register_slice_v2_1_18_axic_register_slice |         74 |         74 |       0 |    0 |   113 |      0 |      0 |            0 |
|                 aw.aw_pipe                                                    |               axi_register_slice_v2_1_18_axic_register_slice_4 |         78 |         78 |       0 |    0 |   113 |      0 |      0 |            0 |
|                 b.b_pipe                                                      | axi_register_slice_v2_1_18_axic_register_slice__parameterized1 |         10 |         10 |       0 |    0 |    30 |      0 |      0 |            0 |
|                 r.r_pipe                                                      | axi_register_slice_v2_1_18_axic_register_slice__parameterized2 |         27 |         27 |       0 |    0 |    96 |      0 |      0 |            0 |
|               WR.aw_channel_0                                                 |                  axi_protocol_converter_v2_1_18_b2s_aw_channel |         74 |         74 |       0 |    0 |    87 |      0 |      0 |            0 |
|                 (WR.aw_channel_0)                                             |                  axi_protocol_converter_v2_1_18_b2s_aw_channel |          0 |          0 |       0 |    0 |    16 |      0 |      0 |            0 |
|                 aw_cmd_fsm_0                                                  |                  axi_protocol_converter_v2_1_18_b2s_wr_cmd_fsm |         12 |         12 |       0 |    0 |     2 |      0 |      0 |            0 |
|                 cmd_translator_0                                              |              axi_protocol_converter_v2_1_18_b2s_cmd_translator |         62 |         62 |       0 |    0 |    69 |      0 |      0 |            0 |
|                   (cmd_translator_0)                                          |              axi_protocol_converter_v2_1_18_b2s_cmd_translator |          1 |          1 |       0 |    0 |     3 |      0 |      0 |            0 |
|                   incr_cmd_0                                                  |                    axi_protocol_converter_v2_1_18_b2s_incr_cmd |         35 |         35 |       0 |    0 |    23 |      0 |      0 |            0 |
|                   wrap_cmd_0                                                  |                    axi_protocol_converter_v2_1_18_b2s_wrap_cmd |         26 |         26 |       0 |    0 |    43 |      0 |      0 |            0 |
|               WR.b_channel_0                                                  |                   axi_protocol_converter_v2_1_18_b2s_b_channel |         36 |         18 |       0 |   18 |    17 |      0 |      0 |            0 |
|                 (WR.b_channel_0)                                              |                   axi_protocol_converter_v2_1_18_b2s_b_channel |          8 |          8 |       0 |    0 |    13 |      0 |      0 |            0 |
|                 bid_fifo_0                                                    |                 axi_protocol_converter_v2_1_18_b2s_simple_fifo |         22 |          6 |       0 |   16 |     2 |      0 |      0 |            0 |
|                 bresp_fifo_0                                                  | axi_protocol_converter_v2_1_18_b2s_simple_fifo__parameterized0 |          6 |          4 |       0 |    2 |     2 |      0 |      0 |            0 |
|         processing_system7_0                                                  |                                  system_processing_system7_0_0 |        112 |        112 |       0 |    0 |     0 |      0 |      0 |            0 |
|           (processing_system7_0)                                              |                                  system_processing_system7_0_0 |          0 |          0 |       0 |    0 |     0 |      0 |      0 |            0 |
|           inst                                                                |                     processing_system7_v5_5_processing_system7 |        112 |        112 |       0 |    0 |     0 |      0 |      0 |            0 |
|         rst_ps7_0_200M                                                        |                                        system_rst_ps7_0_200M_0 |         18 |         17 |       0 |    1 |    37 |      0 |      0 |            0 |
|           U0                                                                  |                                                 proc_sys_reset |         18 |         17 |       0 |    1 |    37 |      0 |      0 |            0 |
|             (U0)                                                              |                                                 proc_sys_reset |          0 |          0 |       0 |    0 |     5 |      0 |      0 |            0 |
|             EXT_LPF                                                           |                                                            lpf |          5 |          4 |       0 |    1 |    14 |      0 |      0 |            0 |
|               (EXT_LPF)                                                       |                                                            lpf |          2 |          1 |       0 |    1 |     6 |      0 |      0 |            0 |
|               ACTIVE_LOW_AUX.ACT_LO_AUX                                       |                                                       cdc_sync |          2 |          2 |       0 |    0 |     4 |      0 |      0 |            0 |
|               ACTIVE_LOW_EXT.ACT_LO_EXT                                       |                                                     cdc_sync_3 |          1 |          1 |       0 |    0 |     4 |      0 |      0 |            0 |
|             SEQ                                                               |                                                   sequence_psr |         13 |         13 |       0 |    0 |    18 |      0 |      0 |            0 |
|               (SEQ)                                                           |                                                   sequence_psr |          8 |          8 |       0 |    0 |    12 |      0 |      0 |            0 |
|               SEQ_COUNTER                                                     |                                                        upcnt_n |          5 |          5 |       0 |    0 |     6 |      0 |      0 |            0 |
|         xadc_wiz_0                                                            |                                            system_xadc_wiz_0_0 |        160 |        160 |       0 |    0 |   237 |      0 |      0 |            0 |
|           inst                                                                |                                   system_xadc_wiz_0_0_axi_xadc |        160 |        160 |       0 |    0 |   237 |      0 |      0 |            0 |
|             (inst)                                                            |                                   system_xadc_wiz_0_0_axi_xadc |          1 |          1 |       0 |    0 |    32 |      0 |      0 |            0 |
|             AXI_LITE_IPIF_I                                                   |                              system_xadc_wiz_0_0_axi_lite_ipif |        103 |        103 |       0 |    0 |    61 |      0 |      0 |            0 |
|               I_SLAVE_ATTACHMENT                                              |                           system_xadc_wiz_0_0_slave_attachment |        103 |        103 |       0 |    0 |    61 |      0 |      0 |            0 |
|                 (I_SLAVE_ATTACHMENT)                                          |                           system_xadc_wiz_0_0_slave_attachment |         19 |         19 |       0 |    0 |    35 |      0 |      0 |            0 |
|                 I_DECODER                                                     |                            system_xadc_wiz_0_0_address_decoder |         84 |         84 |       0 |    0 |    26 |      0 |      0 |            0 |
|             AXI_XADC_CORE_I                                                   |                              system_xadc_wiz_0_0_xadc_core_drp |         18 |         18 |       0 |    0 |    56 |      0 |      0 |            0 |
|             INTR_CTRLR_GEN_I.INTERRUPT_CONTROL_I                              |                          system_xadc_wiz_0_0_interrupt_control |         29 |         29 |       0 |    0 |    69 |      0 |      0 |            0 |
|             SOFT_RESET_I                                                      |                                 system_xadc_wiz_0_0_soft_reset |          9 |          9 |       0 |    0 |    19 |      0 |      0 |            0 |
|         xlconstant_0                                                          |                                          system_xlconstant_0_0 |          0 |          0 |       0 |    0 |     0 |      0 |      0 |            0 |
|   nolabel_line669                                                             |                                                 clk_10MHz_sync |          0 |          0 |       0 |    0 |     0 |      0 |      0 |            0 |
|   pll                                                                         |                                                 red_pitaya_pll |          1 |          1 |       0 |    0 |     0 |      0 |      0 |            0 |
|   pwm[0]                                                                      |                                                 red_pitaya_pwm |         43 |         43 |       0 |    0 |    80 |      0 |      0 |            0 |
|   pwm[1]                                                                      |                                               red_pitaya_pwm_0 |         42 |         42 |       0 |    0 |    80 |      0 |      0 |            0 |
|   pwm[2]                                                                      |                                               red_pitaya_pwm_1 |         42 |         42 |       0 |    0 |    80 |      0 |      0 |            0 |
|   pwm[3]                                                                      |                                               red_pitaya_pwm_2 |         42 |         42 |       0 |    0 |    80 |      0 |      0 |            0 |
|   ram_data_logger_i                                                           |                                                ram_data_logger |          4 |          4 |       0 |    0 |    37 |     16 |      0 |            0 |
|     (ram_data_logger_i)                                                       |                                                ram_data_logger |          4 |          4 |       0 |    0 |    37 |      0 |      0 |            0 |
|     ram_inst                                                                  |                                            simple_dualport_ram |          0 |          0 |       0 |    0 |     0 |     16 |      0 |            0 |
+-------------------------------------------------------------------------------+----------------------------------------------------------------+------------+------------+---------+------+-------+--------+--------+--------------+


