<!doctype html public "-//w3c//dtd html 4.0 transitional//en">
<html><head>
<title>Static Call Graph - [.\Objects\TFT288.axf]</title></head>
<body><HR>
<H1>Static Call Graph for image .\Objects\TFT288.axf</H1><HR>
<BR><P>#&#060CALLGRAPH&#062# ARM Linker, 5060960: Last Updated: Sat Jul 18 16:49:02 2026
<BR><P>
<H3>Maximum Stack Usage =        328 bytes + Unknown(Functions without stacksize, Cycles, Untraceable Function Pointers)</H3><H3>
Call chain for Maximum Stack Depth:</H3>
__rt_entry_main &rArr; main &rArr; Display_UI_Init &rArr; Display_UI_PLL_Main_Page_Init &rArr; Display_UI_PLL_Refresh_Status &rArr; display_signed_integer &rArr; display_unsigned &rArr; display_digit_blink &rArr; Display_UI_Blink_Show_Register &rArr; Display_UI_Blink_Show_Stop &rArr; Display_UI_Blink_Show &rArr; LCD_16ShowString_hanzi &rArr; LCD_SHOW_HANZI &rArr; LCD_Set_Windows
<P>
<H3>
Functions with no stack information
</H3><UL>
 <LI><a href="#[51]">ADC_QUICK_ADD</a>
 <LI><a href="#[4d]">__user_initial_stackheap</a>
</UL>
</UL>
<P>
<H3>
Mutually Recursive functions
</H3> <LI><a href="#[18]">ADC1_COMP_IRQHandler</a>&nbsp;&nbsp;&nbsp;&rArr;&nbsp;&nbsp;&nbsp;<a href="#[18]">ADC1_COMP_IRQHandler</a><BR>
</UL>
<P>
<H3>
Function Pointers
</H3><UL>
 <LI><a href="#[18]">ADC1_COMP_IRQHandler</a> from startup_stm32f0xx.o(.text) referenced from startup_stm32f0xx.o(RESET)
 <LI><a href="#[28]">CEC_IRQHandler</a> from startup_stm32f0xx.o(.text) referenced from startup_stm32f0xx.o(RESET)
 <LI><a href="#[2b]">CtrlP0I0_Microwave_Source_Enable</a> from control.o(i.CtrlP0I0_Microwave_Source_Enable) referenced from control.o(.data)
 <LI><a href="#[2c]">CtrlP0I1_Microwave_Source_Power</a> from control.o(i.CtrlP0I1_Microwave_Source_Power) referenced from control.o(.data)
 <LI><a href="#[2d]">CtrlP0I2_Microwave_Source_Frequency</a> from control.o(i.CtrlP0I2_Microwave_Source_Frequency) referenced from control.o(.data)
 <LI><a href="#[2e]">CtrlP0I3_PLL_Enable</a> from control.o(i.CtrlP0I3_PLL_Enable) referenced from control.o(.data)
 <LI><a href="#[2f]">CtrlP0I4_PLL_Frequency</a> from control.o(i.CtrlP0I4_PLL_Frequency) referenced from control.o(.data)
 <LI><a href="#[30]">CtrlP0I5_PLL_Mul</a> from control.o(i.CtrlP0I5_PLL_Mul) referenced from control.o(.data)
 <LI><a href="#[31]">CtrlP0I6_PLL_Div</a> from control.o(i.CtrlP0I6_PLL_Div) referenced from control.o(.data)
 <LI><a href="#[32]">CtrlP0I7_Debug_DAC</a> from control.o(i.CtrlP0I7_Debug_DAC) referenced from control.o(.data)
 <LI><a href="#[33]">CtrlP1I0_Gain</a> from control.o(i.CtrlP1I0_Gain) referenced from control.o(.data)
 <LI><a href="#[34]">CtrlP1I1_Gain</a> from control.o(i.CtrlP1I1_Gain) referenced from control.o(.data)
 <LI><a href="#[35]">CtrlP1I2_Gain</a> from control.o(i.CtrlP1I2_Gain) referenced from control.o(.data)
 <LI><a href="#[36]">CtrlP1I3_Gain</a> from control.o(i.CtrlP1I3_Gain) referenced from control.o(.data)
 <LI><a href="#[37]">CtrlP1I4_Positive_Limit</a> from control.o(i.CtrlP1I4_Positive_Limit) referenced from control.o(.data)
 <LI><a href="#[38]">CtrlP1I5_Negative_Limit</a> from control.o(i.CtrlP1I5_Negative_Limit) referenced from control.o(.data)
 <LI><a href="#[39]">CtrlP1I6_Phase_Threshold</a> from control.o(i.CtrlP1I6_Phase_Threshold) referenced from control.o(.data)
 <LI><a href="#[3a]">CtrlP1I7_Amplitude</a> from control.o(i.CtrlP1I7_Amplitude) referenced from control.o(.data)
 <LI><a href="#[3b]">CtrlP1I8_Frequency</a> from control.o(i.CtrlP1I8_Frequency) referenced from control.o(.data)
 <LI><a href="#[15]">DMA1_Channel1_IRQHandler</a> from startup_stm32f0xx.o(.text) referenced from startup_stm32f0xx.o(RESET)
 <LI><a href="#[16]">DMA1_Channel2_3_IRQHandler</a> from startup_stm32f0xx.o(.text) referenced from startup_stm32f0xx.o(RESET)
 <LI><a href="#[17]">DMA1_Channel4_5_IRQHandler</a> from startup_stm32f0xx.o(.text) referenced from startup_stm32f0xx.o(RESET)
 <LI><a href="#[11]">EXTI0_1_IRQHandler</a> from startup_stm32f0xx.o(.text) referenced from startup_stm32f0xx.o(RESET)
 <LI><a href="#[12]">EXTI2_3_IRQHandler</a> from startup_stm32f0xx.o(.text) referenced from startup_stm32f0xx.o(RESET)
 <LI><a href="#[13]">EXTI4_15_IRQHandler</a> from startup_stm32f0xx.o(.text) referenced from startup_stm32f0xx.o(RESET)
 <LI><a href="#[f]">FLASH_IRQHandler</a> from startup_stm32f0xx.o(.text) referenced from startup_stm32f0xx.o(RESET)
 <LI><a href="#[8]">HardFault_Handler</a> from stm32f0xx_it.o(i.HardFault_Handler) referenced from startup_stm32f0xx.o(RESET)
 <LI><a href="#[22]">I2C1_IRQHandler</a> from startup_stm32f0xx.o(.text) referenced from startup_stm32f0xx.o(RESET)
 <LI><a href="#[23]">I2C2_IRQHandler</a> from startup_stm32f0xx.o(.text) referenced from startup_stm32f0xx.o(RESET)
 <LI><a href="#[7]">NMI_Handler</a> from stm32f0xx_it.o(i.NMI_Handler) referenced from startup_stm32f0xx.o(RESET)
 <LI><a href="#[d]">PVD_IRQHandler</a> from startup_stm32f0xx.o(.text) referenced from startup_stm32f0xx.o(RESET)
 <LI><a href="#[a]">PendSV_Handler</a> from stm32f0xx_it.o(i.PendSV_Handler) referenced from startup_stm32f0xx.o(RESET)
 <LI><a href="#[10]">RCC_IRQHandler</a> from startup_stm32f0xx.o(.text) referenced from startup_stm32f0xx.o(RESET)
 <LI><a href="#[e]">RTC_IRQHandler</a> from startup_stm32f0xx.o(.text) referenced from startup_stm32f0xx.o(RESET)
 <LI><a href="#[6]">Reset_Handler</a> from startup_stm32f0xx.o(.text) referenced from startup_stm32f0xx.o(RESET)
 <LI><a href="#[24]">SPI1_IRQHandler</a> from startup_stm32f0xx.o(.text) referenced from startup_stm32f0xx.o(RESET)
 <LI><a href="#[25]">SPI2_IRQHandler</a> from startup_stm32f0xx.o(.text) referenced from startup_stm32f0xx.o(RESET)
 <LI><a href="#[9]">SVC_Handler</a> from stm32f0xx_it.o(i.SVC_Handler) referenced from startup_stm32f0xx.o(RESET)
 <LI><a href="#[b]">SysTick_Handler</a> from stm32f0xx_it.o(i.SysTick_Handler) referenced from startup_stm32f0xx.o(RESET)
 <LI><a href="#[29]">SystemInit</a> from system_stm32f0xx.o(i.SystemInit) referenced from startup_stm32f0xx.o(.text)
 <LI><a href="#[1e]">TIM14_IRQHandler</a> from startup_stm32f0xx.o(.text) referenced from startup_stm32f0xx.o(RESET)
 <LI><a href="#[1f]">TIM15_IRQHandler</a> from startup_stm32f0xx.o(.text) referenced from startup_stm32f0xx.o(RESET)
 <LI><a href="#[20]">TIM16_IRQHandler</a> from tim16.o(i.TIM16_IRQHandler) referenced from startup_stm32f0xx.o(RESET)
 <LI><a href="#[21]">TIM17_IRQHandler</a> from startup_stm32f0xx.o(.text) referenced from startup_stm32f0xx.o(RESET)
 <LI><a href="#[19]">TIM1_BRK_UP_TRG_COM_IRQHandler</a> from startup_stm32f0xx.o(.text) referenced from startup_stm32f0xx.o(RESET)
 <LI><a href="#[1a]">TIM1_CC_IRQHandler</a> from startup_stm32f0xx.o(.text) referenced from startup_stm32f0xx.o(RESET)
 <LI><a href="#[1b]">TIM2_IRQHandler</a> from startup_stm32f0xx.o(.text) referenced from startup_stm32f0xx.o(RESET)
 <LI><a href="#[1c]">TIM3_IRQHandler</a> from startup_stm32f0xx.o(.text) referenced from startup_stm32f0xx.o(RESET)
 <LI><a href="#[1d]">TIM6_DAC_IRQHandler</a> from startup_stm32f0xx.o(.text) referenced from startup_stm32f0xx.o(RESET)
 <LI><a href="#[14]">TS_IRQHandler</a> from startup_stm32f0xx.o(.text) referenced from startup_stm32f0xx.o(RESET)
 <LI><a href="#[26]">USART1_IRQHandler</a> from startup_stm32f0xx.o(.text) referenced from startup_stm32f0xx.o(RESET)
 <LI><a href="#[27]">USART2_IRQHandler</a> from startup_stm32f0xx.o(.text) referenced from startup_stm32f0xx.o(RESET)
 <LI><a href="#[c]">WWDG_IRQHandler</a> from startup_stm32f0xx.o(.text) referenced from startup_stm32f0xx.o(RESET)
 <LI><a href="#[3c]">__main</a> from __main.o(!!!main) referenced from startup_stm32f0xx.o(.text)
</UL>
<P>
<H3>
Global Symbols
</H3>
<P><STRONG><a name="[3c]"></a>__main</STRONG> (Thumb, 8 bytes, Stack size 0 bytes, __main.o(!!!main))
<BR><BR>[Calls]<UL><LI><a href="#[3d]">&gt;&gt;</a>&nbsp;&nbsp;&nbsp;__scatterload
<LI><a href="#[3e]">&gt;&gt;</a>&nbsp;&nbsp;&nbsp;__rt_entry
</UL>

<P><STRONG><a name="[3d]"></a>__scatterload</STRONG> (Thumb, 0 bytes, Stack size unknown bytes, __scatter.o(!!!scatter))
<BR><BR>[Called By]<UL><LI><a href="#[3c]">&gt;&gt;</a>&nbsp;&nbsp;&nbsp;__main
</UL>

<P><STRONG><a name="[3f]"></a>__scatterload_rt2</STRONG> (Thumb, 52 bytes, Stack size unknown bytes, __scatter.o(!!!scatter), UNUSED)
<BR><BR>[Calls]<UL><LI><a href="#[3e]">&gt;&gt;</a>&nbsp;&nbsp;&nbsp;__rt_entry
</UL>

<P><STRONG><a name="[ba]"></a>__scatterload_rt2_thumb_only</STRONG> (Thumb, 0 bytes, Stack size unknown bytes, __scatter.o(!!!scatter), UNUSED)

<P><STRONG><a name="[bb]"></a>__scatterload_null</STRONG> (Thumb, 0 bytes, Stack size unknown bytes, __scatter.o(!!!scatter), UNUSED)

<P><STRONG><a name="[40]"></a>__scatterload_copy</STRONG> (Thumb, 26 bytes, Stack size unknown bytes, __scatter_copy.o(!!handler_copy), UNUSED)
<BR><BR>[Calls]<UL><LI><a href="#[40]">&gt;&gt;</a>&nbsp;&nbsp;&nbsp;__scatterload_copy
</UL>
<BR>[Called By]<UL><LI><a href="#[40]">&gt;&gt;</a>&nbsp;&nbsp;&nbsp;__scatterload_copy
</UL>

<P><STRONG><a name="[bc]"></a>__scatterload_zeroinit</STRONG> (Thumb, 28 bytes, Stack size unknown bytes, __scatter_zi.o(!!handler_zi), UNUSED)

<P><STRONG><a name="[44]"></a>__rt_lib_init</STRONG> (Thumb, 0 bytes, Stack size unknown bytes, libinit.o(.ARM.Collect$$libinit$$00000000))
<BR><BR>[Called By]<UL><LI><a href="#[43]">&gt;&gt;</a>&nbsp;&nbsp;&nbsp;__rt_entry_li
</UL>

<P><STRONG><a name="[bd]"></a>__rt_lib_init_alloca_1</STRONG> (Thumb, 0 bytes, Stack size unknown bytes, libinit2.o(.ARM.Collect$$libinit$$0000002E))

<P><STRONG><a name="[be]"></a>__rt_lib_init_argv_1</STRONG> (Thumb, 0 bytes, Stack size unknown bytes, libinit2.o(.ARM.Collect$$libinit$$0000002C))

<P><STRONG><a name="[bf]"></a>__rt_lib_init_atexit_1</STRONG> (Thumb, 0 bytes, Stack size unknown bytes, libinit2.o(.ARM.Collect$$libinit$$0000001B))

<P><STRONG><a name="[c0]"></a>__rt_lib_init_clock_1</STRONG> (Thumb, 0 bytes, Stack size unknown bytes, libinit2.o(.ARM.Collect$$libinit$$00000021))

<P><STRONG><a name="[c1]"></a>__rt_lib_init_cpp_1</STRONG> (Thumb, 0 bytes, Stack size unknown bytes, libinit2.o(.ARM.Collect$$libinit$$00000032))

<P><STRONG><a name="[c2]"></a>__rt_lib_init_exceptions_1</STRONG> (Thumb, 0 bytes, Stack size unknown bytes, libinit2.o(.ARM.Collect$$libinit$$00000030))

<P><STRONG><a name="[c3]"></a>__rt_lib_init_fp_1</STRONG> (Thumb, 0 bytes, Stack size unknown bytes, libinit2.o(.ARM.Collect$$libinit$$00000002))

<P><STRONG><a name="[c4]"></a>__rt_lib_init_fp_trap_1</STRONG> (Thumb, 0 bytes, Stack size unknown bytes, libinit2.o(.ARM.Collect$$libinit$$0000001F))

<P><STRONG><a name="[c5]"></a>__rt_lib_init_getenv_1</STRONG> (Thumb, 0 bytes, Stack size unknown bytes, libinit2.o(.ARM.Collect$$libinit$$00000023))

<P><STRONG><a name="[c6]"></a>__rt_lib_init_heap_1</STRONG> (Thumb, 0 bytes, Stack size unknown bytes, libinit2.o(.ARM.Collect$$libinit$$0000000A))

<P><STRONG><a name="[c7]"></a>__rt_lib_init_lc_collate_1</STRONG> (Thumb, 0 bytes, Stack size unknown bytes, libinit2.o(.ARM.Collect$$libinit$$00000011))

<P><STRONG><a name="[c8]"></a>__rt_lib_init_lc_ctype_1</STRONG> (Thumb, 0 bytes, Stack size unknown bytes, libinit2.o(.ARM.Collect$$libinit$$00000013))

<P><STRONG><a name="[c9]"></a>__rt_lib_init_lc_monetary_1</STRONG> (Thumb, 0 bytes, Stack size unknown bytes, libinit2.o(.ARM.Collect$$libinit$$00000015))

<P><STRONG><a name="[ca]"></a>__rt_lib_init_lc_numeric_1</STRONG> (Thumb, 0 bytes, Stack size unknown bytes, libinit2.o(.ARM.Collect$$libinit$$00000017))

<P><STRONG><a name="[cb]"></a>__rt_lib_init_lc_time_1</STRONG> (Thumb, 0 bytes, Stack size unknown bytes, libinit2.o(.ARM.Collect$$libinit$$00000019))

<P><STRONG><a name="[cc]"></a>__rt_lib_init_preinit_1</STRONG> (Thumb, 0 bytes, Stack size unknown bytes, libinit2.o(.ARM.Collect$$libinit$$00000004))

<P><STRONG><a name="[cd]"></a>__rt_lib_init_rand_1</STRONG> (Thumb, 0 bytes, Stack size unknown bytes, libinit2.o(.ARM.Collect$$libinit$$0000000E))

<P><STRONG><a name="[ce]"></a>__rt_lib_init_return</STRONG> (Thumb, 0 bytes, Stack size unknown bytes, libinit2.o(.ARM.Collect$$libinit$$00000033))

<P><STRONG><a name="[cf]"></a>__rt_lib_init_signal_1</STRONG> (Thumb, 0 bytes, Stack size unknown bytes, libinit2.o(.ARM.Collect$$libinit$$0000001D))

<P><STRONG><a name="[d0]"></a>__rt_lib_init_stdio_1</STRONG> (Thumb, 0 bytes, Stack size unknown bytes, libinit2.o(.ARM.Collect$$libinit$$00000025))

<P><STRONG><a name="[d1]"></a>__rt_lib_init_user_alloc_1</STRONG> (Thumb, 0 bytes, Stack size unknown bytes, libinit2.o(.ARM.Collect$$libinit$$0000000C))

<P><STRONG><a name="[49]"></a>__rt_lib_shutdown</STRONG> (Thumb, 0 bytes, Stack size unknown bytes, libshutdown.o(.ARM.Collect$$libshutdown$$00000000))
<BR><BR>[Called By]<UL><LI><a href="#[48]">&gt;&gt;</a>&nbsp;&nbsp;&nbsp;__rt_exit_ls
</UL>

<P><STRONG><a name="[d2]"></a>__rt_lib_shutdown_cpp_1</STRONG> (Thumb, 0 bytes, Stack size unknown bytes, libshutdown2.o(.ARM.Collect$$libshutdown$$00000004))

<P><STRONG><a name="[d3]"></a>__rt_lib_shutdown_fini_1</STRONG> (Thumb, 0 bytes, Stack size unknown bytes, libshutdown2.o(.ARM.Collect$$libshutdown$$00000002))

<P><STRONG><a name="[d4]"></a>__rt_lib_shutdown_fp_trap_1</STRONG> (Thumb, 0 bytes, Stack size unknown bytes, libshutdown2.o(.ARM.Collect$$libshutdown$$00000009))

<P><STRONG><a name="[d5]"></a>__rt_lib_shutdown_heap_1</STRONG> (Thumb, 0 bytes, Stack size unknown bytes, libshutdown2.o(.ARM.Collect$$libshutdown$$00000011))

<P><STRONG><a name="[d6]"></a>__rt_lib_shutdown_return</STRONG> (Thumb, 0 bytes, Stack size unknown bytes, libshutdown2.o(.ARM.Collect$$libshutdown$$00000012))

<P><STRONG><a name="[d7]"></a>__rt_lib_shutdown_signal_1</STRONG> (Thumb, 0 bytes, Stack size unknown bytes, libshutdown2.o(.ARM.Collect$$libshutdown$$0000000C))

<P><STRONG><a name="[d8]"></a>__rt_lib_shutdown_stdio_1</STRONG> (Thumb, 0 bytes, Stack size unknown bytes, libshutdown2.o(.ARM.Collect$$libshutdown$$00000006))

<P><STRONG><a name="[d9]"></a>__rt_lib_shutdown_user_alloc_1</STRONG> (Thumb, 0 bytes, Stack size unknown bytes, libshutdown2.o(.ARM.Collect$$libshutdown$$0000000E))

<P><STRONG><a name="[3e]"></a>__rt_entry</STRONG> (Thumb, 0 bytes, Stack size unknown bytes, __rtentry.o(.ARM.Collect$$rtentry$$00000000))
<BR><BR>[Called By]<UL><LI><a href="#[3f]">&gt;&gt;</a>&nbsp;&nbsp;&nbsp;__scatterload_rt2
<LI><a href="#[3c]">&gt;&gt;</a>&nbsp;&nbsp;&nbsp;__main
</UL>

<P><STRONG><a name="[da]"></a>__rt_entry_presh_1</STRONG> (Thumb, 0 bytes, Stack size unknown bytes, __rtentry2.o(.ARM.Collect$$rtentry$$00000002))

<P><STRONG><a name="[41]"></a>__rt_entry_sh</STRONG> (Thumb, 0 bytes, Stack size unknown bytes, __rtentry4.o(.ARM.Collect$$rtentry$$00000004))
<BR><BR>[Stack]<UL><LI>Max Depth = 8 + Unknown Stack Size
<LI>Call Chain = __rt_entry_sh &rArr; __user_setup_stackheap
</UL>
<BR>[Calls]<UL><LI><a href="#[42]">&gt;&gt;</a>&nbsp;&nbsp;&nbsp;__user_setup_stackheap
</UL>

<P><STRONG><a name="[43]"></a>__rt_entry_li</STRONG> (Thumb, 0 bytes, Stack size unknown bytes, __rtentry2.o(.ARM.Collect$$rtentry$$0000000A))
<BR><BR>[Calls]<UL><LI><a href="#[44]">&gt;&gt;</a>&nbsp;&nbsp;&nbsp;__rt_lib_init
</UL>

<P><STRONG><a name="[db]"></a>__rt_entry_postsh_1</STRONG> (Thumb, 0 bytes, Stack size unknown bytes, __rtentry2.o(.ARM.Collect$$rtentry$$00000009))

<P><STRONG><a name="[45]"></a>__rt_entry_main</STRONG> (Thumb, 0 bytes, Stack size unknown bytes, __rtentry2.o(.ARM.Collect$$rtentry$$0000000D))
<BR><BR>[Stack]<UL><LI>Max Depth = 328 + Unknown Stack Size
<LI>Call Chain = __rt_entry_main &rArr; main &rArr; Display_UI_Init &rArr; Display_UI_PLL_Main_Page_Init &rArr; Display_UI_PLL_Refresh_Status &rArr; display_signed_integer &rArr; display_unsigned &rArr; display_digit_blink &rArr; Display_UI_Blink_Show_Register &rArr; Display_UI_Blink_Show_Stop &rArr; Display_UI_Blink_Show &rArr; LCD_16ShowString_hanzi &rArr; LCD_SHOW_HANZI &rArr; LCD_Set_Windows
</UL>
<BR>[Calls]<UL><LI><a href="#[46]">&gt;&gt;</a>&nbsp;&nbsp;&nbsp;main
<LI><a href="#[47]">&gt;&gt;</a>&nbsp;&nbsp;&nbsp;exit
</UL>

<P><STRONG><a name="[dc]"></a>__rt_entry_postli_1</STRONG> (Thumb, 0 bytes, Stack size unknown bytes, __rtentry2.o(.ARM.Collect$$rtentry$$0000000C))

<P><STRONG><a name="[4f]"></a>__rt_exit</STRONG> (Thumb, 0 bytes, Stack size unknown bytes, rtexit.o(.ARM.Collect$$rtexit$$00000000))
<BR><BR>[Called By]<UL><LI><a href="#[47]">&gt;&gt;</a>&nbsp;&nbsp;&nbsp;exit
</UL>

<P><STRONG><a name="[48]"></a>__rt_exit_ls</STRONG> (Thumb, 0 bytes, Stack size unknown bytes, rtexit2.o(.ARM.Collect$$rtexit$$00000003))
<BR><BR>[Calls]<UL><LI><a href="#[49]">&gt;&gt;</a>&nbsp;&nbsp;&nbsp;__rt_lib_shutdown
</UL>

<P><STRONG><a name="[dd]"></a>__rt_exit_prels_1</STRONG> (Thumb, 0 bytes, Stack size unknown bytes, rtexit2.o(.ARM.Collect$$rtexit$$00000002))

<P><STRONG><a name="[4a]"></a>__rt_exit_exit</STRONG> (Thumb, 0 bytes, Stack size unknown bytes, rtexit2.o(.ARM.Collect$$rtexit$$00000004))
<BR><BR>[Calls]<UL><LI><a href="#[4b]">&gt;&gt;</a>&nbsp;&nbsp;&nbsp;_sys_exit
</UL>

<P><STRONG><a name="[7a]"></a>Fun_Div10</STRONG> (Thumb, 36 bytes, Stack size 0 bytes, display.o(.emb_text))
<BR><BR>[Called By]<UL><LI><a href="#[79]">&gt;&gt;</a>&nbsp;&nbsp;&nbsp;Display_U32toDec
</UL>

<P><STRONG><a name="[9c]"></a>__asm___5_lcd_c_15d5615c____REV16</STRONG> (Thumb, 4 bytes, Stack size 0 bytes, lcd.o(.rev16_text))
<BR><BR>[Called By]<UL><LI><a href="#[a4]">&gt;&gt;</a>&nbsp;&nbsp;&nbsp;LCD_Set_Windows
<LI><a href="#[9d]">&gt;&gt;</a>&nbsp;&nbsp;&nbsp;LCD_Set_Cursor_Fast
<LI><a href="#[9b]">&gt;&gt;</a>&nbsp;&nbsp;&nbsp;LCD_SHOW_HANZI
<LI><a href="#[7d]">&gt;&gt;</a>&nbsp;&nbsp;&nbsp;LCD_Show_Square
<LI><a href="#[81]">&gt;&gt;</a>&nbsp;&nbsp;&nbsp;LCD_SHOW_Icon_1612
<LI><a href="#[82]">&gt;&gt;</a>&nbsp;&nbsp;&nbsp;LCD_SHOW_ASCII_1608
<LI><a href="#[85]">&gt;&gt;</a>&nbsp;&nbsp;&nbsp;LCD_SHOW_ASCII_0806
<LI><a href="#[80]">&gt;&gt;</a>&nbsp;&nbsp;&nbsp;LCD_Clear
</UL>

<P><STRONG><a name="[51]"></a>ADC_QUICK_ADD</STRONG> (Thumb, 0 bytes, Stack size unknown bytes, adc_1.o(.text))
<BR><BR>[Called By]<UL><LI><a href="#[50]">&gt;&gt;</a>&nbsp;&nbsp;&nbsp;ADC_Data_Service
</UL>

<P><STRONG><a name="[6]"></a>Reset_Handler</STRONG> (Thumb, 38 bytes, Stack size 0 bytes, startup_stm32f0xx.o(.text))
<BR>[Address Reference Count : 1]<UL><LI> startup_stm32f0xx.o(RESET)
</UL>
<P><STRONG><a name="[18]"></a>ADC1_COMP_IRQHandler</STRONG> (Thumb, 0 bytes, Stack size 0 bytes, startup_stm32f0xx.o(.text))
<BR><BR>[Calls]<UL><LI><a href="#[18]">&gt;&gt;</a>&nbsp;&nbsp;&nbsp;ADC1_COMP_IRQHandler
</UL>
<BR>[Called By]<UL><LI><a href="#[18]">&gt;&gt;</a>&nbsp;&nbsp;&nbsp;ADC1_COMP_IRQHandler
</UL>
<BR>[Address Reference Count : 1]<UL><LI> startup_stm32f0xx.o(RESET)
</UL>
<P><STRONG><a name="[28]"></a>CEC_IRQHandler</STRONG> (Thumb, 0 bytes, Stack size 0 bytes, startup_stm32f0xx.o(.text))
<BR>[Address Reference Count : 1]<UL><LI> startup_stm32f0xx.o(RESET)
</UL>
<P><STRONG><a name="[15]"></a>DMA1_Channel1_IRQHandler</STRONG> (Thumb, 0 bytes, Stack size 0 bytes, startup_stm32f0xx.o(.text))
<BR>[Address Reference Count : 1]<UL><LI> startup_stm32f0xx.o(RESET)
</UL>
<P><STRONG><a name="[16]"></a>DMA1_Channel2_3_IRQHandler</STRONG> (Thumb, 0 bytes, Stack size 0 bytes, startup_stm32f0xx.o(.text))
<BR>[Address Reference Count : 1]<UL><LI> startup_stm32f0xx.o(RESET)
</UL>
<P><STRONG><a name="[17]"></a>DMA1_Channel4_5_IRQHandler</STRONG> (Thumb, 0 bytes, Stack size 0 bytes, startup_stm32f0xx.o(.text))
<BR>[Address Reference Count : 1]<UL><LI> startup_stm32f0xx.o(RESET)
</UL>
<P><STRONG><a name="[11]"></a>EXTI0_1_IRQHandler</STRONG> (Thumb, 0 bytes, Stack size 0 bytes, startup_stm32f0xx.o(.text))
<BR>[Address Reference Count : 1]<UL><LI> startup_stm32f0xx.o(RESET)
</UL>
<P><STRONG><a name="[12]"></a>EXTI2_3_IRQHandler</STRONG> (Thumb, 0 bytes, Stack size 0 bytes, startup_stm32f0xx.o(.text))
<BR>[Address Reference Count : 1]<UL><LI> startup_stm32f0xx.o(RESET)
</UL>
<P><STRONG><a name="[13]"></a>EXTI4_15_IRQHandler</STRONG> (Thumb, 0 bytes, Stack size 0 bytes, startup_stm32f0xx.o(.text))
<BR>[Address Reference Count : 1]<UL><LI> startup_stm32f0xx.o(RESET)
</UL>
<P><STRONG><a name="[f]"></a>FLASH_IRQHandler</STRONG> (Thumb, 0 bytes, Stack size 0 bytes, startup_stm32f0xx.o(.text))
<BR>[Address Reference Count : 1]<UL><LI> startup_stm32f0xx.o(RESET)
</UL>
<P><STRONG><a name="[22]"></a>I2C1_IRQHandler</STRONG> (Thumb, 0 bytes, Stack size 0 bytes, startup_stm32f0xx.o(.text))
<BR>[Address Reference Count : 1]<UL><LI> startup_stm32f0xx.o(RESET)
</UL>
<P><STRONG><a name="[23]"></a>I2C2_IRQHandler</STRONG> (Thumb, 0 bytes, Stack size 0 bytes, startup_stm32f0xx.o(.text))
<BR>[Address Reference Count : 1]<UL><LI> startup_stm32f0xx.o(RESET)
</UL>
<P><STRONG><a name="[d]"></a>PVD_IRQHandler</STRONG> (Thumb, 0 bytes, Stack size 0 bytes, startup_stm32f0xx.o(.text))
<BR>[Address Reference Count : 1]<UL><LI> startup_stm32f0xx.o(RESET)
</UL>
<P><STRONG><a name="[10]"></a>RCC_IRQHandler</STRONG> (Thumb, 0 bytes, Stack size 0 bytes, startup_stm32f0xx.o(.text))
<BR>[Address Reference Count : 1]<UL><LI> startup_stm32f0xx.o(RESET)
</UL>
<P><STRONG><a name="[e]"></a>RTC_IRQHandler</STRONG> (Thumb, 0 bytes, Stack size 0 bytes, startup_stm32f0xx.o(.text))
<BR>[Address Reference Count : 1]<UL><LI> startup_stm32f0xx.o(RESET)
</UL>
<P><STRONG><a name="[24]"></a>SPI1_IRQHandler</STRONG> (Thumb, 0 bytes, Stack size 0 bytes, startup_stm32f0xx.o(.text))
<BR>[Address Reference Count : 1]<UL><LI> startup_stm32f0xx.o(RESET)
</UL>
<P><STRONG><a name="[25]"></a>SPI2_IRQHandler</STRONG> (Thumb, 0 bytes, Stack size 0 bytes, startup_stm32f0xx.o(.text))
<BR>[Address Reference Count : 1]<UL><LI> startup_stm32f0xx.o(RESET)
</UL>
<P><STRONG><a name="[1e]"></a>TIM14_IRQHandler</STRONG> (Thumb, 0 bytes, Stack size 0 bytes, startup_stm32f0xx.o(.text))
<BR>[Address Reference Count : 1]<UL><LI> startup_stm32f0xx.o(RESET)
</UL>
<P><STRONG><a name="[1f]"></a>TIM15_IRQHandler</STRONG> (Thumb, 0 bytes, Stack size 0 bytes, startup_stm32f0xx.o(.text))
<BR>[Address Reference Count : 1]<UL><LI> startup_stm32f0xx.o(RESET)
</UL>
<P><STRONG><a name="[21]"></a>TIM17_IRQHandler</STRONG> (Thumb, 0 bytes, Stack size 0 bytes, startup_stm32f0xx.o(.text))
<BR>[Address Reference Count : 1]<UL><LI> startup_stm32f0xx.o(RESET)
</UL>
<P><STRONG><a name="[19]"></a>TIM1_BRK_UP_TRG_COM_IRQHandler</STRONG> (Thumb, 0 bytes, Stack size 0 bytes, startup_stm32f0xx.o(.text))
<BR>[Address Reference Count : 1]<UL><LI> startup_stm32f0xx.o(RESET)
</UL>
<P><STRONG><a name="[1a]"></a>TIM1_CC_IRQHandler</STRONG> (Thumb, 0 bytes, Stack size 0 bytes, startup_stm32f0xx.o(.text))
<BR>[Address Reference Count : 1]<UL><LI> startup_stm32f0xx.o(RESET)
</UL>
<P><STRONG><a name="[1b]"></a>TIM2_IRQHandler</STRONG> (Thumb, 0 bytes, Stack size 0 bytes, startup_stm32f0xx.o(.text))
<BR>[Address Reference Count : 1]<UL><LI> startup_stm32f0xx.o(RESET)
</UL>
<P><STRONG><a name="[1c]"></a>TIM3_IRQHandler</STRONG> (Thumb, 0 bytes, Stack size 0 bytes, startup_stm32f0xx.o(.text))
<BR>[Address Reference Count : 1]<UL><LI> startup_stm32f0xx.o(RESET)
</UL>
<P><STRONG><a name="[1d]"></a>TIM6_DAC_IRQHandler</STRONG> (Thumb, 0 bytes, Stack size 0 bytes, startup_stm32f0xx.o(.text))
<BR>[Address Reference Count : 1]<UL><LI> startup_stm32f0xx.o(RESET)
</UL>
<P><STRONG><a name="[14]"></a>TS_IRQHandler</STRONG> (Thumb, 0 bytes, Stack size 0 bytes, startup_stm32f0xx.o(.text))
<BR>[Address Reference Count : 1]<UL><LI> startup_stm32f0xx.o(RESET)
</UL>
<P><STRONG><a name="[26]"></a>USART1_IRQHandler</STRONG> (Thumb, 0 bytes, Stack size 0 bytes, startup_stm32f0xx.o(.text))
<BR>[Address Reference Count : 1]<UL><LI> startup_stm32f0xx.o(RESET)
</UL>
<P><STRONG><a name="[27]"></a>USART2_IRQHandler</STRONG> (Thumb, 0 bytes, Stack size 0 bytes, startup_stm32f0xx.o(.text))
<BR>[Address Reference Count : 1]<UL><LI> startup_stm32f0xx.o(RESET)
</UL>
<P><STRONG><a name="[c]"></a>WWDG_IRQHandler</STRONG> (Thumb, 0 bytes, Stack size 0 bytes, startup_stm32f0xx.o(.text))
<BR>[Address Reference Count : 1]<UL><LI> startup_stm32f0xx.o(RESET)
</UL>
<P><STRONG><a name="[4d]"></a>__user_initial_stackheap</STRONG> (Thumb, 0 bytes, Stack size unknown bytes, startup_stm32f0xx.o(.text))
<BR><BR>[Called By]<UL><LI><a href="#[42]">&gt;&gt;</a>&nbsp;&nbsp;&nbsp;__user_setup_stackheap
</UL>

<P><STRONG><a name="[54]"></a>__aeabi_uldivmod</STRONG> (Thumb, 258 bytes, Stack size 32 bytes, lludiv.o(.text))
<BR><BR>[Stack]<UL><LI>Max Depth = 32<LI>Call Chain = __aeabi_uldivmod
</UL>
<BR>[Called By]<UL><LI><a href="#[50]">&gt;&gt;</a>&nbsp;&nbsp;&nbsp;ADC_Data_Service
</UL>

<P><STRONG><a name="[de]"></a>_ll_udiv</STRONG> (Thumb, 0 bytes, Stack size 32 bytes, lludiv.o(.text), UNUSED)

<P><STRONG><a name="[df]"></a>__aeabi_uidiv</STRONG> (Thumb, 0 bytes, Stack size 0 bytes, aeabi_sdiv.o(.text), UNUSED)

<P><STRONG><a name="[52]"></a>__aeabi_uidivmod</STRONG> (Thumb, 20 bytes, Stack size 0 bytes, aeabi_sdiv.o(.text))
<BR><BR>[Called By]<UL><LI><a href="#[67]">&gt;&gt;</a>&nbsp;&nbsp;&nbsp;Display_UI_Show_PLL_Set_Freq
<LI><a href="#[70]">&gt;&gt;</a>&nbsp;&nbsp;&nbsp;Display_UI_Show_Amplitude_Freq_Threshold
<LI><a href="#[b6]">&gt;&gt;</a>&nbsp;&nbsp;&nbsp;format_phase
<LI><a href="#[8d]">&gt;&gt;</a>&nbsp;&nbsp;&nbsp;display_fast_meter
<LI><a href="#[b5]">&gt;&gt;</a>&nbsp;&nbsp;&nbsp;delay_init
<LI><a href="#[50]">&gt;&gt;</a>&nbsp;&nbsp;&nbsp;ADC_Data_Service
</UL>

<P><STRONG><a name="[e0]"></a>__aeabi_idiv</STRONG> (Thumb, 0 bytes, Stack size 8 bytes, aeabi_sdiv.o(.text), UNUSED)

<P><STRONG><a name="[e1]"></a>__aeabi_idivmod</STRONG> (Thumb, 326 bytes, Stack size 8 bytes, aeabi_sdiv.o(.text), UNUSED)

<P><STRONG><a name="[e2]"></a>__use_two_region_memory</STRONG> (Thumb, 2 bytes, Stack size 0 bytes, heapauxi.o(.text), UNUSED)

<P><STRONG><a name="[e3]"></a>__rt_heap_escrow$2region</STRONG> (Thumb, 2 bytes, Stack size 0 bytes, heapauxi.o(.text), UNUSED)

<P><STRONG><a name="[e4]"></a>__rt_heap_expand$2region</STRONG> (Thumb, 2 bytes, Stack size 0 bytes, heapauxi.o(.text), UNUSED)

<P><STRONG><a name="[42]"></a>__user_setup_stackheap</STRONG> (Thumb, 62 bytes, Stack size 8 bytes, sys_stackheap_outer.o(.text))
<BR><BR>[Stack]<UL><LI>Max Depth = 8 + Unknown Stack Size
<LI>Call Chain = __user_setup_stackheap
</UL>
<BR>[Calls]<UL><LI><a href="#[4c]">&gt;&gt;</a>&nbsp;&nbsp;&nbsp;__user_perproc_libspace
<LI><a href="#[4d]">&gt;&gt;</a>&nbsp;&nbsp;&nbsp;__user_initial_stackheap
</UL>
<BR>[Called By]<UL><LI><a href="#[41]">&gt;&gt;</a>&nbsp;&nbsp;&nbsp;__rt_entry_sh
</UL>

<P><STRONG><a name="[47]"></a>exit</STRONG> (Thumb, 16 bytes, Stack size 8 bytes, exit.o(.text))
<BR><BR>[Stack]<UL><LI>Max Depth = 8 + Unknown Stack Size
<LI>Call Chain = exit
</UL>
<BR>[Calls]<UL><LI><a href="#[4f]">&gt;&gt;</a>&nbsp;&nbsp;&nbsp;__rt_exit
<LI><a href="#[4e]">&gt;&gt;</a>&nbsp;&nbsp;&nbsp;_call_atexit_fns (Weak Reference)
</UL>
<BR>[Called By]<UL><LI><a href="#[45]">&gt;&gt;</a>&nbsp;&nbsp;&nbsp;__rt_entry_main
</UL>

<P><STRONG><a name="[e5]"></a>__user_libspace</STRONG> (Thumb, 8 bytes, Stack size 0 bytes, libspace.o(.text), UNUSED)

<P><STRONG><a name="[4c]"></a>__user_perproc_libspace</STRONG> (Thumb, 0 bytes, Stack size 0 bytes, libspace.o(.text))
<BR><BR>[Called By]<UL><LI><a href="#[42]">&gt;&gt;</a>&nbsp;&nbsp;&nbsp;__user_setup_stackheap
</UL>

<P><STRONG><a name="[e6]"></a>__user_perthread_libspace</STRONG> (Thumb, 0 bytes, Stack size 0 bytes, libspace.o(.text), UNUSED)

<P><STRONG><a name="[4b]"></a>_sys_exit</STRONG> (Thumb, 8 bytes, Stack size 0 bytes, sys_exit.o(.text))
<BR><BR>[Called By]<UL><LI><a href="#[4a]">&gt;&gt;</a>&nbsp;&nbsp;&nbsp;__rt_exit_exit
</UL>

<P><STRONG><a name="[e7]"></a>__I$use$semihosting</STRONG> (Thumb, 0 bytes, Stack size 0 bytes, use_no_semi.o(.text), UNUSED)

<P><STRONG><a name="[e8]"></a>__use_no_semihosting_swi</STRONG> (Thumb, 2 bytes, Stack size 0 bytes, use_no_semi.o(.text), UNUSED)

<P><STRONG><a name="[e9]"></a>__semihosting_library_function</STRONG> (Thumb, 0 bytes, Stack size unknown bytes, indicate_semi.o(.text), UNUSED)

<P><STRONG><a name="[b7]"></a>ADC_DMA_Init</STRONG> (Thumb, 260 bytes, Stack size 0 bytes, adc.o(i.ADC_DMA_Init))
<BR><BR>[Called By]<UL><LI><a href="#[46]">&gt;&gt;</a>&nbsp;&nbsp;&nbsp;main
</UL>

<P><STRONG><a name="[50]"></a>ADC_Data_Service</STRONG> (Thumb, 126 bytes, Stack size 24 bytes, adc.o(i.ADC_Data_Service))
<BR><BR>[Stack]<UL><LI>Max Depth = 56 + Unknown Stack Size
<LI>Call Chain = ADC_Data_Service &rArr; __aeabi_uldivmod
</UL>
<BR>[Calls]<UL><LI><a href="#[52]">&gt;&gt;</a>&nbsp;&nbsp;&nbsp;__aeabi_uidivmod
<LI><a href="#[54]">&gt;&gt;</a>&nbsp;&nbsp;&nbsp;__aeabi_uldivmod
<LI><a href="#[51]">&gt;&gt;</a>&nbsp;&nbsp;&nbsp;ADC_QUICK_ADD
<LI><a href="#[53]">&gt;&gt;</a>&nbsp;&nbsp;&nbsp;__ARM_common_ll_muluu
</UL>
<BR>[Called By]<UL><LI><a href="#[46]">&gt;&gt;</a>&nbsp;&nbsp;&nbsp;main
</UL>

<P><STRONG><a name="[af]"></a>ADC_Tick_Service</STRONG> (Thumb, 12 bytes, Stack size 0 bytes, adc.o(i.ADC_Tick_Service))
<BR><BR>[Called By]<UL><LI><a href="#[20]">&gt;&gt;</a>&nbsp;&nbsp;&nbsp;TIM16_IRQHandler
</UL>

<P><STRONG><a name="[b9]"></a>Ctrl_Data_Init</STRONG> (Thumb, 74 bytes, Stack size 0 bytes, control.o(i.Ctrl_Data_Init))
<BR><BR>[Called By]<UL><LI><a href="#[46]">&gt;&gt;</a>&nbsp;&nbsp;&nbsp;main
</UL>

<P><STRONG><a name="[71]"></a>Ctrl_Dispaly_Refresh_Show_Status</STRONG> (Thumb, 54 bytes, Stack size 8 bytes, control.o(i.Ctrl_Dispaly_Refresh_Show_Status))
<BR><BR>[Stack]<UL><LI>Max Depth = 320<LI>Call Chain = Ctrl_Dispaly_Refresh_Show_Status &rArr; Display_UI_PLL_Refresh_Status &rArr; display_signed_integer &rArr; display_unsigned &rArr; display_digit_blink &rArr; Display_UI_Blink_Show_Register &rArr; Display_UI_Blink_Show_Stop &rArr; Display_UI_Blink_Show &rArr; LCD_16ShowString_hanzi &rArr; LCD_SHOW_HANZI &rArr; LCD_Set_Windows
</UL>
<BR>[Calls]<UL><LI><a href="#[59]">&gt;&gt;</a>&nbsp;&nbsp;&nbsp;STM8_Slave_Read_Status
<LI><a href="#[6a]">&gt;&gt;</a>&nbsp;&nbsp;&nbsp;Display_UI_Show_Debug_DAC_Preset
<LI><a href="#[73]">&gt;&gt;</a>&nbsp;&nbsp;&nbsp;Display_UI_PLL_Refresh_Status
<LI><a href="#[72]">&gt;&gt;</a>&nbsp;&nbsp;&nbsp;Display_UI_Microwave_Source_Refresh_Status
<LI><a href="#[74]">&gt;&gt;</a>&nbsp;&nbsp;&nbsp;Display_UI_Get_Status
</UL>
<BR>[Called By]<UL><LI><a href="#[46]">&gt;&gt;</a>&nbsp;&nbsp;&nbsp;main
</UL>

<P><STRONG><a name="[b2]"></a>Ctrl_Dispaly_Refresh_Timer_Service</STRONG> (Thumb, 12 bytes, Stack size 0 bytes, control.o(i.Ctrl_Dispaly_Refresh_Timer_Service))
<BR><BR>[Called By]<UL><LI><a href="#[20]">&gt;&gt;</a>&nbsp;&nbsp;&nbsp;TIM16_IRQHandler
</UL>

<P><STRONG><a name="[75]"></a>Ctrl_KEY_Response_Service</STRONG> (Thumb, 752 bytes, Stack size 8 bytes, control.o(i.Ctrl_KEY_Response_Service))
<BR><BR>[Stack]<UL><LI>Max Depth = 328<LI>Call Chain = Ctrl_KEY_Response_Service &rArr; Display_UI_PLL_Main_Page_Init &rArr; Display_UI_PLL_Refresh_Status &rArr; display_signed_integer &rArr; display_unsigned &rArr; display_digit_blink &rArr; Display_UI_Blink_Show_Register &rArr; Display_UI_Blink_Show_Stop &rArr; Display_UI_Blink_Show &rArr; LCD_16ShowString_hanzi &rArr; LCD_SHOW_HANZI &rArr; LCD_Set_Windows
</UL>
<BR>[Calls]<UL><LI><a href="#[2e]">&gt;&gt;</a>&nbsp;&nbsp;&nbsp;CtrlP0I3_PLL_Enable
<LI><a href="#[2b]">&gt;&gt;</a>&nbsp;&nbsp;&nbsp;CtrlP0I0_Microwave_Source_Enable
<LI><a href="#[78]">&gt;&gt;</a>&nbsp;&nbsp;&nbsp;Display_UI_PLL_Vice_Page_Init
<LI><a href="#[77]">&gt;&gt;</a>&nbsp;&nbsp;&nbsp;Display_UI_PLL_Main_Page_Init
<LI><a href="#[74]">&gt;&gt;</a>&nbsp;&nbsp;&nbsp;Display_UI_Get_Status
<LI><a href="#[76]">&gt;&gt;</a>&nbsp;&nbsp;&nbsp;Display_UI_Blink_Show_Stop
</UL>
<BR>[Called By]<UL><LI><a href="#[46]">&gt;&gt;</a>&nbsp;&nbsp;&nbsp;main
</UL>

<P><STRONG><a name="[79]"></a>Display_U32toDec</STRONG> (Thumb, 72 bytes, Stack size 16 bytes, display.o(i.Display_U32toDec))
<BR><BR>[Stack]<UL><LI>Max Depth = 16<LI>Call Chain = Display_U32toDec
</UL>
<BR>[Calls]<UL><LI><a href="#[7a]">&gt;&gt;</a>&nbsp;&nbsp;&nbsp;Fun_Div10
</UL>
<BR>[Called By]<UL><LI><a href="#[67]">&gt;&gt;</a>&nbsp;&nbsp;&nbsp;Display_UI_Show_PLL_Set_Freq
<LI><a href="#[70]">&gt;&gt;</a>&nbsp;&nbsp;&nbsp;Display_UI_Show_Amplitude_Freq_Threshold
<LI><a href="#[60]">&gt;&gt;</a>&nbsp;&nbsp;&nbsp;Display_UI_Microwave_Source_Freq
<LI><a href="#[b6]">&gt;&gt;</a>&nbsp;&nbsp;&nbsp;format_phase
<LI><a href="#[8c]">&gt;&gt;</a>&nbsp;&nbsp;&nbsp;display_unsigned
<LI><a href="#[8d]">&gt;&gt;</a>&nbsp;&nbsp;&nbsp;display_fast_meter
<LI><a href="#[91]">&gt;&gt;</a>&nbsp;&nbsp;&nbsp;Display_UI_Show_Service
</UL>

<P><STRONG><a name="[76]"></a>Display_UI_Blink_Show_Stop</STRONG> (Thumb, 30 bytes, Stack size 8 bytes, display.o(i.Display_UI_Blink_Show_Stop))
<BR><BR>[Stack]<UL><LI>Max Depth = 136<LI>Call Chain = Display_UI_Blink_Show_Stop &rArr; Display_UI_Blink_Show &rArr; LCD_16ShowString_hanzi &rArr; LCD_SHOW_HANZI &rArr; LCD_Set_Windows
</UL>
<BR>[Calls]<UL><LI><a href="#[7b]">&gt;&gt;</a>&nbsp;&nbsp;&nbsp;Display_UI_Blink_Show
</UL>
<BR>[Called By]<UL><LI><a href="#[7e]">&gt;&gt;</a>&nbsp;&nbsp;&nbsp;Display_UI_Blink_Show_Register
<LI><a href="#[75]">&gt;&gt;</a>&nbsp;&nbsp;&nbsp;Ctrl_KEY_Response_Service
</UL>

<P><STRONG><a name="[74]"></a>Display_UI_Get_Status</STRONG> (Thumb, 6 bytes, Stack size 0 bytes, display.o(i.Display_UI_Get_Status))
<BR><BR>[Called By]<UL><LI><a href="#[75]">&gt;&gt;</a>&nbsp;&nbsp;&nbsp;Ctrl_KEY_Response_Service
<LI><a href="#[71]">&gt;&gt;</a>&nbsp;&nbsp;&nbsp;Ctrl_Dispaly_Refresh_Show_Status
</UL>

<P><STRONG><a name="[7f]"></a>Display_UI_Init</STRONG> (Thumb, 142 bytes, Stack size 8 bytes, display.o(i.Display_UI_Init))
<BR><BR>[Stack]<UL><LI>Max Depth = 328<LI>Call Chain = Display_UI_Init &rArr; Display_UI_PLL_Main_Page_Init &rArr; Display_UI_PLL_Refresh_Status &rArr; display_signed_integer &rArr; display_unsigned &rArr; display_digit_blink &rArr; Display_UI_Blink_Show_Register &rArr; Display_UI_Blink_Show_Stop &rArr; Display_UI_Blink_Show &rArr; LCD_16ShowString_hanzi &rArr; LCD_SHOW_HANZI &rArr; LCD_Set_Windows
</UL>
<BR>[Calls]<UL><LI><a href="#[7d]">&gt;&gt;</a>&nbsp;&nbsp;&nbsp;LCD_Show_Square
<LI><a href="#[81]">&gt;&gt;</a>&nbsp;&nbsp;&nbsp;LCD_SHOW_Icon_1612
<LI><a href="#[80]">&gt;&gt;</a>&nbsp;&nbsp;&nbsp;LCD_Clear
<LI><a href="#[77]">&gt;&gt;</a>&nbsp;&nbsp;&nbsp;Display_UI_PLL_Main_Page_Init
</UL>
<BR>[Called By]<UL><LI><a href="#[46]">&gt;&gt;</a>&nbsp;&nbsp;&nbsp;main
</UL>

<P><STRONG><a name="[60]"></a>Display_UI_Microwave_Source_Freq</STRONG> (Thumb, 116 bytes, Stack size 24 bytes, display.o(i.Display_UI_Microwave_Source_Freq))
<BR><BR>[Stack]<UL><LI>Max Depth = 224<LI>Call Chain = Display_UI_Microwave_Source_Freq &rArr; display_digit_blink &rArr; Display_UI_Blink_Show_Register &rArr; Display_UI_Blink_Show_Stop &rArr; Display_UI_Blink_Show &rArr; LCD_16ShowString_hanzi &rArr; LCD_SHOW_HANZI &rArr; LCD_Set_Windows
</UL>
<BR>[Calls]<UL><LI><a href="#[5e]">&gt;&gt;</a>&nbsp;&nbsp;&nbsp;STM8_Bank_Get_U32
<LI><a href="#[82]">&gt;&gt;</a>&nbsp;&nbsp;&nbsp;LCD_SHOW_ASCII_1608
<LI><a href="#[79]">&gt;&gt;</a>&nbsp;&nbsp;&nbsp;Display_U32toDec
<LI><a href="#[83]">&gt;&gt;</a>&nbsp;&nbsp;&nbsp;display_digit_blink
</UL>
<BR>[Called By]<UL><LI><a href="#[2d]">&gt;&gt;</a>&nbsp;&nbsp;&nbsp;CtrlP0I2_Microwave_Source_Frequency
<LI><a href="#[84]">&gt;&gt;</a>&nbsp;&nbsp;&nbsp;Display_UI_Microwave_Source_Init
</UL>

<P><STRONG><a name="[5d]"></a>Display_UI_Microwave_Source_Power</STRONG> (Thumb, 58 bytes, Stack size 16 bytes, display.o(i.Display_UI_Microwave_Source_Power))
<BR><BR>[Stack]<UL><LI>Max Depth = 192<LI>Call Chain = Display_UI_Microwave_Source_Power &rArr; Display_UI_Blink_Show_Register &rArr; Display_UI_Blink_Show_Stop &rArr; Display_UI_Blink_Show &rArr; LCD_16ShowString_hanzi &rArr; LCD_SHOW_HANZI &rArr; LCD_Set_Windows
</UL>
<BR>[Calls]<UL><LI><a href="#[7c]">&gt;&gt;</a>&nbsp;&nbsp;&nbsp;LCD_16ShowString_hanzi
<LI><a href="#[7e]">&gt;&gt;</a>&nbsp;&nbsp;&nbsp;Display_UI_Blink_Show_Register
</UL>
<BR>[Called By]<UL><LI><a href="#[2c]">&gt;&gt;</a>&nbsp;&nbsp;&nbsp;CtrlP0I1_Microwave_Source_Power
<LI><a href="#[84]">&gt;&gt;</a>&nbsp;&nbsp;&nbsp;Display_UI_Microwave_Source_Init
</UL>

<P><STRONG><a name="[72]"></a>Display_UI_Microwave_Source_Refresh_Status</STRONG> (Thumb, 52 bytes, Stack size 8 bytes, display.o(i.Display_UI_Microwave_Source_Refresh_Status))
<BR><BR>[Stack]<UL><LI>Max Depth = 80<LI>Call Chain = Display_UI_Microwave_Source_Refresh_Status &rArr; LCD_SHOW_Icon_1612 &rArr; LCD_Set_Windows
</UL>
<BR>[Calls]<UL><LI><a href="#[81]">&gt;&gt;</a>&nbsp;&nbsp;&nbsp;LCD_SHOW_Icon_1612
</UL>
<BR>[Called By]<UL><LI><a href="#[5a]">&gt;&gt;</a>&nbsp;&nbsp;&nbsp;Display_UI_Microwave_Source_Status
<LI><a href="#[71]">&gt;&gt;</a>&nbsp;&nbsp;&nbsp;Ctrl_Dispaly_Refresh_Show_Status
</UL>

<P><STRONG><a name="[5a]"></a>Display_UI_Microwave_Source_Status</STRONG> (Thumb, 72 bytes, Stack size 16 bytes, display.o(i.Display_UI_Microwave_Source_Status))
<BR><BR>[Stack]<UL><LI>Max Depth = 192<LI>Call Chain = Display_UI_Microwave_Source_Status &rArr; Display_UI_Blink_Show_Register &rArr; Display_UI_Blink_Show_Stop &rArr; Display_UI_Blink_Show &rArr; LCD_16ShowString_hanzi &rArr; LCD_SHOW_HANZI &rArr; LCD_Set_Windows
</UL>
<BR>[Calls]<UL><LI><a href="#[7c]">&gt;&gt;</a>&nbsp;&nbsp;&nbsp;LCD_16ShowString_hanzi
<LI><a href="#[72]">&gt;&gt;</a>&nbsp;&nbsp;&nbsp;Display_UI_Microwave_Source_Refresh_Status
<LI><a href="#[7e]">&gt;&gt;</a>&nbsp;&nbsp;&nbsp;Display_UI_Blink_Show_Register
</UL>
<BR>[Called By]<UL><LI><a href="#[2b]">&gt;&gt;</a>&nbsp;&nbsp;&nbsp;CtrlP0I0_Microwave_Source_Enable
<LI><a href="#[84]">&gt;&gt;</a>&nbsp;&nbsp;&nbsp;Display_UI_Microwave_Source_Init
</UL>

<P><STRONG><a name="[65]"></a>Display_UI_PLL_Enable</STRONG> (Thumb, 82 bytes, Stack size 16 bytes, display.o(i.Display_UI_PLL_Enable))
<BR><BR>[Stack]<UL><LI>Max Depth = 192<LI>Call Chain = Display_UI_PLL_Enable &rArr; Display_UI_Blink_Show_Register &rArr; Display_UI_Blink_Show_Stop &rArr; Display_UI_Blink_Show &rArr; LCD_16ShowString_hanzi &rArr; LCD_SHOW_HANZI &rArr; LCD_Set_Windows
</UL>
<BR>[Calls]<UL><LI><a href="#[7c]">&gt;&gt;</a>&nbsp;&nbsp;&nbsp;LCD_16ShowString_hanzi
<LI><a href="#[86]">&gt;&gt;</a>&nbsp;&nbsp;&nbsp;Display_UI_Blink_Show_Update
<LI><a href="#[7e]">&gt;&gt;</a>&nbsp;&nbsp;&nbsp;Display_UI_Blink_Show_Register
</UL>
<BR>[Called By]<UL><LI><a href="#[2e]">&gt;&gt;</a>&nbsp;&nbsp;&nbsp;CtrlP0I3_PLL_Enable
<LI><a href="#[73]">&gt;&gt;</a>&nbsp;&nbsp;&nbsp;Display_UI_PLL_Refresh_Status
<LI><a href="#[77]">&gt;&gt;</a>&nbsp;&nbsp;&nbsp;Display_UI_PLL_Main_Page_Init
</UL>

<P><STRONG><a name="[77]"></a>Display_UI_PLL_Main_Page_Init</STRONG> (Thumb, 282 bytes, Stack size 8 bytes, display.o(i.Display_UI_PLL_Main_Page_Init))
<BR><BR>[Stack]<UL><LI>Max Depth = 320<LI>Call Chain = Display_UI_PLL_Main_Page_Init &rArr; Display_UI_PLL_Refresh_Status &rArr; display_signed_integer &rArr; display_unsigned &rArr; display_digit_blink &rArr; Display_UI_Blink_Show_Register &rArr; Display_UI_Blink_Show_Stop &rArr; Display_UI_Blink_Show &rArr; LCD_16ShowString_hanzi &rArr; LCD_SHOW_HANZI &rArr; LCD_Set_Windows
</UL>
<BR>[Calls]<UL><LI><a href="#[7d]">&gt;&gt;</a>&nbsp;&nbsp;&nbsp;LCD_Show_Square
<LI><a href="#[82]">&gt;&gt;</a>&nbsp;&nbsp;&nbsp;LCD_SHOW_ASCII_1608
<LI><a href="#[7c]">&gt;&gt;</a>&nbsp;&nbsp;&nbsp;LCD_16ShowString_hanzi
<LI><a href="#[67]">&gt;&gt;</a>&nbsp;&nbsp;&nbsp;Display_UI_Show_PLL_Set_Freq
<LI><a href="#[87]">&gt;&gt;</a>&nbsp;&nbsp;&nbsp;Display_UI_Show_PLL_Mux_Div_Index
<LI><a href="#[6a]">&gt;&gt;</a>&nbsp;&nbsp;&nbsp;Display_UI_Show_Debug_DAC_Preset
<LI><a href="#[73]">&gt;&gt;</a>&nbsp;&nbsp;&nbsp;Display_UI_PLL_Refresh_Status
<LI><a href="#[65]">&gt;&gt;</a>&nbsp;&nbsp;&nbsp;Display_UI_PLL_Enable
<LI><a href="#[84]">&gt;&gt;</a>&nbsp;&nbsp;&nbsp;Display_UI_Microwave_Source_Init
</UL>
<BR>[Called By]<UL><LI><a href="#[7f]">&gt;&gt;</a>&nbsp;&nbsp;&nbsp;Display_UI_Init
<LI><a href="#[75]">&gt;&gt;</a>&nbsp;&nbsp;&nbsp;Ctrl_KEY_Response_Service
</UL>

<P><STRONG><a name="[73]"></a>Display_UI_PLL_Refresh_Status</STRONG> (Thumb, 452 bytes, Stack size 24 bytes, display.o(i.Display_UI_PLL_Refresh_Status))
<BR><BR>[Stack]<UL><LI>Max Depth = 312<LI>Call Chain = Display_UI_PLL_Refresh_Status &rArr; display_signed_integer &rArr; display_unsigned &rArr; display_digit_blink &rArr; Display_UI_Blink_Show_Register &rArr; Display_UI_Blink_Show_Stop &rArr; Display_UI_Blink_Show &rArr; LCD_16ShowString_hanzi &rArr; LCD_SHOW_HANZI &rArr; LCD_Set_Windows
</UL>
<BR>[Calls]<UL><LI><a href="#[88]">&gt;&gt;</a>&nbsp;&nbsp;&nbsp;STM8_Slave_Get_Link_State
<LI><a href="#[5e]">&gt;&gt;</a>&nbsp;&nbsp;&nbsp;STM8_Bank_Get_U32
<LI><a href="#[89]">&gt;&gt;</a>&nbsp;&nbsp;&nbsp;STM8_Bank_Get_S32
<LI><a href="#[7d]">&gt;&gt;</a>&nbsp;&nbsp;&nbsp;LCD_Show_Square
<LI><a href="#[81]">&gt;&gt;</a>&nbsp;&nbsp;&nbsp;LCD_SHOW_Icon_1612
<LI><a href="#[65]">&gt;&gt;</a>&nbsp;&nbsp;&nbsp;Display_UI_PLL_Enable
<LI><a href="#[8c]">&gt;&gt;</a>&nbsp;&nbsp;&nbsp;display_unsigned
<LI><a href="#[8a]">&gt;&gt;</a>&nbsp;&nbsp;&nbsp;display_signed_integer
<LI><a href="#[8b]">&gt;&gt;</a>&nbsp;&nbsp;&nbsp;display_phase
<LI><a href="#[8e]">&gt;&gt;</a>&nbsp;&nbsp;&nbsp;display_loop_state
<LI><a href="#[8d]">&gt;&gt;</a>&nbsp;&nbsp;&nbsp;display_fast_meter
</UL>
<BR>[Called By]<UL><LI><a href="#[77]">&gt;&gt;</a>&nbsp;&nbsp;&nbsp;Display_UI_PLL_Main_Page_Init
<LI><a href="#[71]">&gt;&gt;</a>&nbsp;&nbsp;&nbsp;Ctrl_Dispaly_Refresh_Show_Status
</UL>

<P><STRONG><a name="[78]"></a>Display_UI_PLL_Vice_Page_Init</STRONG> (Thumb, 204 bytes, Stack size 8 bytes, display.o(i.Display_UI_PLL_Vice_Page_Init))
<BR><BR>[Stack]<UL><LI>Max Depth = 312<LI>Call Chain = Display_UI_PLL_Vice_Page_Init &rArr; Display_UI_Show_Phase_Threshold &rArr; display_phase &rArr; display_digit_blink &rArr; Display_UI_Blink_Show_Register &rArr; Display_UI_Blink_Show_Stop &rArr; Display_UI_Blink_Show &rArr; LCD_16ShowString_hanzi &rArr; LCD_SHOW_HANZI &rArr; LCD_Set_Windows
</UL>
<BR>[Calls]<UL><LI><a href="#[7d]">&gt;&gt;</a>&nbsp;&nbsp;&nbsp;LCD_Show_Square
<LI><a href="#[7c]">&gt;&gt;</a>&nbsp;&nbsp;&nbsp;LCD_16ShowString_hanzi
<LI><a href="#[6f]">&gt;&gt;</a>&nbsp;&nbsp;&nbsp;Display_UI_Show_Phase_Threshold
<LI><a href="#[90]">&gt;&gt;</a>&nbsp;&nbsp;&nbsp;Display_UI_Show_PLL_Limit
<LI><a href="#[8f]">&gt;&gt;</a>&nbsp;&nbsp;&nbsp;Display_UI_Show_PLL_Gain
<LI><a href="#[70]">&gt;&gt;</a>&nbsp;&nbsp;&nbsp;Display_UI_Show_Amplitude_Freq_Threshold
</UL>
<BR>[Called By]<UL><LI><a href="#[75]">&gt;&gt;</a>&nbsp;&nbsp;&nbsp;Ctrl_KEY_Response_Service
</UL>

<P><STRONG><a name="[70]"></a>Display_UI_Show_Amplitude_Freq_Threshold</STRONG> (Thumb, 326 bytes, Stack size 32 bytes, display.o(i.Display_UI_Show_Amplitude_Freq_Threshold))
<BR><BR>[Stack]<UL><LI>Max Depth = 232<LI>Call Chain = Display_UI_Show_Amplitude_Freq_Threshold &rArr; display_digit_blink &rArr; Display_UI_Blink_Show_Register &rArr; Display_UI_Blink_Show_Stop &rArr; Display_UI_Blink_Show &rArr; LCD_16ShowString_hanzi &rArr; LCD_SHOW_HANZI &rArr; LCD_Set_Windows
</UL>
<BR>[Calls]<UL><LI><a href="#[6d]">&gt;&gt;</a>&nbsp;&nbsp;&nbsp;STM8_Bank_Get_U16
<LI><a href="#[82]">&gt;&gt;</a>&nbsp;&nbsp;&nbsp;LCD_SHOW_ASCII_1608
<LI><a href="#[79]">&gt;&gt;</a>&nbsp;&nbsp;&nbsp;Display_U32toDec
<LI><a href="#[83]">&gt;&gt;</a>&nbsp;&nbsp;&nbsp;display_digit_blink
<LI><a href="#[52]">&gt;&gt;</a>&nbsp;&nbsp;&nbsp;__aeabi_uidivmod
</UL>
<BR>[Called By]<UL><LI><a href="#[3b]">&gt;&gt;</a>&nbsp;&nbsp;&nbsp;CtrlP1I8_Frequency
<LI><a href="#[3a]">&gt;&gt;</a>&nbsp;&nbsp;&nbsp;CtrlP1I7_Amplitude
<LI><a href="#[78]">&gt;&gt;</a>&nbsp;&nbsp;&nbsp;Display_UI_PLL_Vice_Page_Init
</UL>

<P><STRONG><a name="[6a]"></a>Display_UI_Show_Debug_DAC_Preset</STRONG> (Thumb, 70 bytes, Stack size 16 bytes, display.o(i.Display_UI_Show_Debug_DAC_Preset))
<BR><BR>[Stack]<UL><LI>Max Depth = 216<LI>Call Chain = Display_UI_Show_Debug_DAC_Preset &rArr; display_digit_blink &rArr; Display_UI_Blink_Show_Register &rArr; Display_UI_Blink_Show_Stop &rArr; Display_UI_Blink_Show &rArr; LCD_16ShowString_hanzi &rArr; LCD_SHOW_HANZI &rArr; LCD_Set_Windows
</UL>
<BR>[Calls]<UL><LI><a href="#[82]">&gt;&gt;</a>&nbsp;&nbsp;&nbsp;LCD_SHOW_ASCII_1608
<LI><a href="#[83]">&gt;&gt;</a>&nbsp;&nbsp;&nbsp;display_digit_blink
</UL>
<BR>[Called By]<UL><LI><a href="#[32]">&gt;&gt;</a>&nbsp;&nbsp;&nbsp;CtrlP0I7_Debug_DAC
<LI><a href="#[77]">&gt;&gt;</a>&nbsp;&nbsp;&nbsp;Display_UI_PLL_Main_Page_Init
<LI><a href="#[71]">&gt;&gt;</a>&nbsp;&nbsp;&nbsp;Ctrl_Dispaly_Refresh_Show_Status
</UL>

<P><STRONG><a name="[8f]"></a>Display_UI_Show_PLL_Gain</STRONG> (Thumb, 44 bytes, Stack size 24 bytes, display.o(i.Display_UI_Show_PLL_Gain))
<BR><BR>[Stack]<UL><LI>Max Depth = 264<LI>Call Chain = Display_UI_Show_PLL_Gain &rArr; display_unsigned &rArr; display_digit_blink &rArr; Display_UI_Blink_Show_Register &rArr; Display_UI_Blink_Show_Stop &rArr; Display_UI_Blink_Show &rArr; LCD_16ShowString_hanzi &rArr; LCD_SHOW_HANZI &rArr; LCD_Set_Windows
</UL>
<BR>[Calls]<UL><LI><a href="#[5e]">&gt;&gt;</a>&nbsp;&nbsp;&nbsp;STM8_Bank_Get_U32
<LI><a href="#[8c]">&gt;&gt;</a>&nbsp;&nbsp;&nbsp;display_unsigned
</UL>
<BR>[Called By]<UL><LI><a href="#[6b]">&gt;&gt;</a>&nbsp;&nbsp;&nbsp;adjust_gain
<LI><a href="#[78]">&gt;&gt;</a>&nbsp;&nbsp;&nbsp;Display_UI_PLL_Vice_Page_Init
</UL>

<P><STRONG><a name="[90]"></a>Display_UI_Show_PLL_Limit</STRONG> (Thumb, 88 bytes, Stack size 32 bytes, display.o(i.Display_UI_Show_PLL_Limit))
<BR><BR>[Stack]<UL><LI>Max Depth = 272<LI>Call Chain = Display_UI_Show_PLL_Limit &rArr; display_unsigned &rArr; display_digit_blink &rArr; Display_UI_Blink_Show_Register &rArr; Display_UI_Blink_Show_Stop &rArr; Display_UI_Blink_Show &rArr; LCD_16ShowString_hanzi &rArr; LCD_SHOW_HANZI &rArr; LCD_Set_Windows
</UL>
<BR>[Calls]<UL><LI><a href="#[89]">&gt;&gt;</a>&nbsp;&nbsp;&nbsp;STM8_Bank_Get_S32
<LI><a href="#[82]">&gt;&gt;</a>&nbsp;&nbsp;&nbsp;LCD_SHOW_ASCII_1608
<LI><a href="#[8c]">&gt;&gt;</a>&nbsp;&nbsp;&nbsp;display_unsigned
</UL>
<BR>[Called By]<UL><LI><a href="#[6c]">&gt;&gt;</a>&nbsp;&nbsp;&nbsp;adjust_limit
<LI><a href="#[78]">&gt;&gt;</a>&nbsp;&nbsp;&nbsp;Display_UI_PLL_Vice_Page_Init
</UL>

<P><STRONG><a name="[87]"></a>Display_UI_Show_PLL_Mux_Div_Index</STRONG> (Thumb, 68 bytes, Stack size 24 bytes, display.o(i.Display_UI_Show_PLL_Mux_Div_Index))
<BR><BR>[Stack]<UL><LI>Max Depth = 264<LI>Call Chain = Display_UI_Show_PLL_Mux_Div_Index &rArr; display_unsigned &rArr; display_digit_blink &rArr; Display_UI_Blink_Show_Register &rArr; Display_UI_Blink_Show_Stop &rArr; Display_UI_Blink_Show &rArr; LCD_16ShowString_hanzi &rArr; LCD_SHOW_HANZI &rArr; LCD_Set_Windows
</UL>
<BR>[Calls]<UL><LI><a href="#[6d]">&gt;&gt;</a>&nbsp;&nbsp;&nbsp;STM8_Bank_Get_U16
<LI><a href="#[8c]">&gt;&gt;</a>&nbsp;&nbsp;&nbsp;display_unsigned
</UL>
<BR>[Called By]<UL><LI><a href="#[68]">&gt;&gt;</a>&nbsp;&nbsp;&nbsp;adjust_mul_div
<LI><a href="#[77]">&gt;&gt;</a>&nbsp;&nbsp;&nbsp;Display_UI_PLL_Main_Page_Init
</UL>

<P><STRONG><a name="[67]"></a>Display_UI_Show_PLL_Set_Freq</STRONG> (Thumb, 286 bytes, Stack size 40 bytes, display.o(i.Display_UI_Show_PLL_Set_Freq))
<BR><BR>[Stack]<UL><LI>Max Depth = 280<LI>Call Chain = Display_UI_Show_PLL_Set_Freq &rArr; display_unsigned &rArr; display_digit_blink &rArr; Display_UI_Blink_Show_Register &rArr; Display_UI_Blink_Show_Stop &rArr; Display_UI_Blink_Show &rArr; LCD_16ShowString_hanzi &rArr; LCD_SHOW_HANZI &rArr; LCD_Set_Windows
</UL>
<BR>[Calls]<UL><LI><a href="#[5e]">&gt;&gt;</a>&nbsp;&nbsp;&nbsp;STM8_Bank_Get_U32
<LI><a href="#[7d]">&gt;&gt;</a>&nbsp;&nbsp;&nbsp;LCD_Show_Square
<LI><a href="#[82]">&gt;&gt;</a>&nbsp;&nbsp;&nbsp;LCD_SHOW_ASCII_1608
<LI><a href="#[79]">&gt;&gt;</a>&nbsp;&nbsp;&nbsp;Display_U32toDec
<LI><a href="#[8c]">&gt;&gt;</a>&nbsp;&nbsp;&nbsp;display_unsigned
<LI><a href="#[83]">&gt;&gt;</a>&nbsp;&nbsp;&nbsp;display_digit_blink
<LI><a href="#[52]">&gt;&gt;</a>&nbsp;&nbsp;&nbsp;__aeabi_uidivmod
</UL>
<BR>[Called By]<UL><LI><a href="#[2f]">&gt;&gt;</a>&nbsp;&nbsp;&nbsp;CtrlP0I4_PLL_Frequency
<LI><a href="#[77]">&gt;&gt;</a>&nbsp;&nbsp;&nbsp;Display_UI_PLL_Main_Page_Init
</UL>

<P><STRONG><a name="[6f]"></a>Display_UI_Show_Phase_Threshold</STRONG> (Thumb, 36 bytes, Stack size 24 bytes, display.o(i.Display_UI_Show_Phase_Threshold))
<BR><BR>[Stack]<UL><LI>Max Depth = 304<LI>Call Chain = Display_UI_Show_Phase_Threshold &rArr; display_phase &rArr; display_digit_blink &rArr; Display_UI_Blink_Show_Register &rArr; Display_UI_Blink_Show_Stop &rArr; Display_UI_Blink_Show &rArr; LCD_16ShowString_hanzi &rArr; LCD_SHOW_HANZI &rArr; LCD_Set_Windows
</UL>
<BR>[Calls]<UL><LI><a href="#[6d]">&gt;&gt;</a>&nbsp;&nbsp;&nbsp;STM8_Bank_Get_U16
<LI><a href="#[8b]">&gt;&gt;</a>&nbsp;&nbsp;&nbsp;display_phase
</UL>
<BR>[Called By]<UL><LI><a href="#[39]">&gt;&gt;</a>&nbsp;&nbsp;&nbsp;CtrlP1I6_Phase_Threshold
<LI><a href="#[78]">&gt;&gt;</a>&nbsp;&nbsp;&nbsp;Display_UI_PLL_Vice_Page_Init
</UL>

<P><STRONG><a name="[91]"></a>Display_UI_Show_Service</STRONG> (Thumb, 178 bytes, Stack size 8 bytes, display.o(i.Display_UI_Show_Service))
<BR><BR>[Stack]<UL><LI>Max Depth = 136<LI>Call Chain = Display_UI_Show_Service &rArr; Display_UI_Blink_Show &rArr; LCD_16ShowString_hanzi &rArr; LCD_SHOW_HANZI &rArr; LCD_Set_Windows
</UL>
<BR>[Calls]<UL><LI><a href="#[85]">&gt;&gt;</a>&nbsp;&nbsp;&nbsp;LCD_SHOW_ASCII_0806
<LI><a href="#[79]">&gt;&gt;</a>&nbsp;&nbsp;&nbsp;Display_U32toDec
<LI><a href="#[7b]">&gt;&gt;</a>&nbsp;&nbsp;&nbsp;Display_UI_Blink_Show
</UL>
<BR>[Called By]<UL><LI><a href="#[46]">&gt;&gt;</a>&nbsp;&nbsp;&nbsp;main
</UL>

<P><STRONG><a name="[b1]"></a>Display_UI_Timer_Service</STRONG> (Thumb, 28 bytes, Stack size 0 bytes, display.o(i.Display_UI_Timer_Service))
<BR><BR>[Called By]<UL><LI><a href="#[20]">&gt;&gt;</a>&nbsp;&nbsp;&nbsp;TIM16_IRQHandler
</UL>

<P><STRONG><a name="[b8]"></a>ENCODER_KEY_Init</STRONG> (Thumb, 270 bytes, Stack size 0 bytes, encoder.o(i.ENCODER_KEY_Init))
<BR><BR>[Called By]<UL><LI><a href="#[46]">&gt;&gt;</a>&nbsp;&nbsp;&nbsp;main
</UL>

<P><STRONG><a name="[ae]"></a>ENCODER_KEY_Service</STRONG> (Thumb, 240 bytes, Stack size 12 bytes, encoder.o(i.ENCODER_KEY_Service))
<BR><BR>[Stack]<UL><LI>Max Depth = 12<LI>Call Chain = ENCODER_KEY_Service
</UL>
<BR>[Called By]<UL><LI><a href="#[20]">&gt;&gt;</a>&nbsp;&nbsp;&nbsp;TIM16_IRQHandler
</UL>

<P><STRONG><a name="[8]"></a>HardFault_Handler</STRONG> (Thumb, 4 bytes, Stack size 0 bytes, stm32f0xx_it.o(i.HardFault_Handler))
<BR>[Address Reference Count : 1]<UL><LI> startup_stm32f0xx.o(RESET)
</UL>
<P><STRONG><a name="[95]"></a>IIC1_Init</STRONG> (Thumb, 176 bytes, Stack size 0 bytes, iic.o(i.IIC1_Init))
<BR><BR>[Called By]<UL><LI><a href="#[92]">&gt;&gt;</a>&nbsp;&nbsp;&nbsp;IIC_Bus_Recover
<LI><a href="#[aa]">&gt;&gt;</a>&nbsp;&nbsp;&nbsp;STM8Slave_Init
</UL>

<P><STRONG><a name="[96]"></a>IIC_Check_Slave</STRONG> (Thumb, 40 bytes, Stack size 16 bytes, iic.o(i.IIC_Check_Slave))
<BR><BR>[Stack]<UL><LI>Max Depth = 48<LI>Call Chain = IIC_Check_Slave &rArr; IIC_Wait_Stop &rArr; IIC_Wait &rArr; IIC_Bus_Recover
</UL>
<BR>[Calls]<UL><LI><a href="#[97]">&gt;&gt;</a>&nbsp;&nbsp;&nbsp;IIC_Wait_Stop
<LI><a href="#[93]">&gt;&gt;</a>&nbsp;&nbsp;&nbsp;IIC_Clear_Status
</UL>
<BR>[Called By]<UL><LI><a href="#[59]">&gt;&gt;</a>&nbsp;&nbsp;&nbsp;STM8_Slave_Read_Status
</UL>

<P><STRONG><a name="[98]"></a>IIC_Read</STRONG> (Thumb, 182 bytes, Stack size 40 bytes, iic.o(i.IIC_Read))
<BR><BR>[Stack]<UL><LI>Max Depth = 72<LI>Call Chain = IIC_Read &rArr; IIC_Wait_Stop &rArr; IIC_Wait &rArr; IIC_Bus_Recover
</UL>
<BR>[Calls]<UL><LI><a href="#[99]">&gt;&gt;</a>&nbsp;&nbsp;&nbsp;IIC_Wait
<LI><a href="#[97]">&gt;&gt;</a>&nbsp;&nbsp;&nbsp;IIC_Wait_Stop
<LI><a href="#[93]">&gt;&gt;</a>&nbsp;&nbsp;&nbsp;IIC_Clear_Status
</UL>
<BR>[Called By]<UL><LI><a href="#[62]">&gt;&gt;</a>&nbsp;&nbsp;&nbsp;STM8_Slave_Send_PLL_Cfg
<LI><a href="#[59]">&gt;&gt;</a>&nbsp;&nbsp;&nbsp;STM8_Slave_Read_Status
<LI><a href="#[ab]">&gt;&gt;</a>&nbsp;&nbsp;&nbsp;STM8Slave_Write_Verified
<LI><a href="#[a9]">&gt;&gt;</a>&nbsp;&nbsp;&nbsp;STM8Slave_Wait_Busy
</UL>

<P><STRONG><a name="[99]"></a>IIC_Wait</STRONG> (Thumb, 122 bytes, Stack size 16 bytes, iic.o(i.IIC_Wait))
<BR><BR>[Stack]<UL><LI>Max Depth = 24<LI>Call Chain = IIC_Wait &rArr; IIC_Bus_Recover
</UL>
<BR>[Calls]<UL><LI><a href="#[93]">&gt;&gt;</a>&nbsp;&nbsp;&nbsp;IIC_Clear_Status
<LI><a href="#[92]">&gt;&gt;</a>&nbsp;&nbsp;&nbsp;IIC_Bus_Recover
</UL>
<BR>[Called By]<UL><LI><a href="#[9a]">&gt;&gt;</a>&nbsp;&nbsp;&nbsp;IIC_Write
<LI><a href="#[98]">&gt;&gt;</a>&nbsp;&nbsp;&nbsp;IIC_Read
<LI><a href="#[97]">&gt;&gt;</a>&nbsp;&nbsp;&nbsp;IIC_Wait_Stop
</UL>

<P><STRONG><a name="[9a]"></a>IIC_Write</STRONG> (Thumb, 122 bytes, Stack size 40 bytes, iic.o(i.IIC_Write))
<BR><BR>[Stack]<UL><LI>Max Depth = 72<LI>Call Chain = IIC_Write &rArr; IIC_Wait_Stop &rArr; IIC_Wait &rArr; IIC_Bus_Recover
</UL>
<BR>[Calls]<UL><LI><a href="#[99]">&gt;&gt;</a>&nbsp;&nbsp;&nbsp;IIC_Wait
<LI><a href="#[97]">&gt;&gt;</a>&nbsp;&nbsp;&nbsp;IIC_Wait_Stop
<LI><a href="#[93]">&gt;&gt;</a>&nbsp;&nbsp;&nbsp;IIC_Clear_Status
</UL>
<BR>[Called By]<UL><LI><a href="#[5b]">&gt;&gt;</a>&nbsp;&nbsp;&nbsp;STM8_Slave_Set_MAX2871_Freq_Power
<LI><a href="#[ab]">&gt;&gt;</a>&nbsp;&nbsp;&nbsp;STM8Slave_Write_Verified
<LI><a href="#[a8]">&gt;&gt;</a>&nbsp;&nbsp;&nbsp;STM8Slave_Command
</UL>

<P><STRONG><a name="[7c]"></a>LCD_16ShowString_hanzi</STRONG> (Thumb, 112 bytes, Stack size 40 bytes, lcd.o(i.LCD_16ShowString_hanzi))
<BR><BR>[Stack]<UL><LI>Max Depth = 112<LI>Call Chain = LCD_16ShowString_hanzi &rArr; LCD_SHOW_HANZI &rArr; LCD_Set_Windows
</UL>
<BR>[Calls]<UL><LI><a href="#[9b]">&gt;&gt;</a>&nbsp;&nbsp;&nbsp;LCD_SHOW_HANZI
<LI><a href="#[82]">&gt;&gt;</a>&nbsp;&nbsp;&nbsp;LCD_SHOW_ASCII_1608
</UL>
<BR>[Called By]<UL><LI><a href="#[78]">&gt;&gt;</a>&nbsp;&nbsp;&nbsp;Display_UI_PLL_Vice_Page_Init
<LI><a href="#[77]">&gt;&gt;</a>&nbsp;&nbsp;&nbsp;Display_UI_PLL_Main_Page_Init
<LI><a href="#[65]">&gt;&gt;</a>&nbsp;&nbsp;&nbsp;Display_UI_PLL_Enable
<LI><a href="#[5a]">&gt;&gt;</a>&nbsp;&nbsp;&nbsp;Display_UI_Microwave_Source_Status
<LI><a href="#[5d]">&gt;&gt;</a>&nbsp;&nbsp;&nbsp;Display_UI_Microwave_Source_Power
<LI><a href="#[84]">&gt;&gt;</a>&nbsp;&nbsp;&nbsp;Display_UI_Microwave_Source_Init
<LI><a href="#[7b]">&gt;&gt;</a>&nbsp;&nbsp;&nbsp;Display_UI_Blink_Show
</UL>

<P><STRONG><a name="[a5]"></a>LCD_BK_PWM_Init</STRONG> (Thumb, 178 bytes, Stack size 0 bytes, lcd.o(i.LCD_BK_PWM_Init))
<BR><BR>[Called By]<UL><LI><a href="#[9f]">&gt;&gt;</a>&nbsp;&nbsp;&nbsp;LCD_Init
</UL>

<P><STRONG><a name="[80]"></a>LCD_Clear</STRONG> (Thumb, 98 bytes, Stack size 16 bytes, lcd.o(i.LCD_Clear))
<BR><BR>[Stack]<UL><LI>Max Depth = 32<LI>Call Chain = LCD_Clear &rArr; LCD_Set_Cursor_Fast
</UL>
<BR>[Calls]<UL><LI><a href="#[9e]">&gt;&gt;</a>&nbsp;&nbsp;&nbsp;LCD_WriteRAM_Prepare
<LI><a href="#[9d]">&gt;&gt;</a>&nbsp;&nbsp;&nbsp;LCD_Set_Cursor_Fast
<LI><a href="#[9c]">&gt;&gt;</a>&nbsp;&nbsp;&nbsp;__asm___5_lcd_c_15d5615c____REV16
</UL>
<BR>[Called By]<UL><LI><a href="#[9f]">&gt;&gt;</a>&nbsp;&nbsp;&nbsp;LCD_Init
<LI><a href="#[7f]">&gt;&gt;</a>&nbsp;&nbsp;&nbsp;Display_UI_Init
</UL>

<P><STRONG><a name="[a0]"></a>LCD_HW_Init</STRONG> (Thumb, 204 bytes, Stack size 0 bytes, lcd.o(i.LCD_HW_Init))
<BR><BR>[Called By]<UL><LI><a href="#[9f]">&gt;&gt;</a>&nbsp;&nbsp;&nbsp;LCD_Init
</UL>

<P><STRONG><a name="[9f]"></a>LCD_Init</STRONG> (Thumb, 104 bytes, Stack size 8 bytes, lcd.o(i.LCD_Init))
<BR><BR>[Stack]<UL><LI>Max Depth = 40<LI>Call Chain = LCD_Init &rArr; LCD_Clear &rArr; LCD_Set_Cursor_Fast
</UL>
<BR>[Calls]<UL><LI><a href="#[a2]">&gt;&gt;</a>&nbsp;&nbsp;&nbsp;LCD_WR_REG
<LI><a href="#[a3]">&gt;&gt;</a>&nbsp;&nbsp;&nbsp;LCD_WR_DATA
<LI><a href="#[a4]">&gt;&gt;</a>&nbsp;&nbsp;&nbsp;LCD_Set_Windows
<LI><a href="#[a6]">&gt;&gt;</a>&nbsp;&nbsp;&nbsp;LCD_Set_BK_PWM
<LI><a href="#[a0]">&gt;&gt;</a>&nbsp;&nbsp;&nbsp;LCD_HW_Init
<LI><a href="#[a5]">&gt;&gt;</a>&nbsp;&nbsp;&nbsp;LCD_BK_PWM_Init
<LI><a href="#[80]">&gt;&gt;</a>&nbsp;&nbsp;&nbsp;LCD_Clear
<LI><a href="#[a1]">&gt;&gt;</a>&nbsp;&nbsp;&nbsp;delay_ms
</UL>
<BR>[Called By]<UL><LI><a href="#[46]">&gt;&gt;</a>&nbsp;&nbsp;&nbsp;main
</UL>

<P><STRONG><a name="[85]"></a>LCD_SHOW_ASCII_0806</STRONG> (Thumb, 176 bytes, Stack size 48 bytes, lcd.o(i.LCD_SHOW_ASCII_0806))
<BR><BR>[Stack]<UL><LI>Max Depth = 72<LI>Call Chain = LCD_SHOW_ASCII_0806 &rArr; LCD_Set_Windows
</UL>
<BR>[Calls]<UL><LI><a href="#[9e]">&gt;&gt;</a>&nbsp;&nbsp;&nbsp;LCD_WriteRAM_Prepare
<LI><a href="#[a4]">&gt;&gt;</a>&nbsp;&nbsp;&nbsp;LCD_Set_Windows
<LI><a href="#[9c]">&gt;&gt;</a>&nbsp;&nbsp;&nbsp;__asm___5_lcd_c_15d5615c____REV16
</UL>
<BR>[Called By]<UL><LI><a href="#[8e]">&gt;&gt;</a>&nbsp;&nbsp;&nbsp;display_loop_state
<LI><a href="#[84]">&gt;&gt;</a>&nbsp;&nbsp;&nbsp;Display_UI_Microwave_Source_Init
<LI><a href="#[91]">&gt;&gt;</a>&nbsp;&nbsp;&nbsp;Display_UI_Show_Service
</UL>

<P><STRONG><a name="[82]"></a>LCD_SHOW_ASCII_1608</STRONG> (Thumb, 190 bytes, Stack size 40 bytes, lcd.o(i.LCD_SHOW_ASCII_1608))
<BR><BR>[Stack]<UL><LI>Max Depth = 64<LI>Call Chain = LCD_SHOW_ASCII_1608 &rArr; LCD_Set_Windows
</UL>
<BR>[Calls]<UL><LI><a href="#[9e]">&gt;&gt;</a>&nbsp;&nbsp;&nbsp;LCD_WriteRAM_Prepare
<LI><a href="#[a4]">&gt;&gt;</a>&nbsp;&nbsp;&nbsp;LCD_Set_Windows
<LI><a href="#[9c]">&gt;&gt;</a>&nbsp;&nbsp;&nbsp;__asm___5_lcd_c_15d5615c____REV16
</UL>
<BR>[Called By]<UL><LI><a href="#[7c]">&gt;&gt;</a>&nbsp;&nbsp;&nbsp;LCD_16ShowString_hanzi
<LI><a href="#[67]">&gt;&gt;</a>&nbsp;&nbsp;&nbsp;Display_UI_Show_PLL_Set_Freq
<LI><a href="#[90]">&gt;&gt;</a>&nbsp;&nbsp;&nbsp;Display_UI_Show_PLL_Limit
<LI><a href="#[6a]">&gt;&gt;</a>&nbsp;&nbsp;&nbsp;Display_UI_Show_Debug_DAC_Preset
<LI><a href="#[70]">&gt;&gt;</a>&nbsp;&nbsp;&nbsp;Display_UI_Show_Amplitude_Freq_Threshold
<LI><a href="#[77]">&gt;&gt;</a>&nbsp;&nbsp;&nbsp;Display_UI_PLL_Main_Page_Init
<LI><a href="#[60]">&gt;&gt;</a>&nbsp;&nbsp;&nbsp;Display_UI_Microwave_Source_Freq
<LI><a href="#[8c]">&gt;&gt;</a>&nbsp;&nbsp;&nbsp;display_unsigned
<LI><a href="#[8a]">&gt;&gt;</a>&nbsp;&nbsp;&nbsp;display_signed_integer
<LI><a href="#[8b]">&gt;&gt;</a>&nbsp;&nbsp;&nbsp;display_phase
<LI><a href="#[8d]">&gt;&gt;</a>&nbsp;&nbsp;&nbsp;display_fast_meter
</UL>

<P><STRONG><a name="[9b]"></a>LCD_SHOW_HANZI</STRONG> (Thumb, 174 bytes, Stack size 48 bytes, lcd.o(i.LCD_SHOW_HANZI))
<BR><BR>[Stack]<UL><LI>Max Depth = 72<LI>Call Chain = LCD_SHOW_HANZI &rArr; LCD_Set_Windows
</UL>
<BR>[Calls]<UL><LI><a href="#[9e]">&gt;&gt;</a>&nbsp;&nbsp;&nbsp;LCD_WriteRAM_Prepare
<LI><a href="#[a4]">&gt;&gt;</a>&nbsp;&nbsp;&nbsp;LCD_Set_Windows
<LI><a href="#[9c]">&gt;&gt;</a>&nbsp;&nbsp;&nbsp;__asm___5_lcd_c_15d5615c____REV16
</UL>
<BR>[Called By]<UL><LI><a href="#[7c]">&gt;&gt;</a>&nbsp;&nbsp;&nbsp;LCD_16ShowString_hanzi
</UL>

<P><STRONG><a name="[81]"></a>LCD_SHOW_Icon_1612</STRONG> (Thumb, 208 bytes, Stack size 48 bytes, lcd.o(i.LCD_SHOW_Icon_1612))
<BR><BR>[Stack]<UL><LI>Max Depth = 72<LI>Call Chain = LCD_SHOW_Icon_1612 &rArr; LCD_Set_Windows
</UL>
<BR>[Calls]<UL><LI><a href="#[9e]">&gt;&gt;</a>&nbsp;&nbsp;&nbsp;LCD_WriteRAM_Prepare
<LI><a href="#[a4]">&gt;&gt;</a>&nbsp;&nbsp;&nbsp;LCD_Set_Windows
<LI><a href="#[9c]">&gt;&gt;</a>&nbsp;&nbsp;&nbsp;__asm___5_lcd_c_15d5615c____REV16
</UL>
<BR>[Called By]<UL><LI><a href="#[73]">&gt;&gt;</a>&nbsp;&nbsp;&nbsp;Display_UI_PLL_Refresh_Status
<LI><a href="#[72]">&gt;&gt;</a>&nbsp;&nbsp;&nbsp;Display_UI_Microwave_Source_Refresh_Status
<LI><a href="#[7f]">&gt;&gt;</a>&nbsp;&nbsp;&nbsp;Display_UI_Init
</UL>

<P><STRONG><a name="[a6]"></a>LCD_Set_BK_PWM</STRONG> (Thumb, 16 bytes, Stack size 0 bytes, lcd.o(i.LCD_Set_BK_PWM))
<BR><BR>[Called By]<UL><LI><a href="#[9f]">&gt;&gt;</a>&nbsp;&nbsp;&nbsp;LCD_Init
</UL>

<P><STRONG><a name="[9d]"></a>LCD_Set_Cursor_Fast</STRONG> (Thumb, 156 bytes, Stack size 16 bytes, lcd.o(i.LCD_Set_Cursor_Fast))
<BR><BR>[Stack]<UL><LI>Max Depth = 16<LI>Call Chain = LCD_Set_Cursor_Fast
</UL>
<BR>[Calls]<UL><LI><a href="#[9c]">&gt;&gt;</a>&nbsp;&nbsp;&nbsp;__asm___5_lcd_c_15d5615c____REV16
</UL>
<BR>[Called By]<UL><LI><a href="#[80]">&gt;&gt;</a>&nbsp;&nbsp;&nbsp;LCD_Clear
</UL>

<P><STRONG><a name="[a4]"></a>LCD_Set_Windows</STRONG> (Thumb, 160 bytes, Stack size 24 bytes, lcd.o(i.LCD_Set_Windows))
<BR><BR>[Stack]<UL><LI>Max Depth = 24<LI>Call Chain = LCD_Set_Windows
</UL>
<BR>[Calls]<UL><LI><a href="#[9c]">&gt;&gt;</a>&nbsp;&nbsp;&nbsp;__asm___5_lcd_c_15d5615c____REV16
</UL>
<BR>[Called By]<UL><LI><a href="#[9b]">&gt;&gt;</a>&nbsp;&nbsp;&nbsp;LCD_SHOW_HANZI
<LI><a href="#[7d]">&gt;&gt;</a>&nbsp;&nbsp;&nbsp;LCD_Show_Square
<LI><a href="#[81]">&gt;&gt;</a>&nbsp;&nbsp;&nbsp;LCD_SHOW_Icon_1612
<LI><a href="#[82]">&gt;&gt;</a>&nbsp;&nbsp;&nbsp;LCD_SHOW_ASCII_1608
<LI><a href="#[85]">&gt;&gt;</a>&nbsp;&nbsp;&nbsp;LCD_SHOW_ASCII_0806
<LI><a href="#[a7]">&gt;&gt;</a>&nbsp;&nbsp;&nbsp;LCD_Show_Buaa_Logo
<LI><a href="#[9f]">&gt;&gt;</a>&nbsp;&nbsp;&nbsp;LCD_Init
</UL>

<P><STRONG><a name="[a7]"></a>LCD_Show_Buaa_Logo</STRONG> (Thumb, 126 bytes, Stack size 16 bytes, lcd.o(i.LCD_Show_Buaa_Logo))
<BR><BR>[Stack]<UL><LI>Max Depth = 40<LI>Call Chain = LCD_Show_Buaa_Logo &rArr; LCD_Set_Windows
</UL>
<BR>[Calls]<UL><LI><a href="#[9e]">&gt;&gt;</a>&nbsp;&nbsp;&nbsp;LCD_WriteRAM_Prepare
<LI><a href="#[a4]">&gt;&gt;</a>&nbsp;&nbsp;&nbsp;LCD_Set_Windows
</UL>
<BR>[Called By]<UL><LI><a href="#[46]">&gt;&gt;</a>&nbsp;&nbsp;&nbsp;main
</UL>

<P><STRONG><a name="[7d]"></a>LCD_Show_Square</STRONG> (Thumb, 128 bytes, Stack size 32 bytes, lcd.o(i.LCD_Show_Square))
<BR><BR>[Stack]<UL><LI>Max Depth = 56<LI>Call Chain = LCD_Show_Square &rArr; LCD_Set_Windows
</UL>
<BR>[Calls]<UL><LI><a href="#[9e]">&gt;&gt;</a>&nbsp;&nbsp;&nbsp;LCD_WriteRAM_Prepare
<LI><a href="#[a4]">&gt;&gt;</a>&nbsp;&nbsp;&nbsp;LCD_Set_Windows
<LI><a href="#[9c]">&gt;&gt;</a>&nbsp;&nbsp;&nbsp;__asm___5_lcd_c_15d5615c____REV16
</UL>
<BR>[Called By]<UL><LI><a href="#[67]">&gt;&gt;</a>&nbsp;&nbsp;&nbsp;Display_UI_Show_PLL_Set_Freq
<LI><a href="#[78]">&gt;&gt;</a>&nbsp;&nbsp;&nbsp;Display_UI_PLL_Vice_Page_Init
<LI><a href="#[73]">&gt;&gt;</a>&nbsp;&nbsp;&nbsp;Display_UI_PLL_Refresh_Status
<LI><a href="#[77]">&gt;&gt;</a>&nbsp;&nbsp;&nbsp;Display_UI_PLL_Main_Page_Init
<LI><a href="#[8a]">&gt;&gt;</a>&nbsp;&nbsp;&nbsp;display_signed_integer
<LI><a href="#[8b]">&gt;&gt;</a>&nbsp;&nbsp;&nbsp;display_phase
<LI><a href="#[84]">&gt;&gt;</a>&nbsp;&nbsp;&nbsp;Display_UI_Microwave_Source_Init
<LI><a href="#[7b]">&gt;&gt;</a>&nbsp;&nbsp;&nbsp;Display_UI_Blink_Show
<LI><a href="#[7f]">&gt;&gt;</a>&nbsp;&nbsp;&nbsp;Display_UI_Init
</UL>

<P><STRONG><a name="[a3]"></a>LCD_WR_DATA</STRONG> (Thumb, 42 bytes, Stack size 0 bytes, lcd.o(i.LCD_WR_DATA))
<BR><BR>[Called By]<UL><LI><a href="#[9f]">&gt;&gt;</a>&nbsp;&nbsp;&nbsp;LCD_Init
</UL>

<P><STRONG><a name="[a2]"></a>LCD_WR_REG</STRONG> (Thumb, 38 bytes, Stack size 0 bytes, lcd.o(i.LCD_WR_REG))
<BR><BR>[Called By]<UL><LI><a href="#[9e]">&gt;&gt;</a>&nbsp;&nbsp;&nbsp;LCD_WriteRAM_Prepare
<LI><a href="#[9f]">&gt;&gt;</a>&nbsp;&nbsp;&nbsp;LCD_Init
</UL>

<P><STRONG><a name="[9e]"></a>LCD_WriteRAM_Prepare</STRONG> (Thumb, 10 bytes, Stack size 4 bytes, lcd.o(i.LCD_WriteRAM_Prepare))
<BR><BR>[Stack]<UL><LI>Max Depth = 4<LI>Call Chain = LCD_WriteRAM_Prepare
</UL>
<BR>[Calls]<UL><LI><a href="#[a2]">&gt;&gt;</a>&nbsp;&nbsp;&nbsp;LCD_WR_REG
</UL>
<BR>[Called By]<UL><LI><a href="#[9b]">&gt;&gt;</a>&nbsp;&nbsp;&nbsp;LCD_SHOW_HANZI
<LI><a href="#[7d]">&gt;&gt;</a>&nbsp;&nbsp;&nbsp;LCD_Show_Square
<LI><a href="#[81]">&gt;&gt;</a>&nbsp;&nbsp;&nbsp;LCD_SHOW_Icon_1612
<LI><a href="#[82]">&gt;&gt;</a>&nbsp;&nbsp;&nbsp;LCD_SHOW_ASCII_1608
<LI><a href="#[85]">&gt;&gt;</a>&nbsp;&nbsp;&nbsp;LCD_SHOW_ASCII_0806
<LI><a href="#[80]">&gt;&gt;</a>&nbsp;&nbsp;&nbsp;LCD_Clear
<LI><a href="#[a7]">&gt;&gt;</a>&nbsp;&nbsp;&nbsp;LCD_Show_Buaa_Logo
</UL>

<P><STRONG><a name="[7]"></a>NMI_Handler</STRONG> (Thumb, 2 bytes, Stack size 0 bytes, stm32f0xx_it.o(i.NMI_Handler))
<BR>[Address Reference Count : 1]<UL><LI> startup_stm32f0xx.o(RESET)
</UL>
<P><STRONG><a name="[a]"></a>PendSV_Handler</STRONG> (Thumb, 2 bytes, Stack size 0 bytes, stm32f0xx_it.o(i.PendSV_Handler))
<BR>[Address Reference Count : 1]<UL><LI> startup_stm32f0xx.o(RESET)
</UL>
<P><STRONG><a name="[aa]"></a>STM8Slave_Init</STRONG> (Thumb, 12 bytes, Stack size 8 bytes, stm8slave.o(i.STM8Slave_Init))
<BR><BR>[Stack]<UL><LI>Max Depth = 112<LI>Call Chain = STM8Slave_Init &rArr; STM8_Slave_Read_Status &rArr; IIC_Read &rArr; IIC_Wait_Stop &rArr; IIC_Wait &rArr; IIC_Bus_Recover
</UL>
<BR>[Calls]<UL><LI><a href="#[95]">&gt;&gt;</a>&nbsp;&nbsp;&nbsp;IIC1_Init
<LI><a href="#[59]">&gt;&gt;</a>&nbsp;&nbsp;&nbsp;STM8_Slave_Read_Status
</UL>
<BR>[Called By]<UL><LI><a href="#[46]">&gt;&gt;</a>&nbsp;&nbsp;&nbsp;main
</UL>

<P><STRONG><a name="[57]"></a>STM8Slave_MAX2871_OFF_CMD</STRONG> (Thumb, 12 bytes, Stack size 8 bytes, stm8slave.o(i.STM8Slave_MAX2871_OFF_CMD))
<BR><BR>[Stack]<UL><LI>Max Depth = 112<LI>Call Chain = STM8Slave_MAX2871_OFF_CMD &rArr; STM8Slave_Command &rArr; STM8Slave_Wait_Busy &rArr; IIC_Read &rArr; IIC_Wait_Stop &rArr; IIC_Wait &rArr; IIC_Bus_Recover
</UL>
<BR>[Calls]<UL><LI><a href="#[a8]">&gt;&gt;</a>&nbsp;&nbsp;&nbsp;STM8Slave_Command
</UL>
<BR>[Called By]<UL><LI><a href="#[5b]">&gt;&gt;</a>&nbsp;&nbsp;&nbsp;STM8_Slave_Set_MAX2871_Freq_Power
<LI><a href="#[2b]">&gt;&gt;</a>&nbsp;&nbsp;&nbsp;CtrlP0I0_Microwave_Source_Enable
</UL>

<P><STRONG><a name="[58]"></a>STM8Slave_MAX2871_ON_CMD</STRONG> (Thumb, 12 bytes, Stack size 8 bytes, stm8slave.o(i.STM8Slave_MAX2871_ON_CMD))
<BR><BR>[Stack]<UL><LI>Max Depth = 112<LI>Call Chain = STM8Slave_MAX2871_ON_CMD &rArr; STM8Slave_Command &rArr; STM8Slave_Wait_Busy &rArr; IIC_Read &rArr; IIC_Wait_Stop &rArr; IIC_Wait &rArr; IIC_Bus_Recover
</UL>
<BR>[Calls]<UL><LI><a href="#[a8]">&gt;&gt;</a>&nbsp;&nbsp;&nbsp;STM8Slave_Command
</UL>
<BR>[Called By]<UL><LI><a href="#[5b]">&gt;&gt;</a>&nbsp;&nbsp;&nbsp;STM8_Slave_Set_MAX2871_Freq_Power
<LI><a href="#[2b]">&gt;&gt;</a>&nbsp;&nbsp;&nbsp;CtrlP0I0_Microwave_Source_Enable
</UL>

<P><STRONG><a name="[61]"></a>STM8Slave_PLL_OFF_CMD</STRONG> (Thumb, 12 bytes, Stack size 8 bytes, stm8slave.o(i.STM8Slave_PLL_OFF_CMD))
<BR><BR>[Stack]<UL><LI>Max Depth = 112<LI>Call Chain = STM8Slave_PLL_OFF_CMD &rArr; STM8Slave_Command &rArr; STM8Slave_Wait_Busy &rArr; IIC_Read &rArr; IIC_Wait_Stop &rArr; IIC_Wait &rArr; IIC_Bus_Recover
</UL>
<BR>[Calls]<UL><LI><a href="#[a8]">&gt;&gt;</a>&nbsp;&nbsp;&nbsp;STM8Slave_Command
</UL>
<BR>[Called By]<UL><LI><a href="#[2e]">&gt;&gt;</a>&nbsp;&nbsp;&nbsp;CtrlP0I3_PLL_Enable
</UL>

<P><STRONG><a name="[64]"></a>STM8Slave_PLL_ON_CMD</STRONG> (Thumb, 12 bytes, Stack size 8 bytes, stm8slave.o(i.STM8Slave_PLL_ON_CMD))
<BR><BR>[Stack]<UL><LI>Max Depth = 112<LI>Call Chain = STM8Slave_PLL_ON_CMD &rArr; STM8Slave_Command &rArr; STM8Slave_Wait_Busy &rArr; IIC_Read &rArr; IIC_Wait_Stop &rArr; IIC_Wait &rArr; IIC_Bus_Recover
</UL>
<BR>[Calls]<UL><LI><a href="#[a8]">&gt;&gt;</a>&nbsp;&nbsp;&nbsp;STM8Slave_Command
</UL>
<BR>[Called By]<UL><LI><a href="#[2e]">&gt;&gt;</a>&nbsp;&nbsp;&nbsp;CtrlP0I3_PLL_Enable
</UL>

<P><STRONG><a name="[89]"></a>STM8_Bank_Get_S32</STRONG> (Thumb, 12 bytes, Stack size 8 bytes, stm8slave.o(i.STM8_Bank_Get_S32))
<BR><BR>[Stack]<UL><LI>Max Depth = 8<LI>Call Chain = STM8_Bank_Get_S32
</UL>
<BR>[Calls]<UL><LI><a href="#[5e]">&gt;&gt;</a>&nbsp;&nbsp;&nbsp;STM8_Bank_Get_U32
</UL>
<BR>[Called By]<UL><LI><a href="#[6c]">&gt;&gt;</a>&nbsp;&nbsp;&nbsp;adjust_limit
<LI><a href="#[90]">&gt;&gt;</a>&nbsp;&nbsp;&nbsp;Display_UI_Show_PLL_Limit
<LI><a href="#[73]">&gt;&gt;</a>&nbsp;&nbsp;&nbsp;Display_UI_PLL_Refresh_Status
</UL>

<P><STRONG><a name="[6d]"></a>STM8_Bank_Get_U16</STRONG> (Thumb, 18 bytes, Stack size 0 bytes, stm8slave.o(i.STM8_Bank_Get_U16))
<BR><BR>[Called By]<UL><LI><a href="#[68]">&gt;&gt;</a>&nbsp;&nbsp;&nbsp;adjust_mul_div
<LI><a href="#[3b]">&gt;&gt;</a>&nbsp;&nbsp;&nbsp;CtrlP1I8_Frequency
<LI><a href="#[3a]">&gt;&gt;</a>&nbsp;&nbsp;&nbsp;CtrlP1I7_Amplitude
<LI><a href="#[39]">&gt;&gt;</a>&nbsp;&nbsp;&nbsp;CtrlP1I6_Phase_Threshold
<LI><a href="#[6f]">&gt;&gt;</a>&nbsp;&nbsp;&nbsp;Display_UI_Show_Phase_Threshold
<LI><a href="#[87]">&gt;&gt;</a>&nbsp;&nbsp;&nbsp;Display_UI_Show_PLL_Mux_Div_Index
<LI><a href="#[70]">&gt;&gt;</a>&nbsp;&nbsp;&nbsp;Display_UI_Show_Amplitude_Freq_Threshold
</UL>

<P><STRONG><a name="[5e]"></a>STM8_Bank_Get_U32</STRONG> (Thumb, 34 bytes, Stack size 0 bytes, stm8slave.o(i.STM8_Bank_Get_U32))
<BR><BR>[Called By]<UL><LI><a href="#[6b]">&gt;&gt;</a>&nbsp;&nbsp;&nbsp;adjust_gain
<LI><a href="#[2f]">&gt;&gt;</a>&nbsp;&nbsp;&nbsp;CtrlP0I4_PLL_Frequency
<LI><a href="#[2d]">&gt;&gt;</a>&nbsp;&nbsp;&nbsp;CtrlP0I2_Microwave_Source_Frequency
<LI><a href="#[89]">&gt;&gt;</a>&nbsp;&nbsp;&nbsp;STM8_Bank_Get_S32
<LI><a href="#[67]">&gt;&gt;</a>&nbsp;&nbsp;&nbsp;Display_UI_Show_PLL_Set_Freq
<LI><a href="#[8f]">&gt;&gt;</a>&nbsp;&nbsp;&nbsp;Display_UI_Show_PLL_Gain
<LI><a href="#[73]">&gt;&gt;</a>&nbsp;&nbsp;&nbsp;Display_UI_PLL_Refresh_Status
<LI><a href="#[60]">&gt;&gt;</a>&nbsp;&nbsp;&nbsp;Display_UI_Microwave_Source_Freq
<LI><a href="#[8d]">&gt;&gt;</a>&nbsp;&nbsp;&nbsp;display_fast_meter
</UL>

<P><STRONG><a name="[6e]"></a>STM8_Bank_Put_U16</STRONG> (Thumb, 16 bytes, Stack size 8 bytes, stm8slave.o(i.STM8_Bank_Put_U16))
<BR><BR>[Stack]<UL><LI>Max Depth = 8<LI>Call Chain = STM8_Bank_Put_U16
</UL>
<BR>[Called By]<UL><LI><a href="#[68]">&gt;&gt;</a>&nbsp;&nbsp;&nbsp;adjust_mul_div
<LI><a href="#[3b]">&gt;&gt;</a>&nbsp;&nbsp;&nbsp;CtrlP1I8_Frequency
<LI><a href="#[3a]">&gt;&gt;</a>&nbsp;&nbsp;&nbsp;CtrlP1I7_Amplitude
<LI><a href="#[39]">&gt;&gt;</a>&nbsp;&nbsp;&nbsp;CtrlP1I6_Phase_Threshold
</UL>

<P><STRONG><a name="[5f]"></a>STM8_Bank_Put_U32</STRONG> (Thumb, 32 bytes, Stack size 8 bytes, stm8slave.o(i.STM8_Bank_Put_U32))
<BR><BR>[Stack]<UL><LI>Max Depth = 8<LI>Call Chain = STM8_Bank_Put_U32
</UL>
<BR>[Called By]<UL><LI><a href="#[6c]">&gt;&gt;</a>&nbsp;&nbsp;&nbsp;adjust_limit
<LI><a href="#[6b]">&gt;&gt;</a>&nbsp;&nbsp;&nbsp;adjust_gain
<LI><a href="#[2f]">&gt;&gt;</a>&nbsp;&nbsp;&nbsp;CtrlP0I4_PLL_Frequency
<LI><a href="#[2d]">&gt;&gt;</a>&nbsp;&nbsp;&nbsp;CtrlP0I2_Microwave_Source_Frequency
</UL>

<P><STRONG><a name="[ac]"></a>STM8_Slave_EEPROM_Write_Service</STRONG> (Thumb, 46 bytes, Stack size 8 bytes, stm8slave.o(i.STM8_Slave_EEPROM_Write_Service))
<BR><BR>[Stack]<UL><LI>Max Depth = 112<LI>Call Chain = STM8_Slave_EEPROM_Write_Service &rArr; STM8_Slave_Read_Status &rArr; IIC_Read &rArr; IIC_Wait_Stop &rArr; IIC_Wait &rArr; IIC_Bus_Recover
</UL>
<BR>[Calls]<UL><LI><a href="#[59]">&gt;&gt;</a>&nbsp;&nbsp;&nbsp;STM8_Slave_Read_Status
<LI><a href="#[a8]">&gt;&gt;</a>&nbsp;&nbsp;&nbsp;STM8Slave_Command
</UL>
<BR>[Called By]<UL><LI><a href="#[46]">&gt;&gt;</a>&nbsp;&nbsp;&nbsp;main
</UL>

<P><STRONG><a name="[5c]"></a>STM8_Slave_EEPROM_Write_Trigger</STRONG> (Thumb, 8 bytes, Stack size 0 bytes, stm8slave.o(i.STM8_Slave_EEPROM_Write_Trigger))
<BR><BR>[Called By]<UL><LI><a href="#[66]">&gt;&gt;</a>&nbsp;&nbsp;&nbsp;apply_pll_change
<LI><a href="#[2d]">&gt;&gt;</a>&nbsp;&nbsp;&nbsp;CtrlP0I2_Microwave_Source_Frequency
<LI><a href="#[2c]">&gt;&gt;</a>&nbsp;&nbsp;&nbsp;CtrlP0I1_Microwave_Source_Power
</UL>

<P><STRONG><a name="[b0]"></a>STM8_Slave_EEPROM_Writer_Time_Service</STRONG> (Thumb, 36 bytes, Stack size 0 bytes, stm8slave.o(i.STM8_Slave_EEPROM_Writer_Time_Service))
<BR><BR>[Called By]<UL><LI><a href="#[20]">&gt;&gt;</a>&nbsp;&nbsp;&nbsp;TIM16_IRQHandler
</UL>

<P><STRONG><a name="[88]"></a>STM8_Slave_Get_Link_State</STRONG> (Thumb, 6 bytes, Stack size 0 bytes, stm8slave.o(i.STM8_Slave_Get_Link_State))
<BR><BR>[Called By]<UL><LI><a href="#[73]">&gt;&gt;</a>&nbsp;&nbsp;&nbsp;Display_UI_PLL_Refresh_Status
</UL>

<P><STRONG><a name="[59]"></a>STM8_Slave_Read_Status</STRONG> (Thumb, 384 bytes, Stack size 32 bytes, stm8slave.o(i.STM8_Slave_Read_Status))
<BR><BR>[Stack]<UL><LI>Max Depth = 104<LI>Call Chain = STM8_Slave_Read_Status &rArr; IIC_Read &rArr; IIC_Wait_Stop &rArr; IIC_Wait &rArr; IIC_Bus_Recover
</UL>
<BR>[Calls]<UL><LI><a href="#[98]">&gt;&gt;</a>&nbsp;&nbsp;&nbsp;IIC_Read
<LI><a href="#[96]">&gt;&gt;</a>&nbsp;&nbsp;&nbsp;IIC_Check_Slave
</UL>
<BR>[Called By]<UL><LI><a href="#[63]">&gt;&gt;</a>&nbsp;&nbsp;&nbsp;STM8_Slave_Wait_Status
<LI><a href="#[2e]">&gt;&gt;</a>&nbsp;&nbsp;&nbsp;CtrlP0I3_PLL_Enable
<LI><a href="#[2b]">&gt;&gt;</a>&nbsp;&nbsp;&nbsp;CtrlP0I0_Microwave_Source_Enable
<LI><a href="#[ac]">&gt;&gt;</a>&nbsp;&nbsp;&nbsp;STM8_Slave_EEPROM_Write_Service
<LI><a href="#[aa]">&gt;&gt;</a>&nbsp;&nbsp;&nbsp;STM8Slave_Init
<LI><a href="#[71]">&gt;&gt;</a>&nbsp;&nbsp;&nbsp;Ctrl_Dispaly_Refresh_Show_Status
</UL>

<P><STRONG><a name="[62]"></a>STM8_Slave_Send_PLL_Cfg</STRONG> (Thumb, 96 bytes, Stack size 16 bytes, stm8slave.o(i.STM8_Slave_Send_PLL_Cfg))
<BR><BR>[Stack]<UL><LI>Max Depth = 128<LI>Call Chain = STM8_Slave_Send_PLL_Cfg &rArr; STM8Slave_Write_Verified &rArr; STM8Slave_Wait_Busy &rArr; IIC_Read &rArr; IIC_Wait_Stop &rArr; IIC_Wait &rArr; IIC_Bus_Recover
</UL>
<BR>[Calls]<UL><LI><a href="#[98]">&gt;&gt;</a>&nbsp;&nbsp;&nbsp;IIC_Read
<LI><a href="#[ab]">&gt;&gt;</a>&nbsp;&nbsp;&nbsp;STM8Slave_Write_Verified
<LI><a href="#[a8]">&gt;&gt;</a>&nbsp;&nbsp;&nbsp;STM8Slave_Command
</UL>
<BR>[Called By]<UL><LI><a href="#[66]">&gt;&gt;</a>&nbsp;&nbsp;&nbsp;apply_pll_change
<LI><a href="#[2e]">&gt;&gt;</a>&nbsp;&nbsp;&nbsp;CtrlP0I3_PLL_Enable
</UL>

<P><STRONG><a name="[69]"></a>STM8_Slave_Set_Debug_DAC_Preset</STRONG> (Thumb, 46 bytes, Stack size 16 bytes, stm8slave.o(i.STM8_Slave_Set_Debug_DAC_Preset))
<BR><BR>[Stack]<UL><LI>Max Depth = 128<LI>Call Chain = STM8_Slave_Set_Debug_DAC_Preset &rArr; STM8Slave_Write_Verified &rArr; STM8Slave_Wait_Busy &rArr; IIC_Read &rArr; IIC_Wait_Stop &rArr; IIC_Wait &rArr; IIC_Bus_Recover
</UL>
<BR>[Calls]<UL><LI><a href="#[ab]">&gt;&gt;</a>&nbsp;&nbsp;&nbsp;STM8Slave_Write_Verified
</UL>
<BR>[Called By]<UL><LI><a href="#[32]">&gt;&gt;</a>&nbsp;&nbsp;&nbsp;CtrlP0I7_Debug_DAC
</UL>

<P><STRONG><a name="[5b]"></a>STM8_Slave_Set_MAX2871_Freq_Power</STRONG> (Thumb, 40 bytes, Stack size 8 bytes, stm8slave.o(i.STM8_Slave_Set_MAX2871_Freq_Power))
<BR><BR>[Stack]<UL><LI>Max Depth = 120<LI>Call Chain = STM8_Slave_Set_MAX2871_Freq_Power &rArr; STM8Slave_MAX2871_ON_CMD &rArr; STM8Slave_Command &rArr; STM8Slave_Wait_Busy &rArr; IIC_Read &rArr; IIC_Wait_Stop &rArr; IIC_Wait &rArr; IIC_Bus_Recover
</UL>
<BR>[Calls]<UL><LI><a href="#[9a]">&gt;&gt;</a>&nbsp;&nbsp;&nbsp;IIC_Write
<LI><a href="#[58]">&gt;&gt;</a>&nbsp;&nbsp;&nbsp;STM8Slave_MAX2871_ON_CMD
<LI><a href="#[57]">&gt;&gt;</a>&nbsp;&nbsp;&nbsp;STM8Slave_MAX2871_OFF_CMD
</UL>
<BR>[Called By]<UL><LI><a href="#[2d]">&gt;&gt;</a>&nbsp;&nbsp;&nbsp;CtrlP0I2_Microwave_Source_Frequency
<LI><a href="#[2c]">&gt;&gt;</a>&nbsp;&nbsp;&nbsp;CtrlP0I1_Microwave_Source_Power
</UL>

<P><STRONG><a name="[63]"></a>STM8_Slave_Wait_Status</STRONG> (Thumb, 36 bytes, Stack size 8 bytes, stm8slave.o(i.STM8_Slave_Wait_Status))
<BR><BR>[Stack]<UL><LI>Max Depth = 112<LI>Call Chain = STM8_Slave_Wait_Status &rArr; STM8_Slave_Read_Status &rArr; IIC_Read &rArr; IIC_Wait_Stop &rArr; IIC_Wait &rArr; IIC_Bus_Recover
</UL>
<BR>[Calls]<UL><LI><a href="#[59]">&gt;&gt;</a>&nbsp;&nbsp;&nbsp;STM8_Slave_Read_Status
<LI><a href="#[a1]">&gt;&gt;</a>&nbsp;&nbsp;&nbsp;delay_ms
</UL>
<BR>[Called By]<UL><LI><a href="#[66]">&gt;&gt;</a>&nbsp;&nbsp;&nbsp;apply_pll_change
<LI><a href="#[2e]">&gt;&gt;</a>&nbsp;&nbsp;&nbsp;CtrlP0I3_PLL_Enable
</UL>

<P><STRONG><a name="[9]"></a>SVC_Handler</STRONG> (Thumb, 2 bytes, Stack size 0 bytes, stm32f0xx_it.o(i.SVC_Handler))
<BR>[Address Reference Count : 1]<UL><LI> startup_stm32f0xx.o(RESET)
</UL>
<P><STRONG><a name="[b]"></a>SysTick_Handler</STRONG> (Thumb, 2 bytes, Stack size 0 bytes, stm32f0xx_it.o(i.SysTick_Handler))
<BR>[Address Reference Count : 1]<UL><LI> startup_stm32f0xx.o(RESET)
</UL>
<P><STRONG><a name="[29]"></a>SystemInit</STRONG> (Thumb, 110 bytes, Stack size 8 bytes, system_stm32f0xx.o(i.SystemInit))
<BR><BR>[Stack]<UL><LI>Max Depth = 8<LI>Call Chain = SystemInit
</UL>
<BR>[Calls]<UL><LI><a href="#[ad]">&gt;&gt;</a>&nbsp;&nbsp;&nbsp;SetSysClock
</UL>
<BR>[Address Reference Count : 1]<UL><LI> startup_stm32f0xx.o(.text)
</UL>
<P><STRONG><a name="[20]"></a>TIM16_IRQHandler</STRONG> (Thumb, 36 bytes, Stack size 8 bytes, tim16.o(i.TIM16_IRQHandler))
<BR><BR>[Stack]<UL><LI>Max Depth = 20<LI>Call Chain = TIM16_IRQHandler &rArr; ENCODER_KEY_Service
</UL>
<BR>[Calls]<UL><LI><a href="#[b0]">&gt;&gt;</a>&nbsp;&nbsp;&nbsp;STM8_Slave_EEPROM_Writer_Time_Service
<LI><a href="#[ae]">&gt;&gt;</a>&nbsp;&nbsp;&nbsp;ENCODER_KEY_Service
<LI><a href="#[af]">&gt;&gt;</a>&nbsp;&nbsp;&nbsp;ADC_Tick_Service
<LI><a href="#[b2]">&gt;&gt;</a>&nbsp;&nbsp;&nbsp;Ctrl_Dispaly_Refresh_Timer_Service
<LI><a href="#[b1]">&gt;&gt;</a>&nbsp;&nbsp;&nbsp;Display_UI_Timer_Service
</UL>
<BR>[Address Reference Count : 1]<UL><LI> startup_stm32f0xx.o(RESET)
</UL>
<P><STRONG><a name="[b3]"></a>TIM16_Init</STRONG> (Thumb, 82 bytes, Stack size 8 bytes, tim16.o(i.TIM16_Init))
<BR><BR>[Stack]<UL><LI>Max Depth = 16<LI>Call Chain = TIM16_Init &rArr; NVIC_SetPriority
</UL>
<BR>[Calls]<UL><LI><a href="#[b4]">&gt;&gt;</a>&nbsp;&nbsp;&nbsp;NVIC_SetPriority
</UL>
<BR>[Called By]<UL><LI><a href="#[46]">&gt;&gt;</a>&nbsp;&nbsp;&nbsp;main
</UL>

<P><STRONG><a name="[53]"></a>__ARM_common_ll_muluu</STRONG> (Thumb, 48 bytes, Stack size 24 bytes, adc.o(i.__ARM_common_ll_muluu))
<BR><BR>[Stack]<UL><LI>Max Depth = 24<LI>Call Chain = __ARM_common_ll_muluu
</UL>
<BR>[Called By]<UL><LI><a href="#[50]">&gt;&gt;</a>&nbsp;&nbsp;&nbsp;ADC_Data_Service
</UL>

<P><STRONG><a name="[b5]"></a>delay_init</STRONG> (Thumb, 48 bytes, Stack size 8 bytes, delay.o(i.delay_init))
<BR><BR>[Stack]<UL><LI>Max Depth = 8<LI>Call Chain = delay_init
</UL>
<BR>[Calls]<UL><LI><a href="#[52]">&gt;&gt;</a>&nbsp;&nbsp;&nbsp;__aeabi_uidivmod
</UL>
<BR>[Called By]<UL><LI><a href="#[46]">&gt;&gt;</a>&nbsp;&nbsp;&nbsp;main
</UL>

<P><STRONG><a name="[a1]"></a>delay_ms</STRONG> (Thumb, 74 bytes, Stack size 0 bytes, delay.o(i.delay_ms))
<BR><BR>[Called By]<UL><LI><a href="#[63]">&gt;&gt;</a>&nbsp;&nbsp;&nbsp;STM8_Slave_Wait_Status
<LI><a href="#[9f]">&gt;&gt;</a>&nbsp;&nbsp;&nbsp;LCD_Init
<LI><a href="#[46]">&gt;&gt;</a>&nbsp;&nbsp;&nbsp;main
<LI><a href="#[ab]">&gt;&gt;</a>&nbsp;&nbsp;&nbsp;STM8Slave_Write_Verified
<LI><a href="#[a8]">&gt;&gt;</a>&nbsp;&nbsp;&nbsp;STM8Slave_Command
</UL>

<P><STRONG><a name="[94]"></a>delay_us</STRONG> (Thumb, 74 bytes, Stack size 0 bytes, delay.o(i.delay_us))
<BR><BR>[Called By]<UL><LI><a href="#[92]">&gt;&gt;</a>&nbsp;&nbsp;&nbsp;IIC_Bus_Recover
<LI><a href="#[a9]">&gt;&gt;</a>&nbsp;&nbsp;&nbsp;STM8Slave_Wait_Busy
</UL>

<P><STRONG><a name="[46]"></a>main</STRONG> (Thumb, 72 bytes, Stack size 0 bytes, main.o(i.main))
<BR><BR>[Stack]<UL><LI>Max Depth = 328 + Unknown Stack Size
<LI>Call Chain = main &rArr; Display_UI_Init &rArr; Display_UI_PLL_Main_Page_Init &rArr; Display_UI_PLL_Refresh_Status &rArr; display_signed_integer &rArr; display_unsigned &rArr; display_digit_blink &rArr; Display_UI_Blink_Show_Register &rArr; Display_UI_Blink_Show_Stop &rArr; Display_UI_Blink_Show &rArr; LCD_16ShowString_hanzi &rArr; LCD_SHOW_HANZI &rArr; LCD_Set_Windows
</UL>
<BR>[Calls]<UL><LI><a href="#[a1]">&gt;&gt;</a>&nbsp;&nbsp;&nbsp;delay_ms
<LI><a href="#[b5]">&gt;&gt;</a>&nbsp;&nbsp;&nbsp;delay_init
<LI><a href="#[b3]">&gt;&gt;</a>&nbsp;&nbsp;&nbsp;TIM16_Init
<LI><a href="#[ac]">&gt;&gt;</a>&nbsp;&nbsp;&nbsp;STM8_Slave_EEPROM_Write_Service
<LI><a href="#[aa]">&gt;&gt;</a>&nbsp;&nbsp;&nbsp;STM8Slave_Init
<LI><a href="#[a7]">&gt;&gt;</a>&nbsp;&nbsp;&nbsp;LCD_Show_Buaa_Logo
<LI><a href="#[9f]">&gt;&gt;</a>&nbsp;&nbsp;&nbsp;LCD_Init
<LI><a href="#[b8]">&gt;&gt;</a>&nbsp;&nbsp;&nbsp;ENCODER_KEY_Init
<LI><a href="#[91]">&gt;&gt;</a>&nbsp;&nbsp;&nbsp;Display_UI_Show_Service
<LI><a href="#[7f]">&gt;&gt;</a>&nbsp;&nbsp;&nbsp;Display_UI_Init
<LI><a href="#[75]">&gt;&gt;</a>&nbsp;&nbsp;&nbsp;Ctrl_KEY_Response_Service
<LI><a href="#[71]">&gt;&gt;</a>&nbsp;&nbsp;&nbsp;Ctrl_Dispaly_Refresh_Show_Status
<LI><a href="#[b9]">&gt;&gt;</a>&nbsp;&nbsp;&nbsp;Ctrl_Data_Init
[...]
</UL>
<BR>[Address Reference Count : 1]<UL><LI> control.o(.data)
</UL>
<P><STRONG><a name="[30]"></a>CtrlP0I5_PLL_Mul</STRONG> (Thumb, 18 bytes, Stack size 8 bytes, control.o(i.CtrlP0I5_PLL_Mul))
<BR><BR>[Stack]<UL><LI>Max Depth = 320<LI>Call Chain = CtrlP0I5_PLL_Mul &rArr; adjust_mul_div &rArr; Display_UI_Show_PLL_Mux_Div_Index &rArr; display_unsigned &rArr; display_digit_blink &rArr; Display_UI_Blink_Show_Register &rArr; Display_UI_Blink_Show_Stop &rArr; Display_UI_Blink_Show &rArr; LCD_16ShowString_hanzi &rArr; LCD_SHOW_HANZI &rArr; LCD_Set_Windows
</UL>
<BR>[Calls]<UL><LI><a href="#[68]">&gt;&gt;</a>&nbsp;&nbsp;&nbsp;adjust_mul_div
</UL>
<BR>[Address Reference Count : 1]<UL><LI> control.o(.data)
</UL>
<P><STRONG><a name="[31]"></a>CtrlP0I6_PLL_Div</STRONG> (Thumb, 18 bytes, Stack size 8 bytes, control.o(i.CtrlP0I6_PLL_Div))
<BR><BR>[Stack]<UL><LI>Max Depth = 320<LI>Call Chain = CtrlP0I6_PLL_Div &rArr; adjust_mul_div &rArr; Display_UI_Show_PLL_Mux_Div_Index &rArr; display_unsigned &rArr; display_digit_blink &rArr; Display_UI_Blink_Show_Register &rArr; Display_UI_Blink_Show_Stop &rArr; Display_UI_Blink_Show &rArr; LCD_16ShowString_hanzi &rArr; LCD_SHOW_HANZI &rArr; LCD_Set_Windows
</UL>
<BR>[Calls]<UL><LI><a href="#[68]">&gt;&gt;</a>&nbsp;&nbsp;&nbsp;adjust_mul_div
</UL>
<BR>[Address Reference Count : 1]<UL><LI> control.o(.data)
</UL>
<P><STRONG><a name="[32]"></a>CtrlP0I7_Debug_DAC</STRONG> (Thumb, 96 bytes, Stack size 16 bytes, control.o(i.CtrlP0I7_Debug_DAC))
<BR><BR>[Stack]<UL><LI>Max Depth = 232<LI>Call Chain = CtrlP0I7_Debug_DAC &rArr; Display_UI_Show_Debug_DAC_Preset &rArr; display_digit_blink &rArr; Display_UI_Blink_Show_Register &rArr; Display_UI_Blink_Show_Stop &rArr; Display_UI_Blink_Show &rArr; LCD_16ShowString_hanzi &rArr; LCD_SHOW_HANZI &rArr; LCD_Set_Windows
</UL>
<BR>[Calls]<UL><LI><a href="#[69]">&gt;&gt;</a>&nbsp;&nbsp;&nbsp;STM8_Slave_Set_Debug_DAC_Preset
<LI><a href="#[56]">&gt;&gt;</a>&nbsp;&nbsp;&nbsp;is_sub
<LI><a href="#[55]">&gt;&gt;</a>&nbsp;&nbsp;&nbsp;is_add
<LI><a href="#[6a]">&gt;&gt;</a>&nbsp;&nbsp;&nbsp;Display_UI_Show_Debug_DAC_Preset
</UL>
<BR>[Address Reference Count : 1]<UL><LI> control.o(.data)
</UL>
<P><STRONG><a name="[33]"></a>CtrlP1I0_Gain</STRONG> (Thumb, 14 bytes, Stack size 8 bytes, control.o(i.CtrlP1I0_Gain))
<BR><BR>[Stack]<UL><LI>Max Depth = 296<LI>Call Chain = CtrlP1I0_Gain &rArr; adjust_gain &rArr; Display_UI_Show_PLL_Gain &rArr; display_unsigned &rArr; display_digit_blink &rArr; Display_UI_Blink_Show_Register &rArr; Display_UI_Blink_Show_Stop &rArr; Display_UI_Blink_Show &rArr; LCD_16ShowString_hanzi &rArr; LCD_SHOW_HANZI &rArr; LCD_Set_Windows
</UL>
<BR>[Calls]<UL><LI><a href="#[6b]">&gt;&gt;</a>&nbsp;&nbsp;&nbsp;adjust_gain
</UL>
<BR>[Address Reference Count : 1]<UL><LI> control.o(.data)
</UL>
<P><STRONG><a name="[34]"></a>CtrlP1I1_Gain</STRONG> (Thumb, 14 bytes, Stack size 8 bytes, control.o(i.CtrlP1I1_Gain))
<BR><BR>[Stack]<UL><LI>Max Depth = 296<LI>Call Chain = CtrlP1I1_Gain &rArr; adjust_gain &rArr; Display_UI_Show_PLL_Gain &rArr; display_unsigned &rArr; display_digit_blink &rArr; Display_UI_Blink_Show_Register &rArr; Display_UI_Blink_Show_Stop &rArr; Display_UI_Blink_Show &rArr; LCD_16ShowString_hanzi &rArr; LCD_SHOW_HANZI &rArr; LCD_Set_Windows
</UL>
<BR>[Calls]<UL><LI><a href="#[6b]">&gt;&gt;</a>&nbsp;&nbsp;&nbsp;adjust_gain
</UL>
<BR>[Address Reference Count : 1]<UL><LI> control.o(.data)
</UL>
<P><STRONG><a name="[35]"></a>CtrlP1I2_Gain</STRONG> (Thumb, 14 bytes, Stack size 8 bytes, control.o(i.CtrlP1I2_Gain))
<BR><BR>[Stack]<UL><LI>Max Depth = 296<LI>Call Chain = CtrlP1I2_Gain &rArr; adjust_gain &rArr; Display_UI_Show_PLL_Gain &rArr; display_unsigned &rArr; display_digit_blink &rArr; Display_UI_Blink_Show_Register &rArr; Display_UI_Blink_Show_Stop &rArr; Display_UI_Blink_Show &rArr; LCD_16ShowString_hanzi &rArr; LCD_SHOW_HANZI &rArr; LCD_Set_Windows
</UL>
<BR>[Calls]<UL><LI><a href="#[6b]">&gt;&gt;</a>&nbsp;&nbsp;&nbsp;adjust_gain
</UL>
<BR>[Address Reference Count : 1]<UL><LI> control.o(.data)
</UL>
<P><STRONG><a name="[36]"></a>CtrlP1I3_Gain</STRONG> (Thumb, 14 bytes, Stack size 8 bytes, control.o(i.CtrlP1I3_Gain))
<BR><BR>[Stack]<UL><LI>Max Depth = 296<LI>Call Chain = CtrlP1I3_Gain &rArr; adjust_gain &rArr; Display_UI_Show_PLL_Gain &rArr; display_unsigned &rArr; display_digit_blink &rArr; Display_UI_Blink_Show_Register &rArr; Display_UI_Blink_Show_Stop &rArr; Display_UI_Blink_Show &rArr; LCD_16ShowString_hanzi &rArr; LCD_SHOW_HANZI &rArr; LCD_Set_Windows
</UL>
<BR>[Calls]<UL><LI><a href="#[6b]">&gt;&gt;</a>&nbsp;&nbsp;&nbsp;adjust_gain
</UL>
<BR>[Address Reference Count : 1]<UL><LI> control.o(.data)
</UL>
<P><STRONG><a name="[37]"></a>CtrlP1I4_Positive_Limit</STRONG> (Thumb, 14 bytes, Stack size 8 bytes, control.o(i.CtrlP1I4_Positive_Limit))
<BR><BR>[Stack]<UL><LI>Max Depth = 312<LI>Call Chain = CtrlP1I4_Positive_Limit &rArr; adjust_limit &rArr; Display_UI_Show_PLL_Limit &rArr; display_unsigned &rArr; display_digit_blink &rArr; Display_UI_Blink_Show_Register &rArr; Display_UI_Blink_Show_Stop &rArr; Display_UI_Blink_Show &rArr; LCD_16ShowString_hanzi &rArr; LCD_SHOW_HANZI &rArr; LCD_Set_Windows
</UL>
<BR>[Calls]<UL><LI><a href="#[6c]">&gt;&gt;</a>&nbsp;&nbsp;&nbsp;adjust_limit
</UL>
<BR>[Address Reference Count : 1]<UL><LI> control.o(.data)
</UL>
<P><STRONG><a name="[38]"></a>CtrlP1I5_Negative_Limit</STRONG> (Thumb, 14 bytes, Stack size 8 bytes, control.o(i.CtrlP1I5_Negative_Limit))
<BR><BR>[Stack]<UL><LI>Max Depth = 312<LI>Call Chain = CtrlP1I5_Negative_Limit &rArr; adjust_limit &rArr; Display_UI_Show_PLL_Limit &rArr; display_unsigned &rArr; display_digit_blink &rArr; Display_UI_Blink_Show_Register &rArr; Display_UI_Blink_Show_Stop &rArr; Display_UI_Blink_Show &rArr; LCD_16ShowString_hanzi &rArr; LCD_SHOW_HANZI &rArr; LCD_Set_Windows
</UL>
<BR>[Calls]<UL><LI><a href="#[6c]">&gt;&gt;</a>&nbsp;&nbsp;&nbsp;adjust_limit
</UL>
<BR>[Address Reference Count : 1]<UL><LI> control.o(.data)
</UL>
<P><STRONG><a name="[39]"></a>CtrlP1I6_Phase_Threshold</STRONG> (Thumb, 158 bytes, Stack size 16 bytes, control.o(i.CtrlP1I6_Phase_Threshold))
<BR><BR>[Stack]<UL><LI>Max Depth = 320<LI>Call Chain = CtrlP1I6_Phase_Threshold &rArr; Display_UI_Show_Phase_Threshold &rArr; display_phase &rArr; display_digit_blink &rArr; Display_UI_Blink_Show_Register &rArr; Display_UI_Blink_Show_Stop &rArr; Display_UI_Blink_Show &rArr; LCD_16ShowString_hanzi &rArr; LCD_SHOW_HANZI &rArr; LCD_Set_Windows
</UL>
<BR>[Calls]<UL><LI><a href="#[6e]">&gt;&gt;</a>&nbsp;&nbsp;&nbsp;STM8_Bank_Put_U16
<LI><a href="#[56]">&gt;&gt;</a>&nbsp;&nbsp;&nbsp;is_sub
<LI><a href="#[55]">&gt;&gt;</a>&nbsp;&nbsp;&nbsp;is_add
<LI><a href="#[66]">&gt;&gt;</a>&nbsp;&nbsp;&nbsp;apply_pll_change
<LI><a href="#[6d]">&gt;&gt;</a>&nbsp;&nbsp;&nbsp;STM8_Bank_Get_U16
<LI><a href="#[6f]">&gt;&gt;</a>&nbsp;&nbsp;&nbsp;Display_UI_Show_Phase_Threshold
</UL>
<BR>[Address Reference Count : 1]<UL><LI> control.o(.data)
</UL>
<P><STRONG><a name="[3a]"></a>CtrlP1I7_Amplitude</STRONG> (Thumb, 164 bytes, Stack size 16 bytes, control.o(i.CtrlP1I7_Amplitude))
<BR><BR>[Stack]<UL><LI>Max Depth = 248<LI>Call Chain = CtrlP1I7_Amplitude &rArr; Display_UI_Show_Amplitude_Freq_Threshold &rArr; display_digit_blink &rArr; Display_UI_Blink_Show_Register &rArr; Display_UI_Blink_Show_Stop &rArr; Display_UI_Blink_Show &rArr; LCD_16ShowString_hanzi &rArr; LCD_SHOW_HANZI &rArr; LCD_Set_Windows
</UL>
<BR>[Calls]<UL><LI><a href="#[6e]">&gt;&gt;</a>&nbsp;&nbsp;&nbsp;STM8_Bank_Put_U16
<LI><a href="#[56]">&gt;&gt;</a>&nbsp;&nbsp;&nbsp;is_sub
<LI><a href="#[55]">&gt;&gt;</a>&nbsp;&nbsp;&nbsp;is_add
<LI><a href="#[66]">&gt;&gt;</a>&nbsp;&nbsp;&nbsp;apply_pll_change
<LI><a href="#[6d]">&gt;&gt;</a>&nbsp;&nbsp;&nbsp;STM8_Bank_Get_U16
<LI><a href="#[70]">&gt;&gt;</a>&nbsp;&nbsp;&nbsp;Display_UI_Show_Amplitude_Freq_Threshold
</UL>
<BR>[Address Reference Count : 1]<UL><LI> control.o(.data)
</UL>
<P><STRONG><a name="[3b]"></a>CtrlP1I8_Frequency</STRONG> (Thumb, 160 bytes, Stack size 16 bytes, control.o(i.CtrlP1I8_Frequency))
<BR><BR>[Stack]<UL><LI>Max Depth = 248<LI>Call Chain = CtrlP1I8_Frequency &rArr; Display_UI_Show_Amplitude_Freq_Threshold &rArr; display_digit_blink &rArr; Display_UI_Blink_Show_Register &rArr; Display_UI_Blink_Show_Stop &rArr; Display_UI_Blink_Show &rArr; LCD_16ShowString_hanzi &rArr; LCD_SHOW_HANZI &rArr; LCD_Set_Windows
</UL>
<BR>[Calls]<UL><LI><a href="#[6e]">&gt;&gt;</a>&nbsp;&nbsp;&nbsp;STM8_Bank_Put_U16
<LI><a href="#[56]">&gt;&gt;</a>&nbsp;&nbsp;&nbsp;is_sub
<LI><a href="#[55]">&gt;&gt;</a>&nbsp;&nbsp;&nbsp;is_add
<LI><a href="#[66]">&gt;&gt;</a>&nbsp;&nbsp;&nbsp;apply_pll_change
<LI><a href="#[6d]">&gt;&gt;</a>&nbsp;&nbsp;&nbsp;STM8_Bank_Get_U16
<LI><a href="#[70]">&gt;&gt;</a>&nbsp;&nbsp;&nbsp;Display_UI_Show_Amplitude_Freq_Threshold
</UL>
<BR>[Address Reference Count : 1]<UL><LI> control.o(.data)
</UL>
<P><STRONG><a name="[6b]"></a>adjust_gain</STRONG> (Thumb, 170 bytes, Stack size 24 bytes, control.o(i.adjust_gain))
<BR><BR>[Stack]<UL><LI>Max Depth = 288<LI>Call Chain = adjust_gain &rArr; Display_UI_Show_PLL_Gain &rArr; display_unsigned &rArr; display_digit_blink &rArr; Display_UI_Blink_Show_Register &rArr; Display_UI_Blink_Show_Stop &rArr; Display_UI_Blink_Show &rArr; LCD_16ShowString_hanzi &rArr; LCD_SHOW_HANZI &rArr; LCD_Set_Windows
</UL>
<BR>[Calls]<UL><LI><a href="#[5f]">&gt;&gt;</a>&nbsp;&nbsp;&nbsp;STM8_Bank_Put_U32
<LI><a href="#[56]">&gt;&gt;</a>&nbsp;&nbsp;&nbsp;is_sub
<LI><a href="#[55]">&gt;&gt;</a>&nbsp;&nbsp;&nbsp;is_add
<LI><a href="#[66]">&gt;&gt;</a>&nbsp;&nbsp;&nbsp;apply_pll_change
<LI><a href="#[5e]">&gt;&gt;</a>&nbsp;&nbsp;&nbsp;STM8_Bank_Get_U32
<LI><a href="#[8f]">&gt;&gt;</a>&nbsp;&nbsp;&nbsp;Display_UI_Show_PLL_Gain
</UL>
<BR>[Called By]<UL><LI><a href="#[36]">&gt;&gt;</a>&nbsp;&nbsp;&nbsp;CtrlP1I3_Gain
<LI><a href="#[35]">&gt;&gt;</a>&nbsp;&nbsp;&nbsp;CtrlP1I2_Gain
<LI><a href="#[34]">&gt;&gt;</a>&nbsp;&nbsp;&nbsp;CtrlP1I1_Gain
<LI><a href="#[33]">&gt;&gt;</a>&nbsp;&nbsp;&nbsp;CtrlP1I0_Gain
</UL>

<P><STRONG><a name="[6c]"></a>adjust_limit</STRONG> (Thumb, 198 bytes, Stack size 32 bytes, control.o(i.adjust_limit))
<BR><BR>[Stack]<UL><LI>Max Depth = 304<LI>Call Chain = adjust_limit &rArr; Display_UI_Show_PLL_Limit &rArr; display_unsigned &rArr; display_digit_blink &rArr; Display_UI_Blink_Show_Register &rArr; Display_UI_Blink_Show_Stop &rArr; Display_UI_Blink_Show &rArr; LCD_16ShowString_hanzi &rArr; LCD_SHOW_HANZI &rArr; LCD_Set_Windows
</UL>
<BR>[Calls]<UL><LI><a href="#[5f]">&gt;&gt;</a>&nbsp;&nbsp;&nbsp;STM8_Bank_Put_U32
<LI><a href="#[56]">&gt;&gt;</a>&nbsp;&nbsp;&nbsp;is_sub
<LI><a href="#[55]">&gt;&gt;</a>&nbsp;&nbsp;&nbsp;is_add
<LI><a href="#[66]">&gt;&gt;</a>&nbsp;&nbsp;&nbsp;apply_pll_change
<LI><a href="#[89]">&gt;&gt;</a>&nbsp;&nbsp;&nbsp;STM8_Bank_Get_S32
<LI><a href="#[90]">&gt;&gt;</a>&nbsp;&nbsp;&nbsp;Display_UI_Show_PLL_Limit
</UL>
<BR>[Called By]<UL><LI><a href="#[38]">&gt;&gt;</a>&nbsp;&nbsp;&nbsp;CtrlP1I5_Negative_Limit
<LI><a href="#[37]">&gt;&gt;</a>&nbsp;&nbsp;&nbsp;CtrlP1I4_Positive_Limit
</UL>

<P><STRONG><a name="[68]"></a>adjust_mul_div</STRONG> (Thumb, 200 bytes, Stack size 48 bytes, control.o(i.adjust_mul_div))
<BR><BR>[Stack]<UL><LI>Max Depth = 312<LI>Call Chain = adjust_mul_div &rArr; Display_UI_Show_PLL_Mux_Div_Index &rArr; display_unsigned &rArr; display_digit_blink &rArr; Display_UI_Blink_Show_Register &rArr; Display_UI_Blink_Show_Stop &rArr; Display_UI_Blink_Show &rArr; LCD_16ShowString_hanzi &rArr; LCD_SHOW_HANZI &rArr; LCD_Set_Windows
</UL>
<BR>[Calls]<UL><LI><a href="#[6e]">&gt;&gt;</a>&nbsp;&nbsp;&nbsp;STM8_Bank_Put_U16
<LI><a href="#[56]">&gt;&gt;</a>&nbsp;&nbsp;&nbsp;is_sub
<LI><a href="#[55]">&gt;&gt;</a>&nbsp;&nbsp;&nbsp;is_add
<LI><a href="#[66]">&gt;&gt;</a>&nbsp;&nbsp;&nbsp;apply_pll_change
<LI><a href="#[6d]">&gt;&gt;</a>&nbsp;&nbsp;&nbsp;STM8_Bank_Get_U16
<LI><a href="#[87]">&gt;&gt;</a>&nbsp;&nbsp;&nbsp;Display_UI_Show_PLL_Mux_Div_Index
</UL>
<BR>[Called By]<UL><LI><a href="#[31]">&gt;&gt;</a>&nbsp;&nbsp;&nbsp;CtrlP0I6_PLL_Div
<LI><a href="#[30]">&gt;&gt;</a>&nbsp;&nbsp;&nbsp;CtrlP0I5_PLL_Mul
</UL>

<P><STRONG><a name="[66]"></a>apply_pll_change</STRONG> (Thumb, 32 bytes, Stack size 8 bytes, control.o(i.apply_pll_change))
<BR><BR>[Stack]<UL><LI>Max Depth = 136<LI>Call Chain = apply_pll_change &rArr; STM8_Slave_Send_PLL_Cfg &rArr; STM8Slave_Write_Verified &rArr; STM8Slave_Wait_Busy &rArr; IIC_Read &rArr; IIC_Wait_Stop &rArr; IIC_Wait &rArr; IIC_Bus_Recover
</UL>
<BR>[Calls]<UL><LI><a href="#[63]">&gt;&gt;</a>&nbsp;&nbsp;&nbsp;STM8_Slave_Wait_Status
<LI><a href="#[62]">&gt;&gt;</a>&nbsp;&nbsp;&nbsp;STM8_Slave_Send_PLL_Cfg
<LI><a href="#[5c]">&gt;&gt;</a>&nbsp;&nbsp;&nbsp;STM8_Slave_EEPROM_Write_Trigger
</UL>
<BR>[Called By]<UL><LI><a href="#[68]">&gt;&gt;</a>&nbsp;&nbsp;&nbsp;adjust_mul_div
<LI><a href="#[6c]">&gt;&gt;</a>&nbsp;&nbsp;&nbsp;adjust_limit
<LI><a href="#[6b]">&gt;&gt;</a>&nbsp;&nbsp;&nbsp;adjust_gain
<LI><a href="#[3b]">&gt;&gt;</a>&nbsp;&nbsp;&nbsp;CtrlP1I8_Frequency
<LI><a href="#[3a]">&gt;&gt;</a>&nbsp;&nbsp;&nbsp;CtrlP1I7_Amplitude
<LI><a href="#[39]">&gt;&gt;</a>&nbsp;&nbsp;&nbsp;CtrlP1I6_Phase_Threshold
<LI><a href="#[2f]">&gt;&gt;</a>&nbsp;&nbsp;&nbsp;CtrlP0I4_PLL_Frequency
</UL>

<P><STRONG><a name="[55]"></a>is_add</STRONG> (Thumb, 18 bytes, Stack size 0 bytes, control.o(i.is_add))
<BR><BR>[Called By]<UL><LI><a href="#[68]">&gt;&gt;</a>&nbsp;&nbsp;&nbsp;adjust_mul_div
<LI><a href="#[6c]">&gt;&gt;</a>&nbsp;&nbsp;&nbsp;adjust_limit
<LI><a href="#[6b]">&gt;&gt;</a>&nbsp;&nbsp;&nbsp;adjust_gain
<LI><a href="#[3b]">&gt;&gt;</a>&nbsp;&nbsp;&nbsp;CtrlP1I8_Frequency
<LI><a href="#[3a]">&gt;&gt;</a>&nbsp;&nbsp;&nbsp;CtrlP1I7_Amplitude
<LI><a href="#[39]">&gt;&gt;</a>&nbsp;&nbsp;&nbsp;CtrlP1I6_Phase_Threshold
<LI><a href="#[32]">&gt;&gt;</a>&nbsp;&nbsp;&nbsp;CtrlP0I7_Debug_DAC
<LI><a href="#[2f]">&gt;&gt;</a>&nbsp;&nbsp;&nbsp;CtrlP0I4_PLL_Frequency
<LI><a href="#[2e]">&gt;&gt;</a>&nbsp;&nbsp;&nbsp;CtrlP0I3_PLL_Enable
<LI><a href="#[2d]">&gt;&gt;</a>&nbsp;&nbsp;&nbsp;CtrlP0I2_Microwave_Source_Frequency
<LI><a href="#[2c]">&gt;&gt;</a>&nbsp;&nbsp;&nbsp;CtrlP0I1_Microwave_Source_Power
<LI><a href="#[2b]">&gt;&gt;</a>&nbsp;&nbsp;&nbsp;CtrlP0I0_Microwave_Source_Enable
</UL>

<P><STRONG><a name="[56]"></a>is_sub</STRONG> (Thumb, 18 bytes, Stack size 0 bytes, control.o(i.is_sub))
<BR><BR>[Called By]<UL><LI><a href="#[68]">&gt;&gt;</a>&nbsp;&nbsp;&nbsp;adjust_mul_div
<LI><a href="#[6c]">&gt;&gt;</a>&nbsp;&nbsp;&nbsp;adjust_limit
<LI><a href="#[6b]">&gt;&gt;</a>&nbsp;&nbsp;&nbsp;adjust_gain
<LI><a href="#[3b]">&gt;&gt;</a>&nbsp;&nbsp;&nbsp;CtrlP1I8_Frequency
<LI><a href="#[3a]">&gt;&gt;</a>&nbsp;&nbsp;&nbsp;CtrlP1I7_Amplitude
<LI><a href="#[39]">&gt;&gt;</a>&nbsp;&nbsp;&nbsp;CtrlP1I6_Phase_Threshold
<LI><a href="#[32]">&gt;&gt;</a>&nbsp;&nbsp;&nbsp;CtrlP0I7_Debug_DAC
<LI><a href="#[2f]">&gt;&gt;</a>&nbsp;&nbsp;&nbsp;CtrlP0I4_PLL_Frequency
<LI><a href="#[2e]">&gt;&gt;</a>&nbsp;&nbsp;&nbsp;CtrlP0I3_PLL_Enable
<LI><a href="#[2d]">&gt;&gt;</a>&nbsp;&nbsp;&nbsp;CtrlP0I2_Microwave_Source_Frequency
<LI><a href="#[2c]">&gt;&gt;</a>&nbsp;&nbsp;&nbsp;CtrlP0I1_Microwave_Source_Power
<LI><a href="#[2b]">&gt;&gt;</a>&nbsp;&nbsp;&nbsp;CtrlP0I0_Microwave_Source_Enable
</UL>

<P><STRONG><a name="[b4]"></a>NVIC_SetPriority</STRONG> (Thumb, 110 bytes, Stack size 8 bytes, tim16.o(i.NVIC_SetPriority))
<BR><BR>[Stack]<UL><LI>Max Depth = 8<LI>Call Chain = NVIC_SetPriority
</UL>
<BR>[Called By]<UL><LI><a href="#[b3]">&gt;&gt;</a>&nbsp;&nbsp;&nbsp;TIM16_Init
</UL>

<P><STRONG><a name="[92]"></a>IIC_Bus_Recover</STRONG> (Thumb, 206 bytes, Stack size 8 bytes, iic.o(i.IIC_Bus_Recover))
<BR><BR>[Stack]<UL><LI>Max Depth = 8<LI>Call Chain = IIC_Bus_Recover
</UL>
<BR>[Calls]<UL><LI><a href="#[95]">&gt;&gt;</a>&nbsp;&nbsp;&nbsp;IIC1_Init
<LI><a href="#[93]">&gt;&gt;</a>&nbsp;&nbsp;&nbsp;IIC_Clear_Status
<LI><a href="#[94]">&gt;&gt;</a>&nbsp;&nbsp;&nbsp;delay_us
</UL>
<BR>[Called By]<UL><LI><a href="#[99]">&gt;&gt;</a>&nbsp;&nbsp;&nbsp;IIC_Wait
</UL>

<P><STRONG><a name="[93]"></a>IIC_Clear_Status</STRONG> (Thumb, 8 bytes, Stack size 0 bytes, iic.o(i.IIC_Clear_Status))
<BR><BR>[Called By]<UL><LI><a href="#[9a]">&gt;&gt;</a>&nbsp;&nbsp;&nbsp;IIC_Write
<LI><a href="#[99]">&gt;&gt;</a>&nbsp;&nbsp;&nbsp;IIC_Wait
<LI><a href="#[98]">&gt;&gt;</a>&nbsp;&nbsp;&nbsp;IIC_Read
<LI><a href="#[96]">&gt;&gt;</a>&nbsp;&nbsp;&nbsp;IIC_Check_Slave
<LI><a href="#[97]">&gt;&gt;</a>&nbsp;&nbsp;&nbsp;IIC_Wait_Stop
<LI><a href="#[92]">&gt;&gt;</a>&nbsp;&nbsp;&nbsp;IIC_Bus_Recover
</UL>

<P><STRONG><a name="[97]"></a>IIC_Wait_Stop</STRONG> (Thumb, 18 bytes, Stack size 8 bytes, iic.o(i.IIC_Wait_Stop))
<BR><BR>[Stack]<UL><LI>Max Depth = 32<LI>Call Chain = IIC_Wait_Stop &rArr; IIC_Wait &rArr; IIC_Bus_Recover
</UL>
<BR>[Calls]<UL><LI><a href="#[99]">&gt;&gt;</a>&nbsp;&nbsp;&nbsp;IIC_Wait
<LI><a href="#[93]">&gt;&gt;</a>&nbsp;&nbsp;&nbsp;IIC_Clear_Status
</UL>
<BR>[Called By]<UL><LI><a href="#[9a]">&gt;&gt;</a>&nbsp;&nbsp;&nbsp;IIC_Write
<LI><a href="#[98]">&gt;&gt;</a>&nbsp;&nbsp;&nbsp;IIC_Read
<LI><a href="#[96]">&gt;&gt;</a>&nbsp;&nbsp;&nbsp;IIC_Check_Slave
</UL>

<P><STRONG><a name="[a8]"></a>STM8Slave_Command</STRONG> (Thumb, 44 bytes, Stack size 16 bytes, stm8slave.o(i.STM8Slave_Command))
<BR><BR>[Stack]<UL><LI>Max Depth = 104<LI>Call Chain = STM8Slave_Command &rArr; STM8Slave_Wait_Busy &rArr; IIC_Read &rArr; IIC_Wait_Stop &rArr; IIC_Wait &rArr; IIC_Bus_Recover
</UL>
<BR>[Calls]<UL><LI><a href="#[9a]">&gt;&gt;</a>&nbsp;&nbsp;&nbsp;IIC_Write
<LI><a href="#[a1]">&gt;&gt;</a>&nbsp;&nbsp;&nbsp;delay_ms
<LI><a href="#[a9]">&gt;&gt;</a>&nbsp;&nbsp;&nbsp;STM8Slave_Wait_Busy
</UL>
<BR>[Called By]<UL><LI><a href="#[62]">&gt;&gt;</a>&nbsp;&nbsp;&nbsp;STM8_Slave_Send_PLL_Cfg
<LI><a href="#[64]">&gt;&gt;</a>&nbsp;&nbsp;&nbsp;STM8Slave_PLL_ON_CMD
<LI><a href="#[61]">&gt;&gt;</a>&nbsp;&nbsp;&nbsp;STM8Slave_PLL_OFF_CMD
<LI><a href="#[58]">&gt;&gt;</a>&nbsp;&nbsp;&nbsp;STM8Slave_MAX2871_ON_CMD
<LI><a href="#[57]">&gt;&gt;</a>&nbsp;&nbsp;&nbsp;STM8Slave_MAX2871_OFF_CMD
<LI><a href="#[ac]">&gt;&gt;</a>&nbsp;&nbsp;&nbsp;STM8_Slave_EEPROM_Write_Service
</UL>

<P><STRONG><a name="[a9]"></a>STM8Slave_Wait_Busy</STRONG> (Thumb, 56 bytes, Stack size 16 bytes, stm8slave.o(i.STM8Slave_Wait_Busy))
<BR><BR>[Stack]<UL><LI>Max Depth = 88<LI>Call Chain = STM8Slave_Wait_Busy &rArr; IIC_Read &rArr; IIC_Wait_Stop &rArr; IIC_Wait &rArr; IIC_Bus_Recover
</UL>
<BR>[Calls]<UL><LI><a href="#[98]">&gt;&gt;</a>&nbsp;&nbsp;&nbsp;IIC_Read
<LI><a href="#[94]">&gt;&gt;</a>&nbsp;&nbsp;&nbsp;delay_us
</UL>
<BR>[Called By]<UL><LI><a href="#[ab]">&gt;&gt;</a>&nbsp;&nbsp;&nbsp;STM8Slave_Write_Verified
<LI><a href="#[a8]">&gt;&gt;</a>&nbsp;&nbsp;&nbsp;STM8Slave_Command
</UL>

<P><STRONG><a name="[ab]"></a>STM8Slave_Write_Verified</STRONG> (Thumb, 110 bytes, Stack size 24 bytes, stm8slave.o(i.STM8Slave_Write_Verified))
<BR><BR>[Stack]<UL><LI>Max Depth = 112<LI>Call Chain = STM8Slave_Write_Verified &rArr; STM8Slave_Wait_Busy &rArr; IIC_Read &rArr; IIC_Wait_Stop &rArr; IIC_Wait &rArr; IIC_Bus_Recover
</UL>
<BR>[Calls]<UL><LI><a href="#[9a]">&gt;&gt;</a>&nbsp;&nbsp;&nbsp;IIC_Write
<LI><a href="#[98]">&gt;&gt;</a>&nbsp;&nbsp;&nbsp;IIC_Read
<LI><a href="#[a1]">&gt;&gt;</a>&nbsp;&nbsp;&nbsp;delay_ms
<LI><a href="#[a9]">&gt;&gt;</a>&nbsp;&nbsp;&nbsp;STM8Slave_Wait_Busy
</UL>
<BR>[Called By]<UL><LI><a href="#[69]">&gt;&gt;</a>&nbsp;&nbsp;&nbsp;STM8_Slave_Set_Debug_DAC_Preset
<LI><a href="#[62]">&gt;&gt;</a>&nbsp;&nbsp;&nbsp;STM8_Slave_Send_PLL_Cfg
</UL>

<P><STRONG><a name="[ad]"></a>SetSysClock</STRONG> (Thumb, 118 bytes, Stack size 0 bytes, system_stm32f0xx.o(i.SetSysClock))
<BR><BR>[Called By]<UL><LI><a href="#[29]">&gt;&gt;</a>&nbsp;&nbsp;&nbsp;SystemInit
</UL>
<P>
<H3>
Undefined Global Symbols
</H3>
<P><STRONG><a name="[4e]"></a>_call_atexit_fns</STRONG> (ARM, 0 bytes, Stack size 0 bytes, UNDEFINED)
<BR><BR>[Called By]<UL><LI><a href="#[47]">&gt;&gt;</a>&nbsp;&nbsp;&nbsp;exit
</UL>
<HR></body></html>
