<html>
<body>
<pre>
<h1>µVision Build Log</h1>
<h2>Tool Versions:</h2>
IDE-Version: ¦ÌVision V5.35.0.0
Copyright (C) 2021 ARM Ltd and ARM Germany GmbH. All rights reserved.
License Information: J J, 1, LIC=8VRJ7-EYVBQ-QD3KD-8QLCN-E9BM9-37GG6
 
Tool Versions:
Toolchain:       MDK-ARM Plus  Version: 5.35.0.2
Toolchain Path:  C:\Keil_MDK_C51\ARM\ARMCC\Bin
C Compiler:      Armcc.exe V5.06 update 7 (build 960)
Assembler:       Armasm.exe V5.06 update 7 (build 960)
Linker/Locator:  ArmLink.exe V5.06 update 7 (build 960)
Library Manager: ArmAr.exe V5.06 update 7 (build 960)
Hex Converter:   FromElf.exe V5.06 update 7 (build 960)
CPU DLL:         SARMCM3.DLL V5.35.0.2
Dialog DLL:      DARMCM1.DLL V1.19.4.0
Target DLL:      STLink\ST-LINKIII-KEIL_SWO.dll V3.0.9.0
Dialog DLL:      TARMCM1.DLL V1.14.4.0
 
<h2>Project:</h2>
E:\JiangSiyi\FPGA\DPLL_Low_Freq_Track\MCU_src\STM32F030_LCD\MDK\TFT288.uvprojx
Project File Date:  07/15/2026

<h2>Output:</h2>
*** Using Compiler 'V5.06 update 7 (build 960)', folder: 'C:\Keil_MDK_C51\ARM\ARMCC\Bin'
Rebuild target 'TFT288'
Note: source file '..\HARDWARE\ADC\adc.s' - object file renamed from '.\Objects\adc.o' to '.\Objects\adc_1.o'.
assembling adc.s...
assembling startup_stm32f0xx.s...
compiling ADC.c...
compiling TIM16.c...
compiling delay.c...
compiling ENCODER.c...
compiling main.c...
compiling iic.c...
compiling STM8Slave.c...
compiling control.c...
compiling lcd.c...
compiling display.c...
compiling stm32f0xx_it.c...
compiling system_stm32f0xx.c...
linking...
Program Size: Code=14824 RO-data=6248 RW-data=180 ZI-data=1996  
FromELF: creating hex file...
".\Objects\TFT288.axf" - 0 Error(s), 0 Warning(s).

<h2>Software Packages used:</h2>

Package Vendor: Keil
                http://www.keil.com/pack/Keil.STM32F0xx_DFP.1.5.0.pack
                Keil.STM32F0xx_DFP.1.5.0
                STMicroelectronics STM32F0 Series Device Support and Examples

<h2>Collection of Component include folders:</h2>
  C:\Keil_MDK_C51\Packs\Keil\STM32F0xx_DFP\1.5.0\Device\Include

<h2>Collection of Component Files used:</h2>
Build Time Elapsed:  00:00:01
</pre>
</body>
</html>
