Copyright 1986-2018 Xilinx, Inc. All Rights Reserved.
----------------------------------------------------------------------------------------------------------------------------------------------------------------------------
| Tool Version : Vivado v.2018.3 (win64) Build 2405991 Thu Dec  6 23:38:27 MST 2018
| Date         : Mon Jun 29 20:29:29 2026
| Host         : MiaoZhi-PC running 64-bit major release  (build 9200)
| Command      : report_timing_summary -file E:/FPGA/DPLL_Rewrite/DPLL_Rewrite_THbox_T3/reports/vivado_detector_fll_stage_a_synth_check/fll_phase_difference_timing_ooc.rpt
| Design       : fll_phase_difference_stage_a
| Device       : 7z010-clg400
| Speed File   : -1  PRODUCTION 1.11 2014-09-11
----------------------------------------------------------------------------------------------------------------------------------------------------------------------------

Timing Summary Report

------------------------------------------------------------------------------------------------
| Timer Settings
| --------------
------------------------------------------------------------------------------------------------

  Enable Multi Corner Analysis               :  Yes
  Enable Pessimism Removal                   :  Yes
  Pessimism Removal Resolution               :  Nearest Common Node
  Enable Input Delay Default Clock           :  No
  Enable Preset / Clear Arcs                 :  No
  Disable Flight Delays                      :  No
  Ignore I/O Paths                           :  No
  Timing Early Launch at Borrowing Latches   :  false

  Corner  Analyze    Analyze    
  Name    Max Paths  Min Paths  
  ------  ---------  ---------  
  Slow    Yes        Yes        
  Fast    Yes        Yes        



check_timing report

Table of Contents
-----------------
1. checking no_clock
2. checking constant_clock
3. checking pulse_width_clock
4. checking unconstrained_internal_endpoints
5. checking no_input_delay
6. checking no_output_delay
7. checking multiple_clock
8. checking generated_clocks
9. checking loops
10. checking partial_input_delay
11. checking partial_output_delay
12. checking latch_loops

1. checking no_clock
--------------------
 There are 0 register/latch pins with no clock.


2. checking constant_clock
--------------------------
 There are 0 register/latch pins with constant_clock.


3. checking pulse_width_clock
-----------------------------
 There are 0 register/latch pins which need pulse_width check


4. checking unconstrained_internal_endpoints
--------------------------------------------
 There are 0 pins that are not constrained for maximum delay.

 There are 0 pins that are not constrained for maximum delay due to constant clock.


5. checking no_input_delay
--------------------------
 There are 32 input ports with no input delay specified. (HIGH)

 There are 0 input ports with no input delay but user has a false path constraint.


6. checking no_output_delay
---------------------------
 There are 24 ports with no output delay specified. (HIGH)

 There are 0 ports with no output delay but user has a false path constraint

 There are 0 ports with no output delay but with a timing clock defined on it or propagating through it


7. checking multiple_clock
--------------------------
 There are 0 register/latch pins with multiple clocks.


8. checking generated_clocks
----------------------------
 There are 0 generated clocks that are not connected to a clock source.


9. checking loops
-----------------
 There are 0 combinational loops in the design.


10. checking partial_input_delay
--------------------------------
 There are 0 input ports with partial input delay specified.


11. checking partial_output_delay
---------------------------------
 There are 0 ports with partial output delay specified.


12. checking latch_loops
------------------------
 There are 0 combinational latch loops in the design through latch input



------------------------------------------------------------------------------------------------
| Design Timing Summary
| ---------------------
------------------------------------------------------------------------------------------------

    WNS(ns)      TNS(ns)  TNS Failing Endpoints  TNS Total Endpoints      WHS(ns)      THS(ns)  THS Failing Endpoints  THS Total Endpoints     WPWS(ns)     TPWS(ns)  TPWS Failing Endpoints  TPWS Total Endpoints  
    -------      -------  ---------------------  -------------------      -------      -------  ---------------------  -------------------     --------     --------  ----------------------  --------------------  
      0.473        0.000                      0                  448        0.218        0.000                      0                  448        3.020        0.000                       0                   279  


All user specified timing constraints are met.


------------------------------------------------------------------------------------------------
| Clock Summary
| -------------
------------------------------------------------------------------------------------------------

Clock     Waveform(ns)         Period(ns)      Frequency(MHz)
-----     ------------         ----------      --------------
clk_125m  {0.000 4.000}        8.000           125.000         


------------------------------------------------------------------------------------------------
| Intra Clock Table
| -----------------
------------------------------------------------------------------------------------------------

Clock             WNS(ns)      TNS(ns)  TNS Failing Endpoints  TNS Total Endpoints      WHS(ns)      THS(ns)  THS Failing Endpoints  THS Total Endpoints     WPWS(ns)     TPWS(ns)  TPWS Failing Endpoints  TPWS Total Endpoints  
-----             -------      -------  ---------------------  -------------------      -------      -------  ---------------------  -------------------     --------     --------  ----------------------  --------------------  
clk_125m            0.473        0.000                      0                  448        0.218        0.000                      0                  448        3.020        0.000                       0                   279  


------------------------------------------------------------------------------------------------
| Inter Clock Table
| -----------------
------------------------------------------------------------------------------------------------

From Clock    To Clock          WNS(ns)      TNS(ns)  TNS Failing Endpoints  TNS Total Endpoints      WHS(ns)      THS(ns)  THS Failing Endpoints  THS Total Endpoints  
----------    --------          -------      -------  ---------------------  -------------------      -------      -------  ---------------------  -------------------  


------------------------------------------------------------------------------------------------
| Other Path Groups Table
| -----------------------
------------------------------------------------------------------------------------------------

Path Group    From Clock    To Clock          WNS(ns)      TNS(ns)  TNS Failing Endpoints  TNS Total Endpoints      WHS(ns)      THS(ns)  THS Failing Endpoints  THS Total Endpoints  
----------    ----------    --------          -------      -------  ---------------------  -------------------      -------      -------  ---------------------  -------------------  


------------------------------------------------------------------------------------------------
| Timing Details
| --------------
------------------------------------------------------------------------------------------------


---------------------------------------------------------------------------------------------------
From Clock:  clk_125m
  To Clock:  clk_125m

Setup :            0  Failing Endpoints,  Worst Slack        0.473ns,  Total Violation        0.000ns
Hold  :            0  Failing Endpoints,  Worst Slack        0.218ns,  Total Violation        0.000ns
PW    :            0  Failing Endpoints,  Worst Slack        3.020ns,  Total Violation        0.000ns
---------------------------------------------------------------------------------------------------


Max Delay Paths
--------------------------------------------------------------------------------------
Slack (MET) :             0.473ns  (required time - arrival time)
  Source:                 divide_divisor_reg[1]/C
                            (rising edge-triggered cell FDRE clocked by clk_125m  {rise@0.000ns fall@4.000ns period=8.000ns})
  Destination:            freq_error_reg[0]/D
                            (rising edge-triggered cell FDRE clocked by clk_125m  {rise@0.000ns fall@4.000ns period=8.000ns})
  Path Group:             clk_125m
  Path Type:              Setup (Max at Slow Process Corner)
  Requirement:            8.000ns  (clk_125m rise@8.000ns - clk_125m rise@0.000ns)
  Data Path Delay:        7.505ns  (logic 4.758ns (63.398%)  route 2.747ns (36.602%))
  Logic Levels:           15  (CARRY4=11 LUT1=1 LUT4=2 LUT5=1)
  Clock Path Skew:        -0.049ns (DCD - SCD + CPR)
    Destination Clock Delay (DCD):    0.924ns = ( 8.924 - 8.000 ) 
    Source Clock Delay      (SCD):    0.973ns
    Clock Pessimism Removal (CPR):    0.000ns
  Clock Uncertainty:      0.035ns  ((TSJ^2 + TIJ^2)^1/2 + DJ) / 2 + PE
    Total System Jitter     (TSJ):    0.071ns
    Total Input Jitter      (TIJ):    0.000ns
    Discrete Jitter          (DJ):    0.000ns
    Phase Error              (PE):    0.000ns

    Location             Delay type                Incr(ns)  Path(ns)    Netlist Resource(s)
  -------------------------------------------------------------------    -------------------
                         (clock clk_125m rise edge)
                                                      0.000     0.000 r  
                                                      0.000     0.000 r  clk_125m (IN)
                         net (fo=278, unset)          0.973     0.973    clk_125m
                         FDRE                                         r  divide_divisor_reg[1]/C
  -------------------------------------------------------------------    -------------------
                         FDRE (Prop_fdre_C_Q)         0.496     1.469 f  divide_divisor_reg[1]/Q
                         net (fo=3, unplaced)         0.759     2.228    divide_divisor[1]
                         LUT4 (Prop_lut4_I1_O)        0.321     2.549 r  divide_quotient[0]_i_12/O
                         net (fo=1, unplaced)         0.000     2.549    divide_quotient[0]_i_12_n_0
                         CARRY4 (Prop_carry4_DI[0]_CO[3])
                                                      0.553     3.102 r  divide_quotient_reg[0]_i_2/CO[3]
                         net (fo=1, unplaced)         0.000     3.102    divide_quotient_reg[0]_i_2_n_0
                         CARRY4 (Prop_carry4_CI_CO[2])
                                                      0.250     3.352 f  divide_quotient_reg[0]_i_1/CO[2]
                         net (fo=16, unplaced)        0.506     3.858    divide_quotient_bit
                         LUT1 (Prop_lut1_I0_O)        0.310     4.168 r  freq_error[4]_i_3/O
                         net (fo=1, unplaced)         0.333     4.501    freq_error[4]_i_3_n_0
                         CARRY4 (Prop_carry4_CYINIT_CO[3])
                                                      0.580     5.081 r  freq_error_reg[4]_i_2/CO[3]
                         net (fo=1, unplaced)         0.000     5.081    freq_error_reg[4]_i_2_n_0
                         CARRY4 (Prop_carry4_CI_CO[3])
                                                      0.114     5.195 r  freq_error_reg[8]_i_2/CO[3]
                         net (fo=1, unplaced)         0.000     5.195    freq_error_reg[8]_i_2_n_0
                         CARRY4 (Prop_carry4_CI_CO[3])
                                                      0.114     5.309 r  freq_error_reg[12]_i_2/CO[3]
                         net (fo=1, unplaced)         0.000     5.309    freq_error_reg[12]_i_2_n_0
                         CARRY4 (Prop_carry4_CI_CO[3])
                                                      0.114     5.423 r  freq_error_reg[16]_i_2/CO[3]
                         net (fo=1, unplaced)         0.000     5.423    freq_error_reg[16]_i_2_n_0
                         CARRY4 (Prop_carry4_CI_CO[3])
                                                      0.114     5.537 r  freq_error_reg[20]_i_2/CO[3]
                         net (fo=1, unplaced)         0.000     5.537    freq_error_reg[20]_i_2_n_0
                         CARRY4 (Prop_carry4_CI_CO[3])
                                                      0.114     5.651 r  freq_error_reg[21]_i_5/CO[3]
                         net (fo=1, unplaced)         0.000     5.651    freq_error_reg[21]_i_5_n_0
                         CARRY4 (Prop_carry4_CI_CO[3])
                                                      0.114     5.765 r  freq_error_reg[21]_i_31/CO[3]
                         net (fo=1, unplaced)         0.000     5.765    freq_error_reg[21]_i_31_n_0
                         CARRY4 (Prop_carry4_CI_O[1])
                                                      0.348     6.113 r  freq_error_reg[21]_i_30/O[1]
                         net (fo=4, unplaced)         0.635     6.748    divide_signed_result_next0[30]
                         LUT5 (Prop_lut5_I1_O)        0.332     7.080 r  freq_error[21]_i_7/O
                         net (fo=1, unplaced)         0.000     7.080    freq_error[21]_i_7_n_0
                         CARRY4 (Prop_carry4_DI[1]_CO[2])
                                                      0.574     7.654 r  freq_error_reg[21]_i_3/CO[2]
                         net (fo=22, unplaced)        0.514     8.168    saturate_normalized10_in
                         LUT4 (Prop_lut4_I3_O)        0.310     8.478 r  freq_error[0]_i_1/O
                         net (fo=1, unplaced)         0.000     8.478    freq_error[0]_i_1_n_0
                         FDRE                                         r  freq_error_reg[0]/D
  -------------------------------------------------------------------    -------------------

                         (clock clk_125m rise edge)
                                                      8.000     8.000 r  
                                                      0.000     8.000 r  clk_125m (IN)
                         net (fo=278, unset)          0.924     8.924    clk_125m
                         FDRE                                         r  freq_error_reg[0]/C
                         clock pessimism              0.000     8.924    
                         clock uncertainty           -0.035     8.889    
                         FDRE (Setup_fdre_C_D)        0.062     8.951    freq_error_reg[0]
  -------------------------------------------------------------------
                         required time                          8.951    
                         arrival time                          -8.478    
  -------------------------------------------------------------------
                         slack                                  0.473    





Min Delay Paths
--------------------------------------------------------------------------------------
Slack (MET) :             0.218ns  (arrival time - required time)
  Source:                 phase_delay_reg[3][0]/C
                            (rising edge-triggered cell FDRE clocked by clk_125m  {rise@0.000ns fall@4.000ns period=8.000ns})
  Destination:            phase_delay_reg[5][0]_srl2___phase_delay_reg_r_0/D
                            (rising edge-triggered cell SRL16E clocked by clk_125m  {rise@0.000ns fall@4.000ns period=8.000ns})
  Path Group:             clk_125m
  Path Type:              Hold (Min at Fast Process Corner)
  Requirement:            0.000ns  (clk_125m rise@0.000ns - clk_125m rise@0.000ns)
  Data Path Delay:        0.303ns  (logic 0.158ns (52.072%)  route 0.145ns (47.928%))
  Logic Levels:           0  
  Clock Path Skew:        0.022ns (DCD - SCD - CPR)
    Destination Clock Delay (DCD):    0.432ns
    Source Clock Delay      (SCD):    0.410ns
    Clock Pessimism Removal (CPR):    -0.000ns

    Location             Delay type                Incr(ns)  Path(ns)    Netlist Resource(s)
  -------------------------------------------------------------------    -------------------
                         (clock clk_125m rise edge)
                                                      0.000     0.000 r  
                                                      0.000     0.000 r  clk_125m (IN)
                         net (fo=278, unset)          0.410     0.410    clk_125m
                         FDRE                                         r  phase_delay_reg[3][0]/C
  -------------------------------------------------------------------    -------------------
                         FDRE (Prop_fdre_C_Q)         0.158     0.568 r  phase_delay_reg[3][0]/Q
                         net (fo=2, unplaced)         0.145     0.714    phase_delay_reg[3]__0[0]
                         SRL16E                                       r  phase_delay_reg[5][0]_srl2___phase_delay_reg_r_0/D
  -------------------------------------------------------------------    -------------------

                         (clock clk_125m rise edge)
                                                      0.000     0.000 r  
                                                      0.000     0.000 r  clk_125m (IN)
                         net (fo=278, unset)          0.432     0.432    clk_125m
                         SRL16E                                       r  phase_delay_reg[5][0]_srl2___phase_delay_reg_r_0/CLK
                         clock pessimism              0.000     0.432    
                         SRL16E (Hold_srl16e_CLK_D)
                                                      0.064     0.496    phase_delay_reg[5][0]_srl2___phase_delay_reg_r_0
  -------------------------------------------------------------------
                         required time                         -0.496    
                         arrival time                           0.714    
  -------------------------------------------------------------------
                         slack                                  0.218    





Pulse Width Checks
--------------------------------------------------------------------------------------
Clock Name:         clk_125m
Waveform(ns):       { 0.000 4.000 }
Period(ns):         8.000
Sources:            { clk_125m }

Check Type        Corner  Lib Pin     Reference Pin  Required(ns)  Actual(ns)  Slack(ns)  Location  Pin
Min Period        n/a     FDRE/C      n/a            1.000         8.000       7.000                ambiguous_pending_reg/C
Low Pulse Width   Fast    SRL16E/CLK  n/a            0.980         4.000       3.020                phase_delay_reg[5][7]_srl2___phase_delay_reg_r_0/CLK
High Pulse Width  Slow    SRL16E/CLK  n/a            0.980         4.000       3.020                phase_delay_reg[5][7]_srl2___phase_delay_reg_r_0/CLK



