#-----------------------------------------------------------
# xsim v2018.3 (64-bit)
# SW Build 2405991 on Thu Dec  6 23:38:27 MST 2018
# IP Build 2404404 on Fri Dec  7 01:43:56 MST 2018
# Start of session at: Mon Jun 29 20:13:23 2026
# Process ID: 11116
# Current directory: E:/FPGA/DPLL_Rewrite/DPLL_Rewrite_THbox_T3/reports/xsim/dpll_wrapper_cdc_20260629_201317_093
# Command line: xsim.exe -log xsim.log -mode tcl -source {xsim.dir/dpll_wrapper_cdc_tb/xsim_script.tcl}
# Log file: E:/FPGA/DPLL_Rewrite/DPLL_Rewrite_THbox_T3/reports/xsim/dpll_wrapper_cdc_20260629_201317_093/xsim.log
# Journal file: E:/FPGA/DPLL_Rewrite/DPLL_Rewrite_THbox_T3/reports/xsim/dpll_wrapper_cdc_20260629_201317_093\xsim.jou
#-----------------------------------------------------------
source xsim.dir/dpll_wrapper_cdc_tb/xsim_script.tcl
# xsim {dpll_wrapper_cdc_tb} -autoloadwcfg -runall
Vivado Simulator 2018.3
Time resolution is 1 ps
run -all
PASS: dpll_wrapper_cdc_tb
$finish called at time : 884 ns : File "E:/FPGA/DPLL_Rewrite/DPLL_Rewrite_THbox_T3/verification/rtl/dpll_wrapper_cdc_tb.v" Line 29
exit
INFO: [Common 17-206] Exiting xsim at Mon Jun 29 20:13:27 2026...
