Copyright 1986-2018 Xilinx, Inc. All Rights Reserved.
-------------------------------------------------------------------------------------------------------------------------------------------
| Tool Version : Vivado v.2018.3 (win64) Build 2405991 Thu Dec  6 23:38:27 MST 2018
| Date         : Tue Jul 14 02:55:47 2026
| Host         : DESKTOP-MRF396F running 64-bit major release  (build 9200)
| Command      : report_methodology -file E:/JiangSiyi/FPGA/DPLL_Low_Freq_Track/reports/vivado_full_synth_methodology_after_timing_fix.rpt
| Design       : red_pitaya_top
| Device       : xc7z010clg400-1
| Speed File   : -1
| Design State : Synthesized
-------------------------------------------------------------------------------------------------------------------------------------------

Report Methodology

Table of Contents
-----------------
1. REPORT SUMMARY
2. REPORT DETAILS

1. REPORT SUMMARY
-----------------
            Netlist: netlist
          Floorplan: design_1
      Design limits: <entire design considered>
             Max violations: <unlimited>
             Violations found: 106
+-----------+----------+-------------------------------------------------+------------+
| Rule      | Severity | Description                                     | Violations |
+-----------+----------+-------------------------------------------------+------------+
| DPIR-1    | Warning  | Asynchronous driver check                       | 18         |
| SYNTH-10  | Warning  | Wide multiplier                                 | 6          |
| SYNTH-13  | Warning  | combinational multiplier                        | 1          |
| SYNTH-14  | Warning  | DSP cannot absorb non-zero init register        | 7          |
| TIMING-18 | Warning  | Missing input or output delay                   | 40         |
| XDCB-5    | Warning  | Runtime inefficient way to find pin objects     | 2          |
| XDCC-5    | Warning  | User Non-Timing constraint/property overwritten | 4          |
| XDCH-2    | Warning  | Same min and max delay values on IO port        | 28         |
+-----------+----------+-------------------------------------------------+------------+

2. REPORT DETAILS
-----------------
DPIR-1#1 Warning
Asynchronous driver check  
DSP dpll_wrapper_inst/VCO_inst0/ARG input pin dpll_wrapper_inst/VCO_inst0/ARG/B[0] is connected to registers with an asynchronous reset. This is preventing the possibility of merging these registers in to the DSP Block since the DSP block registers only possess synchronous reset capability.  It is suggested to recode or change these registers to remove the reset or use a synchronous reset to get the best optimization for performance, power and area.
Related violations: <none>

DPIR-1#2 Warning
Asynchronous driver check  
DSP dpll_wrapper_inst/VCO_inst0/ARG input pin dpll_wrapper_inst/VCO_inst0/ARG/B[10] is connected to registers with an asynchronous reset. This is preventing the possibility of merging these registers in to the DSP Block since the DSP block registers only possess synchronous reset capability.  It is suggested to recode or change these registers to remove the reset or use a synchronous reset to get the best optimization for performance, power and area.
Related violations: <none>

DPIR-1#3 Warning
Asynchronous driver check  
DSP dpll_wrapper_inst/VCO_inst0/ARG input pin dpll_wrapper_inst/VCO_inst0/ARG/B[11] is connected to registers with an asynchronous reset. This is preventing the possibility of merging these registers in to the DSP Block since the DSP block registers only possess synchronous reset capability.  It is suggested to recode or change these registers to remove the reset or use a synchronous reset to get the best optimization for performance, power and area.
Related violations: <none>

DPIR-1#4 Warning
Asynchronous driver check  
DSP dpll_wrapper_inst/VCO_inst0/ARG input pin dpll_wrapper_inst/VCO_inst0/ARG/B[12] is connected to registers with an asynchronous reset. This is preventing the possibility of merging these registers in to the DSP Block since the DSP block registers only possess synchronous reset capability.  It is suggested to recode or change these registers to remove the reset or use a synchronous reset to get the best optimization for performance, power and area.
Related violations: <none>

DPIR-1#5 Warning
Asynchronous driver check  
DSP dpll_wrapper_inst/VCO_inst0/ARG input pin dpll_wrapper_inst/VCO_inst0/ARG/B[13] is connected to registers with an asynchronous reset. This is preventing the possibility of merging these registers in to the DSP Block since the DSP block registers only possess synchronous reset capability.  It is suggested to recode or change these registers to remove the reset or use a synchronous reset to get the best optimization for performance, power and area.
Related violations: <none>

DPIR-1#6 Warning
Asynchronous driver check  
DSP dpll_wrapper_inst/VCO_inst0/ARG input pin dpll_wrapper_inst/VCO_inst0/ARG/B[14] is connected to registers with an asynchronous reset. This is preventing the possibility of merging these registers in to the DSP Block since the DSP block registers only possess synchronous reset capability.  It is suggested to recode or change these registers to remove the reset or use a synchronous reset to get the best optimization for performance, power and area.
Related violations: <none>

DPIR-1#7 Warning
Asynchronous driver check  
DSP dpll_wrapper_inst/VCO_inst0/ARG input pin dpll_wrapper_inst/VCO_inst0/ARG/B[15] is connected to registers with an asynchronous reset. This is preventing the possibility of merging these registers in to the DSP Block since the DSP block registers only possess synchronous reset capability.  It is suggested to recode or change these registers to remove the reset or use a synchronous reset to get the best optimization for performance, power and area.
Related violations: <none>

DPIR-1#8 Warning
Asynchronous driver check  
DSP dpll_wrapper_inst/VCO_inst0/ARG input pin dpll_wrapper_inst/VCO_inst0/ARG/B[16] is connected to registers with an asynchronous reset. This is preventing the possibility of merging these registers in to the DSP Block since the DSP block registers only possess synchronous reset capability.  It is suggested to recode or change these registers to remove the reset or use a synchronous reset to get the best optimization for performance, power and area.
Related violations: <none>

DPIR-1#9 Warning
Asynchronous driver check  
DSP dpll_wrapper_inst/VCO_inst0/ARG input pin dpll_wrapper_inst/VCO_inst0/ARG/B[17] is connected to registers with an asynchronous reset. This is preventing the possibility of merging these registers in to the DSP Block since the DSP block registers only possess synchronous reset capability.  It is suggested to recode or change these registers to remove the reset or use a synchronous reset to get the best optimization for performance, power and area.
Related violations: <none>

DPIR-1#10 Warning
Asynchronous driver check  
DSP dpll_wrapper_inst/VCO_inst0/ARG input pin dpll_wrapper_inst/VCO_inst0/ARG/B[1] is connected to registers with an asynchronous reset. This is preventing the possibility of merging these registers in to the DSP Block since the DSP block registers only possess synchronous reset capability.  It is suggested to recode or change these registers to remove the reset or use a synchronous reset to get the best optimization for performance, power and area.
Related violations: <none>

DPIR-1#11 Warning
Asynchronous driver check  
DSP dpll_wrapper_inst/VCO_inst0/ARG input pin dpll_wrapper_inst/VCO_inst0/ARG/B[2] is connected to registers with an asynchronous reset. This is preventing the possibility of merging these registers in to the DSP Block since the DSP block registers only possess synchronous reset capability.  It is suggested to recode or change these registers to remove the reset or use a synchronous reset to get the best optimization for performance, power and area.
Related violations: <none>

DPIR-1#12 Warning
Asynchronous driver check  
DSP dpll_wrapper_inst/VCO_inst0/ARG input pin dpll_wrapper_inst/VCO_inst0/ARG/B[3] is connected to registers with an asynchronous reset. This is preventing the possibility of merging these registers in to the DSP Block since the DSP block registers only possess synchronous reset capability.  It is suggested to recode or change these registers to remove the reset or use a synchronous reset to get the best optimization for performance, power and area.
Related violations: <none>

DPIR-1#13 Warning
Asynchronous driver check  
DSP dpll_wrapper_inst/VCO_inst0/ARG input pin dpll_wrapper_inst/VCO_inst0/ARG/B[4] is connected to registers with an asynchronous reset. This is preventing the possibility of merging these registers in to the DSP Block since the DSP block registers only possess synchronous reset capability.  It is suggested to recode or change these registers to remove the reset or use a synchronous reset to get the best optimization for performance, power and area.
Related violations: <none>

DPIR-1#14 Warning
Asynchronous driver check  
DSP dpll_wrapper_inst/VCO_inst0/ARG input pin dpll_wrapper_inst/VCO_inst0/ARG/B[5] is connected to registers with an asynchronous reset. This is preventing the possibility of merging these registers in to the DSP Block since the DSP block registers only possess synchronous reset capability.  It is suggested to recode or change these registers to remove the reset or use a synchronous reset to get the best optimization for performance, power and area.
Related violations: <none>

DPIR-1#15 Warning
Asynchronous driver check  
DSP dpll_wrapper_inst/VCO_inst0/ARG input pin dpll_wrapper_inst/VCO_inst0/ARG/B[6] is connected to registers with an asynchronous reset. This is preventing the possibility of merging these registers in to the DSP Block since the DSP block registers only possess synchronous reset capability.  It is suggested to recode or change these registers to remove the reset or use a synchronous reset to get the best optimization for performance, power and area.
Related violations: <none>

DPIR-1#16 Warning
Asynchronous driver check  
DSP dpll_wrapper_inst/VCO_inst0/ARG input pin dpll_wrapper_inst/VCO_inst0/ARG/B[7] is connected to registers with an asynchronous reset. This is preventing the possibility of merging these registers in to the DSP Block since the DSP block registers only possess synchronous reset capability.  It is suggested to recode or change these registers to remove the reset or use a synchronous reset to get the best optimization for performance, power and area.
Related violations: <none>

DPIR-1#17 Warning
Asynchronous driver check  
DSP dpll_wrapper_inst/VCO_inst0/ARG input pin dpll_wrapper_inst/VCO_inst0/ARG/B[8] is connected to registers with an asynchronous reset. This is preventing the possibility of merging these registers in to the DSP Block since the DSP block registers only possess synchronous reset capability.  It is suggested to recode or change these registers to remove the reset or use a synchronous reset to get the best optimization for performance, power and area.
Related violations: <none>

DPIR-1#18 Warning
Asynchronous driver check  
DSP dpll_wrapper_inst/VCO_inst0/ARG input pin dpll_wrapper_inst/VCO_inst0/ARG/B[9] is connected to registers with an asynchronous reset. This is preventing the possibility of merging these registers in to the DSP Block since the DSP block registers only possess synchronous reset capability.  It is suggested to recode or change these registers to remove the reset or use a synchronous reset to get the best optimization for performance, power and area.
Related violations: <none>

SYNTH-10#1 Warning
Wide multiplier  
Detected multiplier at dpll_wrapper_inst/apply_vco_max_product_r0 of size 15x17, it is decomposed from a wide multipler into 3 DSP blocks.
Related violations: <none>

SYNTH-10#2 Warning
Wide multiplier  
Detected multiplier at dpll_wrapper_inst/apply_vco_max_product_r0__0 of size 18x17, it is decomposed from a wide multipler into 3 DSP blocks.
Related violations: <none>

SYNTH-10#3 Warning
Wide multiplier  
Detected multiplier at dpll_wrapper_inst/apply_vco_max_product_r0__1 of size 18x17, it is decomposed from a wide multipler into 3 DSP blocks.
Related violations: <none>

SYNTH-10#4 Warning
Wide multiplier  
Detected multiplier at dpll_wrapper_inst/apply_vco_product_r0 of size 15x17, it is decomposed from a wide multipler into 3 DSP blocks.
Related violations: <none>

SYNTH-10#5 Warning
Wide multiplier  
Detected multiplier at dpll_wrapper_inst/apply_vco_product_r0__0 of size 18x17, it is decomposed from a wide multipler into 3 DSP blocks.
Related violations: <none>

SYNTH-10#6 Warning
Wide multiplier  
Detected multiplier at dpll_wrapper_inst/apply_vco_product_r0__1 of size 18x17, it is decomposed from a wide multipler into 3 DSP blocks.
Related violations: <none>

SYNTH-13#1 Warning
combinational multiplier  
Detected combinational multiplier in DSP instance dpll_wrapper_inst/shadow_measurement_min.
Related violations: <none>

SYNTH-14#1 Warning
DSP cannot absorb non-zero init register  
Register dpll_wrapper_inst/reg_cic_rate/output_reg[0] cannot be absorbed into DSP block due to its non-zero INIT value.
Related violations: <none>

SYNTH-14#2 Warning
DSP cannot absorb non-zero init register  
Register dpll_wrapper_inst/reg_cic_rate/output_reg[1] cannot be absorbed into DSP block due to its non-zero INIT value.
Related violations: <none>

SYNTH-14#3 Warning
DSP cannot absorb non-zero init register  
Register dpll_wrapper_inst/reg_cic_rate/output_reg[2] cannot be absorbed into DSP block due to its non-zero INIT value.
Related violations: <none>

SYNTH-14#4 Warning
DSP cannot absorb non-zero init register  
Register dpll_wrapper_inst/reg_cic_rate/output_reg[3] cannot be absorbed into DSP block due to its non-zero INIT value.
Related violations: <none>

SYNTH-14#5 Warning
DSP cannot absorb non-zero init register  
Register dpll_wrapper_inst/reg_cic_rate/output_reg[4] cannot be absorbed into DSP block due to its non-zero INIT value.
Related violations: <none>

SYNTH-14#6 Warning
DSP cannot absorb non-zero init register  
Register dpll_wrapper_inst/reg_freq_div/output_reg[0] cannot be absorbed into DSP block due to its non-zero INIT value.
Related violations: <none>

SYNTH-14#7 Warning
DSP cannot absorb non-zero init register  
Register dpll_wrapper_inst/reg_freq_mul/output_reg[0] cannot be absorbed into DSP block due to its non-zero INIT value.
Related violations: <none>

TIMING-18#1 Warning
Missing input or output delay  
An input delay is missing on exp_n_io[0] relative to clock(s) adc_clk
Related violations: <none>

TIMING-18#2 Warning
Missing input or output delay  
An input delay is missing on exp_n_io[1] relative to clock(s) adc_clk
Related violations: <none>

TIMING-18#3 Warning
Missing input or output delay  
An input delay is missing on exp_n_io[2] relative to clock(s) adc_clk
Related violations: <none>

TIMING-18#4 Warning
Missing input or output delay  
An input delay is missing on exp_n_io[3] relative to clock(s) adc_clk
Related violations: <none>

TIMING-18#5 Warning
Missing input or output delay  
An input delay is missing on exp_n_io[4] relative to clock(s) adc_clk
Related violations: <none>

TIMING-18#6 Warning
Missing input or output delay  
An input delay is missing on exp_n_io[5] relative to clock(s) adc_clk
Related violations: <none>

TIMING-18#7 Warning
Missing input or output delay  
An input delay is missing on exp_n_io[6] relative to clock(s) adc_clk
Related violations: <none>

TIMING-18#8 Warning
Missing input or output delay  
An input delay is missing on exp_n_io[7] relative to clock(s) adc_clk
Related violations: <none>

TIMING-18#9 Warning
Missing input or output delay  
An input delay is missing on exp_p_io[0] relative to clock(s) adc_clk
Related violations: <none>

TIMING-18#10 Warning
Missing input or output delay  
An input delay is missing on exp_p_io[1] relative to clock(s) adc_clk
Related violations: <none>

TIMING-18#11 Warning
Missing input or output delay  
An input delay is missing on exp_p_io[2] relative to clock(s) adc_clk
Related violations: <none>

TIMING-18#12 Warning
Missing input or output delay  
An input delay is missing on exp_p_io[3] relative to clock(s) adc_clk
Related violations: <none>

TIMING-18#13 Warning
Missing input or output delay  
An input delay is missing on exp_p_io[4] relative to clock(s) adc_clk
Related violations: <none>

TIMING-18#14 Warning
Missing input or output delay  
An input delay is missing on exp_p_io[5] relative to clock(s) adc_clk
Related violations: <none>

TIMING-18#15 Warning
Missing input or output delay  
An input delay is missing on exp_p_io[6] relative to clock(s) adc_clk
Related violations: <none>

TIMING-18#16 Warning
Missing input or output delay  
An input delay is missing on exp_p_io[7] relative to clock(s) adc_clk
Related violations: <none>

TIMING-18#17 Warning
Missing input or output delay  
An output delay is missing on dac_dat_o[0] relative to clock(s) adc_clk
Related violations: <none>

TIMING-18#18 Warning
Missing input or output delay  
An output delay is missing on dac_dat_o[10] relative to clock(s) adc_clk
Related violations: <none>

TIMING-18#19 Warning
Missing input or output delay  
An output delay is missing on dac_dat_o[11] relative to clock(s) adc_clk
Related violations: <none>

TIMING-18#20 Warning
Missing input or output delay  
An output delay is missing on dac_dat_o[12] relative to clock(s) adc_clk
Related violations: <none>

TIMING-18#21 Warning
Missing input or output delay  
An output delay is missing on dac_dat_o[13] relative to clock(s) adc_clk
Related violations: <none>

TIMING-18#22 Warning
Missing input or output delay  
An output delay is missing on dac_dat_o[1] relative to clock(s) adc_clk
Related violations: <none>

TIMING-18#23 Warning
Missing input or output delay  
An output delay is missing on dac_dat_o[2] relative to clock(s) adc_clk
Related violations: <none>

TIMING-18#24 Warning
Missing input or output delay  
An output delay is missing on dac_dat_o[3] relative to clock(s) adc_clk
Related violations: <none>

TIMING-18#25 Warning
Missing input or output delay  
An output delay is missing on dac_dat_o[4] relative to clock(s) adc_clk
Related violations: <none>

TIMING-18#26 Warning
Missing input or output delay  
An output delay is missing on dac_dat_o[5] relative to clock(s) adc_clk
Related violations: <none>

TIMING-18#27 Warning
Missing input or output delay  
An output delay is missing on dac_dat_o[6] relative to clock(s) adc_clk
Related violations: <none>

TIMING-18#28 Warning
Missing input or output delay  
An output delay is missing on dac_dat_o[7] relative to clock(s) adc_clk
Related violations: <none>

TIMING-18#29 Warning
Missing input or output delay  
An output delay is missing on dac_dat_o[8] relative to clock(s) adc_clk
Related violations: <none>

TIMING-18#30 Warning
Missing input or output delay  
An output delay is missing on dac_dat_o[9] relative to clock(s) adc_clk
Related violations: <none>

TIMING-18#31 Warning
Missing input or output delay  
An output delay is missing on dac_rst_o relative to clock(s) adc_clk
Related violations: <none>

TIMING-18#32 Warning
Missing input or output delay  
An output delay is missing on dac_sel_o relative to clock(s) adc_clk
Related violations: <none>

TIMING-18#33 Warning
Missing input or output delay  
An output delay is missing on led_o[0] relative to clock(s) adc_clk
Related violations: <none>

TIMING-18#34 Warning
Missing input or output delay  
An output delay is missing on led_o[1] relative to clock(s) adc_clk
Related violations: <none>

TIMING-18#35 Warning
Missing input or output delay  
An output delay is missing on led_o[2] relative to clock(s) adc_clk
Related violations: <none>

TIMING-18#36 Warning
Missing input or output delay  
An output delay is missing on led_o[3] relative to clock(s) adc_clk
Related violations: <none>

TIMING-18#37 Warning
Missing input or output delay  
An output delay is missing on led_o[4] relative to clock(s) adc_clk
Related violations: <none>

TIMING-18#38 Warning
Missing input or output delay  
An output delay is missing on led_o[5] relative to clock(s) adc_clk
Related violations: <none>

TIMING-18#39 Warning
Missing input or output delay  
An output delay is missing on led_o[6] relative to clock(s) adc_clk
Related violations: <none>

TIMING-18#40 Warning
Missing input or output delay  
An output delay is missing on led_o[7] relative to clock(s) adc_clk
Related violations: <none>

XDCB-5#1 Warning
Runtime inefficient way to find pin objects  
The option '-source : [get_pins -quiet -hier -filter {
NAME =~ *i_hk/dna_clk_reg/C
}]' of constraint 'create_generated_clock' uses inefficient query to find pin objects (see constraint position '14' in the Timing Constraint window in Vivado IDE). To reduce runtime, it is recommended to get the pins through the cell objects. Please refer to Using Constraints Guide (Constraints Efficiency). An example of optimal query is: get_pins -filter {REF_PIN_NAME=~yy*} -of_objects [get_cells -hierarchical xx*].
Current XDC: E:/JiangSiyi/FPGA/DPLL_Low_Freq_Track/DPLL_Rewrite.srcs/sources_1/xdc/red_pitaya.xdc (Line: 232)
Related violations: <none>

XDCB-5#2 Warning
Runtime inefficient way to find pin objects  
The option 'objects : [get_pins -quiet -hier -filter {
NAME =~ *i_hk/dna_clk_reg/Q
}]' of constraint 'create_generated_clock' uses inefficient query to find pin objects (see constraint position '14' in the Timing Constraint window in Vivado IDE). To reduce runtime, it is recommended to get the pins through the cell objects. Please refer to Using Constraints Guide (Constraints Efficiency). An example of optimal query is: get_pins -filter {REF_PIN_NAME=~yy*} -of_objects [get_cells -hierarchical xx*].
Current XDC: E:/JiangSiyi/FPGA/DPLL_Low_Freq_Track/DPLL_Rewrite.srcs/sources_1/xdc/red_pitaya.xdc (Line: 232)
Related violations: <none>

XDCC-5#1 Warning
User Non-Timing constraint/property overwritten  
A new XDC property IOSTANDARD on dac_pwm_o[0] overrides a previous user property.
New Source: E:/JiangSiyi/FPGA/DPLL_Low_Freq_Track/DPLL_Rewrite.srcs/sources_1/xdc/red_pitaya.xdc (Line: 112)
Previous Source: E:/JiangSiyi/FPGA/DPLL_Low_Freq_Track/DPLL_Rewrite.srcs/sources_1/xdc/red_pitaya.xdc (Line: 101)
Related violations: <none>

XDCC-5#2 Warning
User Non-Timing constraint/property overwritten  
A new XDC property IOSTANDARD on dac_pwm_o[1] overrides a previous user property.
New Source: E:/JiangSiyi/FPGA/DPLL_Low_Freq_Track/DPLL_Rewrite.srcs/sources_1/xdc/red_pitaya.xdc (Line: 112)
Previous Source: E:/JiangSiyi/FPGA/DPLL_Low_Freq_Track/DPLL_Rewrite.srcs/sources_1/xdc/red_pitaya.xdc (Line: 101)
Related violations: <none>

XDCC-5#3 Warning
User Non-Timing constraint/property overwritten  
A new XDC property IOSTANDARD on dac_pwm_o[2] overrides a previous user property.
New Source: E:/JiangSiyi/FPGA/DPLL_Low_Freq_Track/DPLL_Rewrite.srcs/sources_1/xdc/red_pitaya.xdc (Line: 112)
Previous Source: E:/JiangSiyi/FPGA/DPLL_Low_Freq_Track/DPLL_Rewrite.srcs/sources_1/xdc/red_pitaya.xdc (Line: 101)
Related violations: <none>

XDCC-5#4 Warning
User Non-Timing constraint/property overwritten  
A new XDC property IOSTANDARD on dac_pwm_o[3] overrides a previous user property.
New Source: E:/JiangSiyi/FPGA/DPLL_Low_Freq_Track/DPLL_Rewrite.srcs/sources_1/xdc/red_pitaya.xdc (Line: 112)
Previous Source: E:/JiangSiyi/FPGA/DPLL_Low_Freq_Track/DPLL_Rewrite.srcs/sources_1/xdc/red_pitaya.xdc (Line: 101)
Related violations: <none>

XDCH-2#1 Warning
Same min and max delay values on IO port  
The same input delay of 3.400 ns has been defined on port 'adc_dat_a_i[10]' relative to clock adc_clk for both max and min. Make sure this reflects the design intent.
set_input_delay -clock adc_clk 3.400 [get_ports {adc_dat_a_i[*]}]
E:/JiangSiyi/FPGA/DPLL_Low_Freq_Track/DPLL_Rewrite.srcs/sources_1/xdc/red_pitaya.xdc (Line: 210)
Related violations: <none>

XDCH-2#2 Warning
Same min and max delay values on IO port  
The same input delay of 3.400 ns has been defined on port 'adc_dat_a_i[11]' relative to clock adc_clk for both max and min. Make sure this reflects the design intent.
set_input_delay -clock adc_clk 3.400 [get_ports {adc_dat_a_i[*]}]
E:/JiangSiyi/FPGA/DPLL_Low_Freq_Track/DPLL_Rewrite.srcs/sources_1/xdc/red_pitaya.xdc (Line: 210)
Related violations: <none>

XDCH-2#3 Warning
Same min and max delay values on IO port  
The same input delay of 3.400 ns has been defined on port 'adc_dat_a_i[12]' relative to clock adc_clk for both max and min. Make sure this reflects the design intent.
set_input_delay -clock adc_clk 3.400 [get_ports {adc_dat_a_i[*]}]
E:/JiangSiyi/FPGA/DPLL_Low_Freq_Track/DPLL_Rewrite.srcs/sources_1/xdc/red_pitaya.xdc (Line: 210)
Related violations: <none>

XDCH-2#4 Warning
Same min and max delay values on IO port  
The same input delay of 3.400 ns has been defined on port 'adc_dat_a_i[13]' relative to clock adc_clk for both max and min. Make sure this reflects the design intent.
set_input_delay -clock adc_clk 3.400 [get_ports {adc_dat_a_i[*]}]
E:/JiangSiyi/FPGA/DPLL_Low_Freq_Track/DPLL_Rewrite.srcs/sources_1/xdc/red_pitaya.xdc (Line: 210)
Related violations: <none>

XDCH-2#5 Warning
Same min and max delay values on IO port  
The same input delay of 3.400 ns has been defined on port 'adc_dat_a_i[14]' relative to clock adc_clk for both max and min. Make sure this reflects the design intent.
set_input_delay -clock adc_clk 3.400 [get_ports {adc_dat_a_i[*]}]
E:/JiangSiyi/FPGA/DPLL_Low_Freq_Track/DPLL_Rewrite.srcs/sources_1/xdc/red_pitaya.xdc (Line: 210)
Related violations: <none>

XDCH-2#6 Warning
Same min and max delay values on IO port  
The same input delay of 3.400 ns has been defined on port 'adc_dat_a_i[15]' relative to clock adc_clk for both max and min. Make sure this reflects the design intent.
set_input_delay -clock adc_clk 3.400 [get_ports {adc_dat_a_i[*]}]
E:/JiangSiyi/FPGA/DPLL_Low_Freq_Track/DPLL_Rewrite.srcs/sources_1/xdc/red_pitaya.xdc (Line: 210)
Related violations: <none>

XDCH-2#7 Warning
Same min and max delay values on IO port  
The same input delay of 3.400 ns has been defined on port 'adc_dat_a_i[2]' relative to clock adc_clk for both max and min. Make sure this reflects the design intent.
set_input_delay -clock adc_clk 3.400 [get_ports {adc_dat_a_i[*]}]
E:/JiangSiyi/FPGA/DPLL_Low_Freq_Track/DPLL_Rewrite.srcs/sources_1/xdc/red_pitaya.xdc (Line: 210)
Related violations: <none>

XDCH-2#8 Warning
Same min and max delay values on IO port  
The same input delay of 3.400 ns has been defined on port 'adc_dat_a_i[3]' relative to clock adc_clk for both max and min. Make sure this reflects the design intent.
set_input_delay -clock adc_clk 3.400 [get_ports {adc_dat_a_i[*]}]
E:/JiangSiyi/FPGA/DPLL_Low_Freq_Track/DPLL_Rewrite.srcs/sources_1/xdc/red_pitaya.xdc (Line: 210)
Related violations: <none>

XDCH-2#9 Warning
Same min and max delay values on IO port  
The same input delay of 3.400 ns has been defined on port 'adc_dat_a_i[4]' relative to clock adc_clk for both max and min. Make sure this reflects the design intent.
set_input_delay -clock adc_clk 3.400 [get_ports {adc_dat_a_i[*]}]
E:/JiangSiyi/FPGA/DPLL_Low_Freq_Track/DPLL_Rewrite.srcs/sources_1/xdc/red_pitaya.xdc (Line: 210)
Related violations: <none>

XDCH-2#10 Warning
Same min and max delay values on IO port  
The same input delay of 3.400 ns has been defined on port 'adc_dat_a_i[5]' relative to clock adc_clk for both max and min. Make sure this reflects the design intent.
set_input_delay -clock adc_clk 3.400 [get_ports {adc_dat_a_i[*]}]
E:/JiangSiyi/FPGA/DPLL_Low_Freq_Track/DPLL_Rewrite.srcs/sources_1/xdc/red_pitaya.xdc (Line: 210)
Related violations: <none>

XDCH-2#11 Warning
Same min and max delay values on IO port  
The same input delay of 3.400 ns has been defined on port 'adc_dat_a_i[6]' relative to clock adc_clk for both max and min. Make sure this reflects the design intent.
set_input_delay -clock adc_clk 3.400 [get_ports {adc_dat_a_i[*]}]
E:/JiangSiyi/FPGA/DPLL_Low_Freq_Track/DPLL_Rewrite.srcs/sources_1/xdc/red_pitaya.xdc (Line: 210)
Related violations: <none>

XDCH-2#12 Warning
Same min and max delay values on IO port  
The same input delay of 3.400 ns has been defined on port 'adc_dat_a_i[7]' relative to clock adc_clk for both max and min. Make sure this reflects the design intent.
set_input_delay -clock adc_clk 3.400 [get_ports {adc_dat_a_i[*]}]
E:/JiangSiyi/FPGA/DPLL_Low_Freq_Track/DPLL_Rewrite.srcs/sources_1/xdc/red_pitaya.xdc (Line: 210)
Related violations: <none>

XDCH-2#13 Warning
Same min and max delay values on IO port  
The same input delay of 3.400 ns has been defined on port 'adc_dat_a_i[8]' relative to clock adc_clk for both max and min. Make sure this reflects the design intent.
set_input_delay -clock adc_clk 3.400 [get_ports {adc_dat_a_i[*]}]
E:/JiangSiyi/FPGA/DPLL_Low_Freq_Track/DPLL_Rewrite.srcs/sources_1/xdc/red_pitaya.xdc (Line: 210)
Related violations: <none>

XDCH-2#14 Warning
Same min and max delay values on IO port  
The same input delay of 3.400 ns has been defined on port 'adc_dat_a_i[9]' relative to clock adc_clk for both max and min. Make sure this reflects the design intent.
set_input_delay -clock adc_clk 3.400 [get_ports {adc_dat_a_i[*]}]
E:/JiangSiyi/FPGA/DPLL_Low_Freq_Track/DPLL_Rewrite.srcs/sources_1/xdc/red_pitaya.xdc (Line: 210)
Related violations: <none>

XDCH-2#15 Warning
Same min and max delay values on IO port  
The same input delay of 3.400 ns has been defined on port 'adc_dat_b_i[10]' relative to clock adc_clk for both max and min. Make sure this reflects the design intent.
set_input_delay -clock adc_clk 3.400 [get_ports {adc_dat_b_i[*]}]
E:/JiangSiyi/FPGA/DPLL_Low_Freq_Track/DPLL_Rewrite.srcs/sources_1/xdc/red_pitaya.xdc (Line: 211)
Related violations: <none>

XDCH-2#16 Warning
Same min and max delay values on IO port  
The same input delay of 3.400 ns has been defined on port 'adc_dat_b_i[11]' relative to clock adc_clk for both max and min. Make sure this reflects the design intent.
set_input_delay -clock adc_clk 3.400 [get_ports {adc_dat_b_i[*]}]
E:/JiangSiyi/FPGA/DPLL_Low_Freq_Track/DPLL_Rewrite.srcs/sources_1/xdc/red_pitaya.xdc (Line: 211)
Related violations: <none>

XDCH-2#17 Warning
Same min and max delay values on IO port  
The same input delay of 3.400 ns has been defined on port 'adc_dat_b_i[12]' relative to clock adc_clk for both max and min. Make sure this reflects the design intent.
set_input_delay -clock adc_clk 3.400 [get_ports {adc_dat_b_i[*]}]
E:/JiangSiyi/FPGA/DPLL_Low_Freq_Track/DPLL_Rewrite.srcs/sources_1/xdc/red_pitaya.xdc (Line: 211)
Related violations: <none>

XDCH-2#18 Warning
Same min and max delay values on IO port  
The same input delay of 3.400 ns has been defined on port 'adc_dat_b_i[13]' relative to clock adc_clk for both max and min. Make sure this reflects the design intent.
set_input_delay -clock adc_clk 3.400 [get_ports {adc_dat_b_i[*]}]
E:/JiangSiyi/FPGA/DPLL_Low_Freq_Track/DPLL_Rewrite.srcs/sources_1/xdc/red_pitaya.xdc (Line: 211)
Related violations: <none>

XDCH-2#19 Warning
Same min and max delay values on IO port  
The same input delay of 3.400 ns has been defined on port 'adc_dat_b_i[14]' relative to clock adc_clk for both max and min. Make sure this reflects the design intent.
set_input_delay -clock adc_clk 3.400 [get_ports {adc_dat_b_i[*]}]
E:/JiangSiyi/FPGA/DPLL_Low_Freq_Track/DPLL_Rewrite.srcs/sources_1/xdc/red_pitaya.xdc (Line: 211)
Related violations: <none>

XDCH-2#20 Warning
Same min and max delay values on IO port  
The same input delay of 3.400 ns has been defined on port 'adc_dat_b_i[15]' relative to clock adc_clk for both max and min. Make sure this reflects the design intent.
set_input_delay -clock adc_clk 3.400 [get_ports {adc_dat_b_i[*]}]
E:/JiangSiyi/FPGA/DPLL_Low_Freq_Track/DPLL_Rewrite.srcs/sources_1/xdc/red_pitaya.xdc (Line: 211)
Related violations: <none>

XDCH-2#21 Warning
Same min and max delay values on IO port  
The same input delay of 3.400 ns has been defined on port 'adc_dat_b_i[2]' relative to clock adc_clk for both max and min. Make sure this reflects the design intent.
set_input_delay -clock adc_clk 3.400 [get_ports {adc_dat_b_i[*]}]
E:/JiangSiyi/FPGA/DPLL_Low_Freq_Track/DPLL_Rewrite.srcs/sources_1/xdc/red_pitaya.xdc (Line: 211)
Related violations: <none>

XDCH-2#22 Warning
Same min and max delay values on IO port  
The same input delay of 3.400 ns has been defined on port 'adc_dat_b_i[3]' relative to clock adc_clk for both max and min. Make sure this reflects the design intent.
set_input_delay -clock adc_clk 3.400 [get_ports {adc_dat_b_i[*]}]
E:/JiangSiyi/FPGA/DPLL_Low_Freq_Track/DPLL_Rewrite.srcs/sources_1/xdc/red_pitaya.xdc (Line: 211)
Related violations: <none>

XDCH-2#23 Warning
Same min and max delay values on IO port  
The same input delay of 3.400 ns has been defined on port 'adc_dat_b_i[4]' relative to clock adc_clk for both max and min. Make sure this reflects the design intent.
set_input_delay -clock adc_clk 3.400 [get_ports {adc_dat_b_i[*]}]
E:/JiangSiyi/FPGA/DPLL_Low_Freq_Track/DPLL_Rewrite.srcs/sources_1/xdc/red_pitaya.xdc (Line: 211)
Related violations: <none>

XDCH-2#24 Warning
Same min and max delay values on IO port  
The same input delay of 3.400 ns has been defined on port 'adc_dat_b_i[5]' relative to clock adc_clk for both max and min. Make sure this reflects the design intent.
set_input_delay -clock adc_clk 3.400 [get_ports {adc_dat_b_i[*]}]
E:/JiangSiyi/FPGA/DPLL_Low_Freq_Track/DPLL_Rewrite.srcs/sources_1/xdc/red_pitaya.xdc (Line: 211)
Related violations: <none>

XDCH-2#25 Warning
Same min and max delay values on IO port  
The same input delay of 3.400 ns has been defined on port 'adc_dat_b_i[6]' relative to clock adc_clk for both max and min. Make sure this reflects the design intent.
set_input_delay -clock adc_clk 3.400 [get_ports {adc_dat_b_i[*]}]
E:/JiangSiyi/FPGA/DPLL_Low_Freq_Track/DPLL_Rewrite.srcs/sources_1/xdc/red_pitaya.xdc (Line: 211)
Related violations: <none>

XDCH-2#26 Warning
Same min and max delay values on IO port  
The same input delay of 3.400 ns has been defined on port 'adc_dat_b_i[7]' relative to clock adc_clk for both max and min. Make sure this reflects the design intent.
set_input_delay -clock adc_clk 3.400 [get_ports {adc_dat_b_i[*]}]
E:/JiangSiyi/FPGA/DPLL_Low_Freq_Track/DPLL_Rewrite.srcs/sources_1/xdc/red_pitaya.xdc (Line: 211)
Related violations: <none>

XDCH-2#27 Warning
Same min and max delay values on IO port  
The same input delay of 3.400 ns has been defined on port 'adc_dat_b_i[8]' relative to clock adc_clk for both max and min. Make sure this reflects the design intent.
set_input_delay -clock adc_clk 3.400 [get_ports {adc_dat_b_i[*]}]
E:/JiangSiyi/FPGA/DPLL_Low_Freq_Track/DPLL_Rewrite.srcs/sources_1/xdc/red_pitaya.xdc (Line: 211)
Related violations: <none>

XDCH-2#28 Warning
Same min and max delay values on IO port  
The same input delay of 3.400 ns has been defined on port 'adc_dat_b_i[9]' relative to clock adc_clk for both max and min. Make sure this reflects the design intent.
set_input_delay -clock adc_clk 3.400 [get_ports {adc_dat_b_i[*]}]
E:/JiangSiyi/FPGA/DPLL_Low_Freq_Track/DPLL_Rewrite.srcs/sources_1/xdc/red_pitaya.xdc (Line: 211)
Related violations: <none>


