Copyright 1986-2018 Xilinx, Inc. All Rights Reserved.
----------------------------------------------------------------------------------------------------------------------------------------------------------------------------------
| Tool Version : Vivado v.2018.3 (win64) Build 2405991 Thu Dec  6 23:38:27 MST 2018
| Date         : Sun Jun 28 01:18:42 2026
| Host         : MiaoZhi-PC running 64-bit major release  (build 9200)
| Command      : report_timing_summary -file E:/FPGA/DPLL_Rewrite/worktrees/agent-hybrid-loop/reports/vivado_hybrid_loop_stage_a_synth_check/hybrid_fll_pll_filter_timing_ooc.rpt
| Design       : hybrid_fll_pll_filter_stage_a
| Device       : 7z010-clg400
| Speed File   : -1  PRODUCTION 1.11 2014-09-11
----------------------------------------------------------------------------------------------------------------------------------------------------------------------------------

Timing Summary Report

------------------------------------------------------------------------------------------------
| Timer Settings
| --------------
------------------------------------------------------------------------------------------------

  Enable Multi Corner Analysis               :  Yes
  Enable Pessimism Removal                   :  Yes
  Pessimism Removal Resolution               :  Nearest Common Node
  Enable Input Delay Default Clock           :  No
  Enable Preset / Clear Arcs                 :  No
  Disable Flight Delays                      :  No
  Ignore I/O Paths                           :  No
  Timing Early Launch at Borrowing Latches   :  false

  Corner  Analyze    Analyze    
  Name    Max Paths  Min Paths  
  ------  ---------  ---------  
  Slow    Yes        Yes        
  Fast    Yes        Yes        



check_timing report

Table of Contents
-----------------
1. checking no_clock
2. checking constant_clock
3. checking pulse_width_clock
4. checking unconstrained_internal_endpoints
5. checking no_input_delay
6. checking no_output_delay
7. checking multiple_clock
8. checking generated_clocks
9. checking loops
10. checking partial_input_delay
11. checking partial_output_delay
12. checking latch_loops

1. checking no_clock
--------------------
 There are 0 register/latch pins with no clock.


2. checking constant_clock
--------------------------
 There are 0 register/latch pins with constant_clock.


3. checking pulse_width_clock
-----------------------------
 There are 0 register/latch pins which need pulse_width check


4. checking unconstrained_internal_endpoints
--------------------------------------------
 There are 0 pins that are not constrained for maximum delay.

 There are 0 pins that are not constrained for maximum delay due to constant clock.


5. checking no_input_delay
--------------------------
 There are 277 input ports with no input delay specified. (HIGH)

 There are 0 input ports with no input delay but user has a false path constraint.


6. checking no_output_delay
---------------------------
 There are 163 ports with no output delay specified. (HIGH)

 There are 0 ports with no output delay but user has a false path constraint

 There are 0 ports with no output delay but with a timing clock defined on it or propagating through it


7. checking multiple_clock
--------------------------
 There are 0 register/latch pins with multiple clocks.


8. checking generated_clocks
----------------------------
 There are 0 generated clocks that are not connected to a clock source.


9. checking loops
-----------------
 There are 0 combinational loops in the design.


10. checking partial_input_delay
--------------------------------
 There are 0 input ports with partial input delay specified.


11. checking partial_output_delay
---------------------------------
 There are 0 ports with partial output delay specified.


12. checking latch_loops
------------------------
 There are 0 combinational latch loops in the design through latch input



------------------------------------------------------------------------------------------------
| Design Timing Summary
| ---------------------
------------------------------------------------------------------------------------------------

    WNS(ns)      TNS(ns)  TNS Failing Endpoints  TNS Total Endpoints      WHS(ns)      THS(ns)  THS Failing Endpoints  THS Total Endpoints     WPWS(ns)     TPWS(ns)  TPWS Failing Endpoints  TPWS Total Endpoints  
    -------      -------  ---------------------  -------------------      -------      -------  ---------------------  -------------------     --------     --------  ----------------------  --------------------  
      2.024        0.000                      0                 1349        0.273        0.000                      0                 1349        3.500        0.000                       0                   828  


All user specified timing constraints are met.


------------------------------------------------------------------------------------------------
| Clock Summary
| -------------
------------------------------------------------------------------------------------------------

Clock     Waveform(ns)         Period(ns)      Frequency(MHz)
-----     ------------         ----------      --------------
clk_125m  {0.000 4.000}        8.000           125.000         


------------------------------------------------------------------------------------------------
| Intra Clock Table
| -----------------
------------------------------------------------------------------------------------------------

Clock             WNS(ns)      TNS(ns)  TNS Failing Endpoints  TNS Total Endpoints      WHS(ns)      THS(ns)  THS Failing Endpoints  THS Total Endpoints     WPWS(ns)     TPWS(ns)  TPWS Failing Endpoints  TPWS Total Endpoints  
-----             -------      -------  ---------------------  -------------------      -------      -------  ---------------------  -------------------     --------     --------  ----------------------  --------------------  
clk_125m            2.024        0.000                      0                 1349        0.273        0.000                      0                 1349        3.500        0.000                       0                   828  


------------------------------------------------------------------------------------------------
| Inter Clock Table
| -----------------
------------------------------------------------------------------------------------------------

From Clock    To Clock          WNS(ns)      TNS(ns)  TNS Failing Endpoints  TNS Total Endpoints      WHS(ns)      THS(ns)  THS Failing Endpoints  THS Total Endpoints  
----------    --------          -------      -------  ---------------------  -------------------      -------      -------  ---------------------  -------------------  


------------------------------------------------------------------------------------------------
| Other Path Groups Table
| -----------------------
------------------------------------------------------------------------------------------------

Path Group    From Clock    To Clock          WNS(ns)      TNS(ns)  TNS Failing Endpoints  TNS Total Endpoints      WHS(ns)      THS(ns)  THS Failing Endpoints  THS Total Endpoints  
----------    ----------    --------          -------      -------  ---------------------  -------------------      -------      -------  ---------------------  -------------------  


------------------------------------------------------------------------------------------------
| Timing Details
| --------------
------------------------------------------------------------------------------------------------


---------------------------------------------------------------------------------------------------
From Clock:  clk_125m
  To Clock:  clk_125m

Setup :            0  Failing Endpoints,  Worst Slack        2.024ns,  Total Violation        0.000ns
Hold  :            0  Failing Endpoints,  Worst Slack        0.273ns,  Total Violation        0.000ns
PW    :            0  Failing Endpoints,  Worst Slack        3.500ns,  Total Violation        0.000ns
---------------------------------------------------------------------------------------------------


Max Delay Paths
--------------------------------------------------------------------------------------
Slack (MET) :             2.024ns  (required time - arrival time)
  Source:                 i_product_r_reg/CLK
                            (rising edge-triggered cell DSP48E1 clocked by clk_125m  {rise@0.000ns fall@4.000ns period=8.000ns})
  Destination:            allow_state_update_r_reg/D
                            (rising edge-triggered cell FDRE clocked by clk_125m  {rise@0.000ns fall@4.000ns period=8.000ns})
  Path Group:             clk_125m
  Path Type:              Setup (Max at Slow Process Corner)
  Requirement:            8.000ns  (clk_125m rise@8.000ns - clk_125m rise@0.000ns)
  Data Path Delay:        5.954ns  (logic 2.825ns (47.449%)  route 3.129ns (52.551%))
  Logic Levels:           14  (CARRY4=10 LUT2=1 LUT3=1 LUT5=1 LUT6=1)
  Clock Path Skew:        -0.049ns (DCD - SCD + CPR)
    Destination Clock Delay (DCD):    0.924ns = ( 8.924 - 8.000 ) 
    Source Clock Delay      (SCD):    0.973ns
    Clock Pessimism Removal (CPR):    0.000ns
  Clock Uncertainty:      0.035ns  ((TSJ^2 + TIJ^2)^1/2 + DJ) / 2 + PE
    Total System Jitter     (TSJ):    0.071ns
    Total Input Jitter      (TIJ):    0.000ns
    Discrete Jitter          (DJ):    0.000ns
    Phase Error              (PE):    0.000ns

    Location             Delay type                Incr(ns)  Path(ns)    Netlist Resource(s)
  -------------------------------------------------------------------    -------------------
                         (clock clk_125m rise edge)
                                                      0.000     0.000 r  
                                                      0.000     0.000 r  clk_125m (IN)
                         net (fo=827, unset)          0.973     0.973    clk_125m
                         DSP48E1                                      r  i_product_r_reg/CLK
  -------------------------------------------------------------------    -------------------
                         DSP48E1 (Prop_dsp48e1_CLK_P[19])
                                                      0.434     1.407 r  i_product_r_reg/P[19]
                         net (fo=1, unplaced)         0.800     2.207    i_term_r[1]
                         LUT2 (Prop_lut2_I1_O)        0.124     2.331 r  state_sum_ext_r[3]_i_9/O
                         net (fo=1, unplaced)         0.000     2.331    state_sum_ext_r[3]_i_9_n_0
                         CARRY4 (Prop_carry4_S[1]_CO[3])
                                                      0.550     2.881 r  state_sum_ext_r_reg[3]_i_6/CO[3]
                         net (fo=1, unplaced)         0.000     2.881    state_sum_ext_r_reg[3]_i_6_n_0
                         CARRY4 (Prop_carry4_CI_CO[3])
                                                      0.114     2.995 r  state_sum_ext_r_reg[7]_i_6/CO[3]
                         net (fo=1, unplaced)         0.000     2.995    state_sum_ext_r_reg[7]_i_6_n_0
                         CARRY4 (Prop_carry4_CI_CO[3])
                                                      0.114     3.109 r  state_sum_ext_r_reg[11]_i_6/CO[3]
                         net (fo=1, unplaced)         0.000     3.109    state_sum_ext_r_reg[11]_i_6_n_0
                         CARRY4 (Prop_carry4_CI_CO[3])
                                                      0.114     3.223 r  state_sum_ext_r_reg[15]_i_6/CO[3]
                         net (fo=1, unplaced)         0.000     3.223    state_sum_ext_r_reg[15]_i_6_n_0
                         CARRY4 (Prop_carry4_CI_CO[3])
                                                      0.114     3.337 r  state_sum_ext_r_reg[19]_i_6/CO[3]
                         net (fo=1, unplaced)         0.000     3.337    state_sum_ext_r_reg[19]_i_6_n_0
                         CARRY4 (Prop_carry4_CI_CO[3])
                                                      0.114     3.451 r  state_sum_ext_r_reg[23]_i_6/CO[3]
                         net (fo=1, unplaced)         0.000     3.451    state_sum_ext_r_reg[23]_i_6_n_0
                         CARRY4 (Prop_carry4_CI_CO[3])
                                                      0.114     3.565 r  state_sum_ext_r_reg[27]_i_6/CO[3]
                         net (fo=1, unplaced)         0.000     3.565    state_sum_ext_r_reg[27]_i_6_n_0
                         CARRY4 (Prop_carry4_CI_CO[3])
                                                      0.114     3.679 r  state_sum_ext_r_reg[31]_i_6/CO[3]
                         net (fo=1, unplaced)         0.000     3.679    state_sum_ext_r_reg[31]_i_6_n_0
                         CARRY4 (Prop_carry4_CI_CO[3])
                                                      0.114     3.793 r  state_sum_ext_r_reg[35]_i_6/CO[3]
                         net (fo=1, unplaced)         0.000     3.793    state_sum_ext_r_reg[35]_i_6_n_0
                         CARRY4 (Prop_carry4_CI_O[2])
                                                      0.256     4.049 f  state_sum_ext_r_reg[39]_i_6/O[2]
                         net (fo=2, unplaced)         0.978     5.027    p_0_in[38]
                         LUT6 (Prop_lut6_I2_O)        0.301     5.328 r  allow_state_update_r_i_11/O
                         net (fo=1, unplaced)         0.902     6.230    allow_state_update_r_i_11_n_0
                         LUT5 (Prop_lut5_I2_O)        0.124     6.354 r  allow_state_update_r_i_3/O
                         net (fo=1, unplaced)         0.449     6.803    allow_state_update_r_i_3_n_0
                         LUT3 (Prop_lut3_I1_O)        0.124     6.927 r  allow_state_update_r_i_1/O
                         net (fo=1, unplaced)         0.000     6.927    allow_state_update
                         FDRE                                         r  allow_state_update_r_reg/D
  -------------------------------------------------------------------    -------------------

                         (clock clk_125m rise edge)
                                                      8.000     8.000 r  
                                                      0.000     8.000 r  clk_125m (IN)
                         net (fo=827, unset)          0.924     8.924    clk_125m
                         FDRE                                         r  allow_state_update_r_reg/C
                         clock pessimism              0.000     8.924    
                         clock uncertainty           -0.035     8.889    
                         FDRE (Setup_fdre_C_D)        0.062     8.951    allow_state_update_r_reg
  -------------------------------------------------------------------
                         required time                          8.951    
                         arrival time                          -6.927    
  -------------------------------------------------------------------
                         slack                                  2.024    





Min Delay Paths
--------------------------------------------------------------------------------------
Slack (MET) :             0.273ns  (arrival time - required time)
  Source:                 center_word_r0_reg[0]/C
                            (rising edge-triggered cell FDRE clocked by clk_125m  {rise@0.000ns fall@4.000ns period=8.000ns})
  Destination:            center_word_r1_reg[0]/D
                            (rising edge-triggered cell FDRE clocked by clk_125m  {rise@0.000ns fall@4.000ns period=8.000ns})
  Path Group:             clk_125m
  Path Type:              Hold (Min at Fast Process Corner)
  Requirement:            0.000ns  (clk_125m rise@0.000ns - clk_125m rise@0.000ns)
  Data Path Delay:        0.299ns  (logic 0.158ns (52.880%)  route 0.141ns (47.120%))
  Logic Levels:           0  
  Clock Path Skew:        0.022ns (DCD - SCD - CPR)
    Destination Clock Delay (DCD):    0.432ns
    Source Clock Delay      (SCD):    0.410ns
    Clock Pessimism Removal (CPR):    -0.000ns

    Location             Delay type                Incr(ns)  Path(ns)    Netlist Resource(s)
  -------------------------------------------------------------------    -------------------
                         (clock clk_125m rise edge)
                                                      0.000     0.000 r  
                                                      0.000     0.000 r  clk_125m (IN)
                         net (fo=827, unset)          0.410     0.410    clk_125m
                         FDRE                                         r  center_word_r0_reg[0]/C
  -------------------------------------------------------------------    -------------------
                         FDRE (Prop_fdre_C_Q)         0.158     0.568 r  center_word_r0_reg[0]/Q
                         net (fo=1, unplaced)         0.141     0.709    center_word_r0[0]
                         FDRE                                         r  center_word_r1_reg[0]/D
  -------------------------------------------------------------------    -------------------

                         (clock clk_125m rise edge)
                                                      0.000     0.000 r  
                                                      0.000     0.000 r  clk_125m (IN)
                         net (fo=827, unset)          0.432     0.432    clk_125m
                         FDRE                                         r  center_word_r1_reg[0]/C
                         clock pessimism              0.000     0.432    
                         FDRE (Hold_fdre_C_D)         0.004     0.436    center_word_r1_reg[0]
  -------------------------------------------------------------------
                         required time                         -0.436    
                         arrival time                           0.709    
  -------------------------------------------------------------------
                         slack                                  0.273    





Pulse Width Checks
--------------------------------------------------------------------------------------
Clock Name:         clk_125m
Waveform(ns):       { 0.000 4.000 }
Period(ns):         8.000
Sources:            { clk_125m }

Check Type        Corner  Lib Pin      Reference Pin  Required(ns)  Actual(ns)  Slack(ns)  Location  Pin
Min Period        n/a     DSP48E1/CLK  n/a            2.154         8.000       5.846                p_product_r_reg/CLK
Low Pulse Width   Fast    FDRE/C       n/a            0.500         4.000       3.500                negative_limit_ext_r_reg[0]/C
High Pulse Width  Slow    FDRE/C       n/a            0.500         4.000       3.500                negative_limit_ext_r_reg[0]/C



