Copyright 1986-2018 Xilinx, Inc. All Rights Reserved.
--------------------------------------------------------------------------------------------------------------------------------------------------------------
| Tool Version : Vivado v.2018.3 (win64) Build 2405991 Thu Dec  6 23:38:27 MST 2018
| Date         : Sun Jun 28 01:04:55 2026
| Host         : MiaoZhi-PC running 64-bit major release  (build 9200)
| Command      : report_timing_summary -file E:/FPGA/DPLL_Rewrite/worktrees/agent-iq-cic/reports/vivado_iq_cic_stage_a_synth_check/post_iq_cic_timing_ooc.rpt
| Design       : post_iq_cic_stage_a
| Device       : 7z010-clg400
| Speed File   : -1  PRODUCTION 1.11 2014-09-11
--------------------------------------------------------------------------------------------------------------------------------------------------------------

Timing Summary Report

------------------------------------------------------------------------------------------------
| Timer Settings
| --------------
------------------------------------------------------------------------------------------------

  Enable Multi Corner Analysis               :  Yes
  Enable Pessimism Removal                   :  Yes
  Pessimism Removal Resolution               :  Nearest Common Node
  Enable Input Delay Default Clock           :  No
  Enable Preset / Clear Arcs                 :  No
  Disable Flight Delays                      :  No
  Ignore I/O Paths                           :  No
  Timing Early Launch at Borrowing Latches   :  false

  Corner  Analyze    Analyze    
  Name    Max Paths  Min Paths  
  ------  ---------  ---------  
  Slow    Yes        Yes        
  Fast    Yes        Yes        



check_timing report

Table of Contents
-----------------
1. checking no_clock
2. checking constant_clock
3. checking pulse_width_clock
4. checking unconstrained_internal_endpoints
5. checking no_input_delay
6. checking no_output_delay
7. checking multiple_clock
8. checking generated_clocks
9. checking loops
10. checking partial_input_delay
11. checking partial_output_delay
12. checking latch_loops

1. checking no_clock
--------------------
 There are 0 register/latch pins with no clock.


2. checking constant_clock
--------------------------
 There are 0 register/latch pins with constant_clock.


3. checking pulse_width_clock
-----------------------------
 There are 0 register/latch pins which need pulse_width check


4. checking unconstrained_internal_endpoints
--------------------------------------------
 There are 0 pins that are not constrained for maximum delay.

 There are 0 pins that are not constrained for maximum delay due to constant clock.


5. checking no_input_delay
--------------------------
 There are 55 input ports with no input delay specified. (HIGH)

 There are 0 input ports with no input delay but user has a false path constraint.


6. checking no_output_delay
---------------------------
 There are 58 ports with no output delay specified. (HIGH)

 There are 0 ports with no output delay but user has a false path constraint

 There are 0 ports with no output delay but with a timing clock defined on it or propagating through it


7. checking multiple_clock
--------------------------
 There are 0 register/latch pins with multiple clocks.


8. checking generated_clocks
----------------------------
 There are 0 generated clocks that are not connected to a clock source.


9. checking loops
-----------------
 There are 0 combinational loops in the design.


10. checking partial_input_delay
--------------------------------
 There are 0 input ports with partial input delay specified.


11. checking partial_output_delay
---------------------------------
 There are 0 ports with partial output delay specified.


12. checking latch_loops
------------------------
 There are 0 combinational latch loops in the design through latch input



------------------------------------------------------------------------------------------------
| Design Timing Summary
| ---------------------
------------------------------------------------------------------------------------------------

    WNS(ns)      TNS(ns)  TNS Failing Endpoints  TNS Total Endpoints      WHS(ns)      THS(ns)  THS Failing Endpoints  THS Total Endpoints     WPWS(ns)     TPWS(ns)  TPWS Failing Endpoints  TPWS Total Endpoints  
    -------      -------  ---------------------  -------------------      -------      -------  ---------------------  -------------------     --------     --------  ----------------------  --------------------  
      3.123        0.000                      0                 2840        0.249        0.000                      0                 2840        3.500        0.000                       0                  1574  


All user specified timing constraints are met.


------------------------------------------------------------------------------------------------
| Clock Summary
| -------------
------------------------------------------------------------------------------------------------

Clock     Waveform(ns)         Period(ns)      Frequency(MHz)
-----     ------------         ----------      --------------
clk_125m  {0.000 4.000}        8.000           125.000         


------------------------------------------------------------------------------------------------
| Intra Clock Table
| -----------------
------------------------------------------------------------------------------------------------

Clock             WNS(ns)      TNS(ns)  TNS Failing Endpoints  TNS Total Endpoints      WHS(ns)      THS(ns)  THS Failing Endpoints  THS Total Endpoints     WPWS(ns)     TPWS(ns)  TPWS Failing Endpoints  TPWS Total Endpoints  
-----             -------      -------  ---------------------  -------------------      -------      -------  ---------------------  -------------------     --------     --------  ----------------------  --------------------  
clk_125m            3.123        0.000                      0                 2840        0.249        0.000                      0                 2840        3.500        0.000                       0                  1574  


------------------------------------------------------------------------------------------------
| Inter Clock Table
| -----------------
------------------------------------------------------------------------------------------------

From Clock    To Clock          WNS(ns)      TNS(ns)  TNS Failing Endpoints  TNS Total Endpoints      WHS(ns)      THS(ns)  THS Failing Endpoints  THS Total Endpoints  
----------    --------          -------      -------  ---------------------  -------------------      -------      -------  ---------------------  -------------------  


------------------------------------------------------------------------------------------------
| Other Path Groups Table
| -----------------------
------------------------------------------------------------------------------------------------

Path Group    From Clock    To Clock          WNS(ns)      TNS(ns)  TNS Failing Endpoints  TNS Total Endpoints      WHS(ns)      THS(ns)  THS Failing Endpoints  THS Total Endpoints  
----------    ----------    --------          -------      -------  ---------------------  -------------------      -------      -------  ---------------------  -------------------  


------------------------------------------------------------------------------------------------
| Timing Details
| --------------
------------------------------------------------------------------------------------------------


---------------------------------------------------------------------------------------------------
From Clock:  clk_125m
  To Clock:  clk_125m

Setup :            0  Failing Endpoints,  Worst Slack        3.123ns,  Total Violation        0.000ns
Hold  :            0  Failing Endpoints,  Worst Slack        0.249ns,  Total Violation        0.000ns
PW    :            0  Failing Endpoints,  Worst Slack        3.500ns,  Total Violation        0.000ns
---------------------------------------------------------------------------------------------------


Max Delay Paths
--------------------------------------------------------------------------------------
Slack (MET) :             3.123ns  (required time - arrival time)
  Source:                 sample_count_reg[3]/C
                            (rising edge-triggered cell FDRE clocked by clk_125m  {rise@0.000ns fall@4.000ns period=8.000ns})
  Destination:            sample_count_reg[0]/R
                            (rising edge-triggered cell FDRE clocked by clk_125m  {rise@0.000ns fall@4.000ns period=8.000ns})
  Path Group:             clk_125m
  Path Type:              Setup (Max at Slow Process Corner)
  Requirement:            8.000ns  (clk_125m rise@8.000ns - clk_125m rise@0.000ns)
  Data Path Delay:        4.393ns  (logic 1.823ns (41.498%)  route 2.570ns (58.502%))
  Logic Levels:           4  (CARRY4=1 LUT5=2 LUT6=1)
  Clock Path Skew:        -0.049ns (DCD - SCD + CPR)
    Destination Clock Delay (DCD):    0.924ns = ( 8.924 - 8.000 ) 
    Source Clock Delay      (SCD):    0.973ns
    Clock Pessimism Removal (CPR):    0.000ns
  Clock Uncertainty:      0.035ns  ((TSJ^2 + TIJ^2)^1/2 + DJ) / 2 + PE
    Total System Jitter     (TSJ):    0.071ns
    Total Input Jitter      (TIJ):    0.000ns
    Discrete Jitter          (DJ):    0.000ns
    Phase Error              (PE):    0.000ns

    Location             Delay type                Incr(ns)  Path(ns)    Netlist Resource(s)
  -------------------------------------------------------------------    -------------------
                         (clock clk_125m rise edge)
                                                      0.000     0.000 r  
                                                      0.000     0.000 r  clk_125m (IN)
                         net (fo=1573, unset)         0.973     0.973    clk_125m
                         FDRE                                         r  sample_count_reg[3]/C
  -------------------------------------------------------------------    -------------------
                         FDRE (Prop_fdre_C_Q)         0.496     1.469 r  sample_count_reg[3]/Q
                         net (fo=5, unplaced)         0.834     2.303    sample_count_reg__0[3]
                         LUT5 (Prop_lut5_I0_O)        0.323     2.626 f  i_decim_sample[43]_i_9/O
                         net (fo=1, unplaced)         0.449     3.075    i_decim_sample[43]_i_9_n_0
                         LUT6 (Prop_lut6_I5_O)        0.124     3.199 r  i_decim_sample[43]_i_4/O
                         net (fo=1, unplaced)         0.000     3.199    i_decim_sample[43]_i_4_n_0
                         CARRY4 (Prop_carry4_S[1]_CO[2])
                                                      0.570     3.769 r  i_decim_sample_reg[43]_i_2/CO[2]
                         net (fo=3, unplaced)         0.470     4.239    i_decim_sample_reg[43]_i_2_n_1
                         LUT5 (Prop_lut5_I1_O)        0.310     4.549 r  sample_count[8]_i_1/O
                         net (fo=9, unplaced)         0.817     5.366    sample_count[8]_i_1_n_0
                         FDRE                                         r  sample_count_reg[0]/R
  -------------------------------------------------------------------    -------------------

                         (clock clk_125m rise edge)
                                                      8.000     8.000 r  
                                                      0.000     8.000 r  clk_125m (IN)
                         net (fo=1573, unset)         0.924     8.924    clk_125m
                         FDRE                                         r  sample_count_reg[0]/C
                         clock pessimism              0.000     8.924    
                         clock uncertainty           -0.035     8.889    
                         FDRE (Setup_fdre_C_R)       -0.400     8.489    sample_count_reg[0]
  -------------------------------------------------------------------
                         required time                          8.489    
                         arrival time                          -5.366    
  -------------------------------------------------------------------
                         slack                                  3.123    





Min Delay Paths
--------------------------------------------------------------------------------------
Slack (MET) :             0.249ns  (arrival time - required time)
  Source:                 i_int1_reg[43]/C
                            (rising edge-triggered cell FDRE clocked by clk_125m  {rise@0.000ns fall@4.000ns period=8.000ns})
  Destination:            i_int1_reg[43]/D
                            (rising edge-triggered cell FDRE clocked by clk_125m  {rise@0.000ns fall@4.000ns period=8.000ns})
  Path Group:             clk_125m
  Path Type:              Hold (Min at Fast Process Corner)
  Requirement:            0.000ns  (clk_125m rise@0.000ns - clk_125m rise@0.000ns)
  Data Path Delay:        0.396ns  (logic 0.266ns (67.129%)  route 0.130ns (32.871%))
  Logic Levels:           2  (CARRY4=1 LUT2=1)
  Clock Path Skew:        0.022ns (DCD - SCD - CPR)
    Destination Clock Delay (DCD):    0.432ns
    Source Clock Delay      (SCD):    0.410ns
    Clock Pessimism Removal (CPR):    -0.000ns

    Location             Delay type                Incr(ns)  Path(ns)    Netlist Resource(s)
  -------------------------------------------------------------------    -------------------
                         (clock clk_125m rise edge)
                                                      0.000     0.000 r  
                                                      0.000     0.000 r  clk_125m (IN)
                         net (fo=1573, unset)         0.410     0.410    clk_125m
                         FDRE                                         r  i_int1_reg[43]/C
  -------------------------------------------------------------------    -------------------
                         FDRE (Prop_fdre_C_Q)         0.158     0.568 r  i_int1_reg[43]/Q
                         net (fo=2, unplaced)         0.130     0.698    i_int1_reg[43]
                         LUT2 (Prop_lut2_I1_O)        0.045     0.743 r  i_int1[40]_i_2/O
                         net (fo=1, unplaced)         0.000     0.743    i_int1[40]_i_2_n_0
                         CARRY4 (Prop_carry4_S[3]_O[3])
                                                      0.063     0.806 r  i_int1_reg[40]_i_1/O[3]
                         net (fo=1, unplaced)         0.000     0.806    i_int1_reg[40]_i_1_n_4
                         FDRE                                         r  i_int1_reg[43]/D
  -------------------------------------------------------------------    -------------------

                         (clock clk_125m rise edge)
                                                      0.000     0.000 r  
                                                      0.000     0.000 r  clk_125m (IN)
                         net (fo=1573, unset)         0.432     0.432    clk_125m
                         FDRE                                         r  i_int1_reg[43]/C
                         clock pessimism              0.000     0.432    
                         FDRE (Hold_fdre_C_D)         0.126     0.558    i_int1_reg[43]
  -------------------------------------------------------------------
                         required time                         -0.558    
                         arrival time                           0.806    
  -------------------------------------------------------------------
                         slack                                  0.249    





Pulse Width Checks
--------------------------------------------------------------------------------------
Clock Name:         clk_125m
Waveform(ns):       { 0.000 4.000 }
Period(ns):         8.000
Sources:            { clk_125m }

Check Type        Corner  Lib Pin  Reference Pin  Required(ns)  Actual(ns)  Slack(ns)  Location  Pin
Min Period        n/a     FDRE/C   n/a            1.000         8.000       7.000                active_output_shift_reg[0]/C
Low Pulse Width   Fast    FDRE/C   n/a            0.500         4.000       3.500                active_output_shift_reg[0]/C
High Pulse Width  Slow    FDRE/C   n/a            0.500         4.000       3.500                active_output_shift_reg[0]/C



