Copyright 1986-2018 Xilinx, Inc. All Rights Reserved.
---------------------------------------------------------------------------------------------------------------------------------------------------------------------------
| Tool Version : Vivado v.2018.3 (win64) Build 2405991 Thu Dec  6 23:38:27 MST 2018
| Date         : Tue Jul 14 00:50:29 2026
| Host         : DESKTOP-MRF396F running 64-bit major release  (build 9200)
| Command      : report_timing_summary -warn_on_violation -file E:/JiangSiyi/FPGA/DPLL_Low_Freq_Track/reports/vivado_post_iir_pipeline_synth_check/post_iir_timing_ooc.rpt
| Design       : post_iir_stage_a
| Device       : 7z010-clg400
| Speed File   : -1  PRODUCTION 1.11 2014-09-11
---------------------------------------------------------------------------------------------------------------------------------------------------------------------------

Timing Summary Report

------------------------------------------------------------------------------------------------
| Timer Settings
| --------------
------------------------------------------------------------------------------------------------

  Enable Multi Corner Analysis               :  Yes
  Enable Pessimism Removal                   :  Yes
  Pessimism Removal Resolution               :  Nearest Common Node
  Enable Input Delay Default Clock           :  No
  Enable Preset / Clear Arcs                 :  No
  Disable Flight Delays                      :  No
  Ignore I/O Paths                           :  No
  Timing Early Launch at Borrowing Latches   :  false

  Corner  Analyze    Analyze    
  Name    Max Paths  Min Paths  
  ------  ---------  ---------  
  Slow    Yes        Yes        
  Fast    Yes        Yes        



check_timing report

Table of Contents
-----------------
1. checking no_clock
2. checking constant_clock
3. checking pulse_width_clock
4. checking unconstrained_internal_endpoints
5. checking no_input_delay
6. checking no_output_delay
7. checking multiple_clock
8. checking generated_clocks
9. checking loops
10. checking partial_input_delay
11. checking partial_output_delay
12. checking latch_loops

1. checking no_clock
--------------------
 There are 0 register/latch pins with no clock.


2. checking constant_clock
--------------------------
 There are 0 register/latch pins with constant_clock.


3. checking pulse_width_clock
-----------------------------
 There are 0 register/latch pins which need pulse_width check


4. checking unconstrained_internal_endpoints
--------------------------------------------
 There are 0 pins that are not constrained for maximum delay.

 There are 0 pins that are not constrained for maximum delay due to constant clock.


5. checking no_input_delay
--------------------------
 There are 366 input ports with no input delay specified. (HIGH)

 There are 0 input ports with no input delay but user has a false path constraint.


6. checking no_output_delay
---------------------------
 There are 43 ports with no output delay specified. (HIGH)

 There are 0 ports with no output delay but user has a false path constraint

 There are 0 ports with no output delay but with a timing clock defined on it or propagating through it


7. checking multiple_clock
--------------------------
 There are 0 register/latch pins with multiple clocks.


8. checking generated_clocks
----------------------------
 There are 0 generated clocks that are not connected to a clock source.


9. checking loops
-----------------
 There are 0 combinational loops in the design.


10. checking partial_input_delay
--------------------------------
 There are 0 input ports with partial input delay specified.


11. checking partial_output_delay
---------------------------------
 There are 0 ports with partial output delay specified.


12. checking latch_loops
------------------------
 There are 0 combinational latch loops in the design through latch input



------------------------------------------------------------------------------------------------
| Design Timing Summary
| ---------------------
------------------------------------------------------------------------------------------------

    WNS(ns)      TNS(ns)  TNS Failing Endpoints  TNS Total Endpoints      WHS(ns)      THS(ns)  THS Failing Endpoints  THS Total Endpoints     WPWS(ns)     TPWS(ns)  TPWS Failing Endpoints  TPWS Total Endpoints  
    -------      -------  ---------------------  -------------------      -------      -------  ---------------------  -------------------     --------     --------  ----------------------  --------------------  
      2.837        0.000                      0                 2952        0.272        0.000                      0                 2952        3.500        0.000                       0                  1154  


All user specified timing constraints are met.


------------------------------------------------------------------------------------------------
| Clock Summary
| -------------
------------------------------------------------------------------------------------------------

Clock     Waveform(ns)         Period(ns)      Frequency(MHz)
-----     ------------         ----------      --------------
clk_125m  {0.000 4.000}        8.000           125.000         


------------------------------------------------------------------------------------------------
| Intra Clock Table
| -----------------
------------------------------------------------------------------------------------------------

Clock             WNS(ns)      TNS(ns)  TNS Failing Endpoints  TNS Total Endpoints      WHS(ns)      THS(ns)  THS Failing Endpoints  THS Total Endpoints     WPWS(ns)     TPWS(ns)  TPWS Failing Endpoints  TPWS Total Endpoints  
-----             -------      -------  ---------------------  -------------------      -------      -------  ---------------------  -------------------     --------     --------  ----------------------  --------------------  
clk_125m            2.837        0.000                      0                 2952        0.272        0.000                      0                 2952        3.500        0.000                       0                  1154  


------------------------------------------------------------------------------------------------
| Inter Clock Table
| -----------------
------------------------------------------------------------------------------------------------

From Clock    To Clock          WNS(ns)      TNS(ns)  TNS Failing Endpoints  TNS Total Endpoints      WHS(ns)      THS(ns)  THS Failing Endpoints  THS Total Endpoints  
----------    --------          -------      -------  ---------------------  -------------------      -------      -------  ---------------------  -------------------  


------------------------------------------------------------------------------------------------
| Other Path Groups Table
| -----------------------
------------------------------------------------------------------------------------------------

Path Group    From Clock    To Clock          WNS(ns)      TNS(ns)  TNS Failing Endpoints  TNS Total Endpoints      WHS(ns)      THS(ns)  THS Failing Endpoints  THS Total Endpoints  
----------    ----------    --------          -------      -------  ---------------------  -------------------      -------      -------  ---------------------  -------------------  


------------------------------------------------------------------------------------------------
| Timing Details
| --------------
------------------------------------------------------------------------------------------------


---------------------------------------------------------------------------------------------------
From Clock:  clk_125m
  To Clock:  clk_125m

Setup :            0  Failing Endpoints,  Worst Slack        2.837ns,  Total Violation        0.000ns
Hold  :            0  Failing Endpoints,  Worst Slack        0.272ns,  Total Violation        0.000ns
PW    :            0  Failing Endpoints,  Worst Slack        3.500ns,  Total Violation        0.000ns
---------------------------------------------------------------------------------------------------


Max Delay Paths
--------------------------------------------------------------------------------------
Slack (MET) :             2.837ns  (required time - arrival time)
  Source:                 mul_return_subtract_r_reg/C
                            (rising edge-triggered cell FDRE clocked by clk_125m  {rise@0.000ns fall@4.000ns period=8.000ns})
  Destination:            i_accum_r_reg[63]/D
                            (rising edge-triggered cell FDRE clocked by clk_125m  {rise@0.000ns fall@4.000ns period=8.000ns})
  Path Group:             clk_125m
  Path Type:              Setup (Max at Slow Process Corner)
  Requirement:            8.000ns  (clk_125m rise@8.000ns - clk_125m rise@0.000ns)
  Data Path Delay:        5.141ns  (logic 3.603ns (70.084%)  route 1.538ns (29.916%))
  Logic Levels:           18  (CARRY4=16 LUT2=1 LUT6=1)
  Clock Path Skew:        -0.049ns (DCD - SCD + CPR)
    Destination Clock Delay (DCD):    0.924ns = ( 8.924 - 8.000 ) 
    Source Clock Delay      (SCD):    0.973ns
    Clock Pessimism Removal (CPR):    0.000ns
  Clock Uncertainty:      0.035ns  ((TSJ^2 + TIJ^2)^1/2 + DJ) / 2 + PE
    Total System Jitter     (TSJ):    0.071ns
    Total Input Jitter      (TIJ):    0.000ns
    Discrete Jitter          (DJ):    0.000ns
    Phase Error              (PE):    0.000ns

    Location             Delay type                Incr(ns)  Path(ns)    Netlist Resource(s)
  -------------------------------------------------------------------    -------------------
                         (clock clk_125m rise edge)
                                                      0.000     0.000 r  
                                                      0.000     0.000 r  clk_125m (IN)
                         net (fo=1153, unset)         0.973     0.973    clk_125m
                         FDRE                                         r  mul_return_subtract_r_reg/C
  -------------------------------------------------------------------    -------------------
                         FDRE (Prop_fdre_C_Q)         0.496     1.469 r  mul_return_subtract_r_reg/Q
                         net (fo=130, unplaced)       0.576     2.045    mul_return_subtract_r
                         LUT2 (Prop_lut2_I0_O)        0.295     2.340 r  i_final_sum_r[3]_i_2/O
                         net (fo=1, unplaced)         0.333     2.673    i_final_sum_r[3]_i_2_n_0
                         CARRY4 (Prop_carry4_CYINIT_CO[3])
                                                      0.580     3.253 r  i_final_sum_r_reg[3]_i_1/CO[3]
                         net (fo=1, unplaced)         0.000     3.253    i_final_sum_r_reg[3]_i_1_n_0
                         CARRY4 (Prop_carry4_CI_CO[3])
                                                      0.114     3.367 r  i_final_sum_r_reg[7]_i_1/CO[3]
                         net (fo=1, unplaced)         0.000     3.367    i_final_sum_r_reg[7]_i_1_n_0
                         CARRY4 (Prop_carry4_CI_CO[3])
                                                      0.114     3.481 r  i_final_sum_r_reg[11]_i_1/CO[3]
                         net (fo=1, unplaced)         0.000     3.481    i_final_sum_r_reg[11]_i_1_n_0
                         CARRY4 (Prop_carry4_CI_CO[3])
                                                      0.114     3.595 r  i_final_sum_r_reg[15]_i_1/CO[3]
                         net (fo=1, unplaced)         0.000     3.595    i_final_sum_r_reg[15]_i_1_n_0
                         CARRY4 (Prop_carry4_CI_CO[3])
                                                      0.114     3.709 r  i_final_sum_r_reg[19]_i_1/CO[3]
                         net (fo=1, unplaced)         0.000     3.709    i_final_sum_r_reg[19]_i_1_n_0
                         CARRY4 (Prop_carry4_CI_CO[3])
                                                      0.114     3.823 r  i_final_sum_r_reg[23]_i_1/CO[3]
                         net (fo=1, unplaced)         0.000     3.823    i_final_sum_r_reg[23]_i_1_n_0
                         CARRY4 (Prop_carry4_CI_CO[3])
                                                      0.114     3.937 r  i_final_sum_r_reg[27]_i_1/CO[3]
                         net (fo=1, unplaced)         0.000     3.937    i_final_sum_r_reg[27]_i_1_n_0
                         CARRY4 (Prop_carry4_CI_CO[3])
                                                      0.114     4.051 r  i_final_sum_r_reg[31]_i_1/CO[3]
                         net (fo=1, unplaced)         0.000     4.051    i_final_sum_r_reg[31]_i_1_n_0
                         CARRY4 (Prop_carry4_CI_CO[3])
                                                      0.114     4.165 r  i_final_sum_r_reg[35]_i_1/CO[3]
                         net (fo=1, unplaced)         0.000     4.165    i_final_sum_r_reg[35]_i_1_n_0
                         CARRY4 (Prop_carry4_CI_CO[3])
                                                      0.114     4.279 r  i_final_sum_r_reg[39]_i_1/CO[3]
                         net (fo=1, unplaced)         0.000     4.279    i_final_sum_r_reg[39]_i_1_n_0
                         CARRY4 (Prop_carry4_CI_CO[3])
                                                      0.114     4.393 r  i_final_sum_r_reg[43]_i_1/CO[3]
                         net (fo=1, unplaced)         0.000     4.393    i_final_sum_r_reg[43]_i_1_n_0
                         CARRY4 (Prop_carry4_CI_CO[3])
                                                      0.114     4.507 r  i_final_sum_r_reg[47]_i_1/CO[3]
                         net (fo=1, unplaced)         0.000     4.507    i_final_sum_r_reg[47]_i_1_n_0
                         CARRY4 (Prop_carry4_CI_CO[3])
                                                      0.114     4.621 r  i_final_sum_r_reg[51]_i_1/CO[3]
                         net (fo=1, unplaced)         0.000     4.621    i_final_sum_r_reg[51]_i_1_n_0
                         CARRY4 (Prop_carry4_CI_CO[3])
                                                      0.114     4.735 r  i_final_sum_r_reg[55]_i_1/CO[3]
                         net (fo=1, unplaced)         0.000     4.735    i_final_sum_r_reg[55]_i_1_n_0
                         CARRY4 (Prop_carry4_CI_CO[3])
                                                      0.114     4.849 r  i_final_sum_r_reg[59]_i_1/CO[3]
                         net (fo=1, unplaced)         0.000     4.849    i_final_sum_r_reg[59]_i_1_n_0
                         CARRY4 (Prop_carry4_CI_O[3])
                                                      0.329     5.178 r  i_final_sum_r_reg[63]_i_2/O[3]
                         net (fo=2, unplaced)         0.629     5.807    i_accum_with_product[63]
                         LUT6 (Prop_lut6_I5_O)        0.307     6.114 r  i_accum_r[63]_i_2/O
                         net (fo=1, unplaced)         0.000     6.114    i_accum_r[63]_i_2_n_0
                         FDRE                                         r  i_accum_r_reg[63]/D
  -------------------------------------------------------------------    -------------------

                         (clock clk_125m rise edge)
                                                      8.000     8.000 r  
                                                      0.000     8.000 r  clk_125m (IN)
                         net (fo=1153, unset)         0.924     8.924    clk_125m
                         FDRE                                         r  i_accum_r_reg[63]/C
                         clock pessimism              0.000     8.924    
                         clock uncertainty           -0.035     8.889    
                         FDRE (Setup_fdre_C_D)        0.062     8.951    i_accum_r_reg[63]
  -------------------------------------------------------------------
                         required time                          8.951    
                         arrival time                          -6.114    
  -------------------------------------------------------------------
                         slack                                  2.837    





Min Delay Paths
--------------------------------------------------------------------------------------
Slack (MET) :             0.272ns  (arrival time - required time)
  Source:                 round_sum_pending_r_reg/C
                            (rising edge-triggered cell FDRE clocked by clk_125m  {rise@0.000ns fall@4.000ns period=8.000ns})
  Destination:            round_sum_pending_r_reg/D
                            (rising edge-triggered cell FDRE clocked by clk_125m  {rise@0.000ns fall@4.000ns period=8.000ns})
  Path Group:             clk_125m
  Path Type:              Hold (Min at Fast Process Corner)
  Requirement:            0.000ns  (clk_125m rise@0.000ns - clk_125m rise@0.000ns)
  Data Path Delay:        0.405ns  (logic 0.256ns (63.176%)  route 0.149ns (36.824%))
  Logic Levels:           1  (LUT2=1)
  Clock Path Skew:        0.022ns (DCD - SCD - CPR)
    Destination Clock Delay (DCD):    0.432ns
    Source Clock Delay      (SCD):    0.410ns
    Clock Pessimism Removal (CPR):    -0.000ns

    Location             Delay type                Incr(ns)  Path(ns)    Netlist Resource(s)
  -------------------------------------------------------------------    -------------------
                         (clock clk_125m rise edge)
                                                      0.000     0.000 r  
                                                      0.000     0.000 r  clk_125m (IN)
                         net (fo=1153, unset)         0.410     0.410    clk_125m
                         FDRE                                         r  round_sum_pending_r_reg/C
  -------------------------------------------------------------------    -------------------
                         FDRE (Prop_fdre_C_Q)         0.158     0.568 f  round_sum_pending_r_reg/Q
                         net (fo=10, unplaced)        0.149     0.717    round_sum_pending_r
                         LUT2 (Prop_lut2_I1_O)        0.098     0.815 r  round_sum_pending_r_i_1/O
                         net (fo=1, unplaced)         0.000     0.815    round_sum_pending_r_i_1_n_0
                         FDRE                                         r  round_sum_pending_r_reg/D
  -------------------------------------------------------------------    -------------------

                         (clock clk_125m rise edge)
                                                      0.000     0.000 r  
                                                      0.000     0.000 r  clk_125m (IN)
                         net (fo=1153, unset)         0.432     0.432    clk_125m
                         FDRE                                         r  round_sum_pending_r_reg/C
                         clock pessimism              0.000     0.432    
                         FDRE (Hold_fdre_C_D)         0.112     0.544    round_sum_pending_r_reg
  -------------------------------------------------------------------
                         required time                         -0.544    
                         arrival time                           0.815    
  -------------------------------------------------------------------
                         slack                                  0.272    





Pulse Width Checks
--------------------------------------------------------------------------------------
Clock Name:         clk_125m
Waveform(ns):       { 0.000 4.000 }
Period(ns):         8.000
Sources:            { clk_125m }

Check Type        Corner  Lib Pin      Reference Pin  Required(ns)  Actual(ns)  Slack(ns)  Location  Pin
Min Period        n/a     DSP48E1/CLK  n/a            3.884         8.000       4.116                i_mul_product_pipe_r_reg/CLK
Low Pulse Width   Fast    FDSE/C       n/a            0.500         4.000       3.500                active_bypass_reg/C
High Pulse Width  Slow    FDSE/C       n/a            0.500         4.000       3.500                active_bypass_reg/C



