


ARM Macro Assembler    Page 1 


    1 00000000                 THUMB
    2 00000000                 REQUIRE8
    3 00000000                 PRESERVE8
    4 00000000         
    5 00000000                 AREA             |.text|, CODE, READONLY, ALIGN=
2
    6 00000000         
    7 00000000         ADC_QUICK_ADD
    8 00000000                 EXPORT           ADC_QUICK_ADD
    9 00000000 B430            PUSH             {R4,R5}
   10 00000002         
   11 00000002 2300            MOVS             r3, #0x00   ;累加计数器 
   12 00000004 2400            MOVS             r4, #0x00   ;偏移计数器
   13 00000006         LOOP_ADD
   14 00000006 5B05            LDRH             r5,[r0,r4]  ;r5数据暂存
   15 00000008 442B            ADD              r3,r3,r5
   16 0000000A 4414            ADD              r4,r4,r2
   17 0000000C 3901            SUBS             r1,#1       ;R1--   nums--
   18 0000000E DCFA            BGT              LOOP_ADD
   19 00000010         
   20 00000010 0018            MOVS             r0, r3
   21 00000012         
   22 00000012 BC30            POP              {R4,R5}
   23 00000014         
   24 00000014 4770            BX               lr
   25 00000016         
   26 00000016         
   27 00000016         
   28 00000016         
   29 00000016         
   30 00000016                 END
Command Line: --debug --xref --diag_suppress=9931 --cpu=Cortex-M0 --apcs=interw
ork --depend=.\objects\adc_1.d -o.\objects\adc_1.o -IC:\Keil_MDK_C51\Packs\Keil
\STM32F0xx_DFP\1.5.0\Device\Include -IC:\Keil_MDK_C51\ARM\CMSIS\Include --prede
fine="__UVISION_VERSION SETA 535" --predefine="STM32F030x6 SETA 1" --list=.\lis
tings\adc.lst ..\HARDWARE\ADC\adc.s



ARM Macro Assembler    Page 1 Alphabetic symbol ordering
Relocatable symbols

.text 00000000

Symbol: .text
   Definitions
      At line 5 in file ..\HARDWARE\ADC\adc.s
   Uses
      None
Comment: .text unused
ADC_QUICK_ADD 00000000

Symbol: ADC_QUICK_ADD
   Definitions
      At line 7 in file ..\HARDWARE\ADC\adc.s
   Uses
      At line 8 in file ..\HARDWARE\ADC\adc.s
Comment: ADC_QUICK_ADD used once
LOOP_ADD 00000006

Symbol: LOOP_ADD
   Definitions
      At line 13 in file ..\HARDWARE\ADC\adc.s
   Uses
      At line 18 in file ..\HARDWARE\ADC\adc.s
Comment: LOOP_ADD used once
3 symbols
335 symbols in table
