Component: ARM Compiler 5.06 update 7 (build 960) Tool: armlink [4d3601]

==============================================================================

Section Cross References

    main.o(i.main) refers to delay.o(i.delay_init) for delay_init
    main.o(i.main) refers to lcd.o(i.LCD_Init) for LCD_Init
    main.o(i.main) refers to adc.o(i.ADC_DMA_Init) for ADC_DMA_Init
    main.o(i.main) refers to lcd.o(i.LCD_Show_Buaa_Logo) for LCD_Show_Buaa_Logo
    main.o(i.main) refers to delay.o(i.delay_ms) for delay_ms
    main.o(i.main) refers to encoder.o(i.ENCODER_KEY_Init) for ENCODER_KEY_Init
    main.o(i.main) refers to tim16.o(i.TIM16_Init) for TIM16_Init
    main.o(i.main) refers to stm8slave.o(i.STM8Slave_Init) for STM8Slave_Init
    main.o(i.main) refers to adc.o(i.ADC_Data_Service) for ADC_Data_Service
    main.o(i.main) refers to control.o(i.Ctrl_Data_Init) for Ctrl_Data_Init
    main.o(i.main) refers to display.o(i.Display_UI_Init) for Display_UI_Init
    main.o(i.main) refers to control.o(i.Ctrl_KEY_Response_Service) for Ctrl_KEY_Response_Service
    main.o(i.main) refers to display.o(i.Display_UI_Show_Service) for Display_UI_Show_Service
    main.o(i.main) refers to stm8slave.o(i.STM8_Slave_EEPROM_Write_Service) for STM8_Slave_EEPROM_Write_Service
    main.o(i.main) refers to control.o(i.Ctrl_Dispaly_Refresh_Show_Status) for Ctrl_Dispaly_Refresh_Show_Status
    display.o(i.Display_U32toDec) refers to display.o(.emb_text) for Fun_Div10
    display.o(i.Display_U32toDec) refers to display.o(.bss) for U32_Dec_Buff
    display.o(i.Display_UI_Blink_Show) refers to lcd.o(i.LCD_16ShowString_hanzi) for LCD_16ShowString_hanzi
    display.o(i.Display_UI_Blink_Show) refers to lcd.o(i.LCD_Show_Square) for LCD_Show_Square
    display.o(i.Display_UI_Blink_Show) refers to lcd.o(.data) for BACK_COLOR
    display.o(i.Display_UI_Blink_Show) refers to display.o(.bss) for Display_UI_Blink_Data
    display.o(i.Display_UI_Blink_Show_Register) refers to display.o(i.Display_UI_Blink_Show_Stop) for Display_UI_Blink_Show_Stop
    display.o(i.Display_UI_Blink_Show_Register) refers to display.o(i.Display_UI_Blink_Show) for Display_UI_Blink_Show
    display.o(i.Display_UI_Blink_Show_Register) refers to display.o(.bss) for Display_UI_Blink_Data
    display.o(i.Display_UI_Blink_Show_Register) refers to lcd.o(.data) for BACK_COLOR
    display.o(i.Display_UI_Blink_Show_Stop) refers to display.o(i.Display_UI_Blink_Show) for Display_UI_Blink_Show
    display.o(i.Display_UI_Blink_Show_Stop) refers to display.o(.bss) for Display_UI_Blink_Data
    display.o(i.Display_UI_Blink_Show_Update) refers to display.o(.bss) for Display_UI_Blink_Data
    display.o(i.Display_UI_Get_Status) refers to display.o(.bss) for Display_UI_Blink_Data
    display.o(i.Display_UI_Init) refers to lcd.o(i.LCD_Clear) for LCD_Clear
    display.o(i.Display_UI_Init) refers to lcd.o(i.LCD_Show_Square) for LCD_Show_Square
    display.o(i.Display_UI_Init) refers to lcd.o(i.LCD_SHOW_Icon_1612) for LCD_SHOW_Icon_1612
    display.o(i.Display_UI_Init) refers to display.o(i.Display_UI_PLL_Main_Page_Init) for Display_UI_PLL_Main_Page_Init
    display.o(i.Display_UI_Microwave_Source_Freq) refers to stm8slave.o(i.STM8_Bank_Get_U32) for STM8_Bank_Get_U32
    display.o(i.Display_UI_Microwave_Source_Freq) refers to display.o(i.Display_U32toDec) for Display_U32toDec
    display.o(i.Display_UI_Microwave_Source_Freq) refers to lcd.o(i.LCD_SHOW_ASCII_1608) for LCD_SHOW_ASCII_1608
    display.o(i.Display_UI_Microwave_Source_Freq) refers to display.o(i.display_digit_blink) for display_digit_blink
    display.o(i.Display_UI_Microwave_Source_Freq) refers to lcd.o(.data) for BACK_COLOR
    display.o(i.Display_UI_Microwave_Source_Freq) refers to display.o(.bss) for U32_Dec_Buff
    display.o(i.Display_UI_Microwave_Source_Init) refers to lcd.o(i.LCD_16ShowString_hanzi) for LCD_16ShowString_hanzi
    display.o(i.Display_UI_Microwave_Source_Init) refers to lcd.o(i.LCD_SHOW_ASCII_0806) for LCD_SHOW_ASCII_0806
    display.o(i.Display_UI_Microwave_Source_Init) refers to lcd.o(i.LCD_Show_Square) for LCD_Show_Square
    display.o(i.Display_UI_Microwave_Source_Init) refers to display.o(i.Display_UI_Microwave_Source_Status) for Display_UI_Microwave_Source_Status
    display.o(i.Display_UI_Microwave_Source_Init) refers to display.o(i.Display_UI_Microwave_Source_Power) for Display_UI_Microwave_Source_Power
    display.o(i.Display_UI_Microwave_Source_Init) refers to display.o(i.Display_UI_Microwave_Source_Freq) for Display_UI_Microwave_Source_Freq
    display.o(i.Display_UI_Microwave_Source_Init) refers to lcd.o(.data) for BACK_COLOR
    display.o(i.Display_UI_Microwave_Source_Power) refers to lcd.o(i.LCD_16ShowString_hanzi) for LCD_16ShowString_hanzi
    display.o(i.Display_UI_Microwave_Source_Power) refers to display.o(i.Display_UI_Blink_Show_Register) for Display_UI_Blink_Show_Register
    display.o(i.Display_UI_Microwave_Source_Power) refers to stm8slave.o(.bss) for STM8_Control_Bank
[...]


==============================================================================

Removing Unused input sections from the image.

    Removing main.o(.rev16_text), (4 bytes).
    Removing main.o(.revsh_text), (4 bytes).
    Removing display.o(.rev16_text), (4 bytes).
    Removing display.o(.revsh_text), (4 bytes).
    Removing control.o(.rev16_text), (4 bytes).
    Removing control.o(.revsh_text), (4 bytes).
    Removing delay.o(.rev16_text), (4 bytes).
    Removing delay.o(.revsh_text), (4 bytes).
    Removing lcd.o(.revsh_text), (4 bytes).
    Removing lcd.o(i.LCD_DrawPoint), (28 bytes).
    Removing lcd.o(i.LCD_Fast_DrawPoint), (38 bytes).
    Removing lcd.o(i.LCD_Set_Cursor), (68 bytes).
    Removing lcd.o(i.LCD_ShowString), (46 bytes).
    Removing lcd.o(i.LCD_WR_DATA16), (60 bytes).
    Removing lcd.o(i.LCD_WriteReg), (20 bytes).
    Removing tim16.o(.rev16_text), (4 bytes).
    Removing tim16.o(.revsh_text), (4 bytes).
    Removing encoder.o(.rev16_text), (4 bytes).
    Removing encoder.o(.revsh_text), (4 bytes).
    Removing iic.o(.rev16_text), (4 bytes).
    Removing iic.o(.revsh_text), (4 bytes).
    Removing stm8slave.o(.rev16_text), (4 bytes).
    Removing stm8slave.o(.revsh_text), (4 bytes).
    Removing adc.o(.rev16_text), (4 bytes).
    Removing adc.o(.revsh_text), (4 bytes).
    Removing stm32f0xx_it.o(.rev16_text), (4 bytes).
    Removing stm32f0xx_it.o(.revsh_text), (4 bytes).
    Removing system_stm32f0xx.o(.rev16_text), (4 bytes).
    Removing system_stm32f0xx.o(.revsh_text), (4 bytes).
    Removing system_stm32f0xx.o(i.SystemCoreClockUpdate), (176 bytes).

30 unused section(s) (total 528 bytes) removed from the image.

==============================================================================

Image Symbol Table

    Local Symbols

    Symbol Name                              Value     Ov Type        Size  Object(Section)

    ../clib/angel/boardlib.s                 0x00000000   Number         0  boardinit3.o ABSOLUTE
    ../clib/angel/boardlib.s                 0x00000000   Number         0  boardshut.o ABSOLUTE
    ../clib/angel/boardlib.s                 0x00000000   Number         0  boardinit2.o ABSOLUTE
    ../clib/angel/boardlib.s                 0x00000000   Number         0  boardinit1.o ABSOLUTE
    ../clib/angel/handlers.s                 0x00000000   Number         0  __scatter_zi.o ABSOLUTE
    ../clib/angel/handlers.s                 0x00000000   Number         0  __scatter_copy.o ABSOLUTE
    ../clib/angel/kernel.s                   0x00000000   Number         0  __rtentry.o ABSOLUTE
    ../clib/angel/kernel.s                   0x00000000   Number         0  rtexit2.o ABSOLUTE
    ../clib/angel/kernel.s                   0x00000000   Number         0  __rtentry2.o ABSOLUTE
    ../clib/angel/kernel.s                   0x00000000   Number         0  __rtentry4.o ABSOLUTE
    ../clib/angel/kernel.s                   0x00000000   Number         0  rtexit.o ABSOLUTE
    ../clib/angel/rt.s                       0x00000000   Number         0  aeabi_idiv0.o ABSOLUTE
    ../clib/angel/rt.s                       0x00000000   Number         0  aeabi_idiv0_sigfpe.o ABSOLUTE
    ../clib/angel/rt.s                       0x00000000   Number         0  aeabi_ldiv0.o ABSOLUTE
    ../clib/angel/rt.s                       0x00000000   Number         0  rt_div0.o ABSOLUTE
    ../clib/angel/rt.s                       0x00000000   Number         0  aeabi_ldiv0_sigfpe.o ABSOLUTE
    ../clib/angel/rt.s                       0x00000000   Number         0  rt_raise.o ABSOLUTE
    ../clib/angel/scatterp.s                 0x00000000   Number         0  __scatter.o ABSOLUTE
    ../clib/angel/startup.s                  0x00000000   Number         0  __main.o ABSOLUTE
    ../clib/angel/sys.s                      0x00000000   Number         0  sys_stackheap_outer.o ABSOLUTE
    ../clib/angel/sys.s                      0x00000000   Number         0  use_no_semi.o ABSOLUTE
    ../clib/angel/sys.s                      0x00000000   Number         0  libspace.o ABSOLUTE
    ../clib/angel/sys.s                      0x00000000   Number         0  indicate_semi.o ABSOLUTE
    ../clib/angel/sys.s                      0x00000000   Number         0  tempstk.o ABSOLUTE
    ../clib/angel/sysapp.c                   0x00000000   Number         0  sys_wrch.o ABSOLUTE
    ../clib/angel/sysapp.c                   0x00000000   Number         0  sys_command.o ABSOLUTE
    ../clib/angel/sysapp.c                   0x00000000   Number         0  sys_exit.o ABSOLUTE
    ../clib/armsys.c                         0x00000000   Number         0  _get_argv_nomalloc.o ABSOLUTE
    ../clib/armsys.c                         0x00000000   Number         0  argv_veneer.o ABSOLUTE
    ../clib/armsys.c                         0x00000000   Number         0  no_argv.o ABSOLUTE
    ../clib/division.c                       0x00000000   Number         0  lludiv.o ABSOLUTE
    ../clib/division.s                       0x00000000   Number         0  aeabi_sdiv_div0.o ABSOLUTE
    ../clib/division.s                       0x00000000   Number         0  aeabi_sdiv.o ABSOLUTE
    ../clib/heapalloc.c                      0x00000000   Number         0  hrguard.o ABSOLUTE
    ../clib/heapaux.c                        0x00000000   Number         0  heapauxi.o ABSOLUTE
    ../clib/libinit.s                        0x00000000   Number         0  libinit.o ABSOLUTE
    ../clib/libinit.s                        0x00000000   Number         0  libinit2.o ABSOLUTE
    ../clib/libinit.s                        0x00000000   Number         0  libshutdown.o ABSOLUTE
    ../clib/libinit.s                        0x00000000   Number         0  libshutdown2.o ABSOLUTE
    ../clib/signal.c                         0x00000000   Number         0  defsig_rtred_inner.o ABSOLUTE
    ../clib/signal.c                         0x00000000   Number         0  defsig_cppl_inner.o ABSOLUTE
    ../clib/signal.c                         0x00000000   Number         0  defsig_fpe_outer.o ABSOLUTE
    ../clib/signal.c                         0x00000000   Number         0  defsig_pvfn_inner.o ABSOLUTE
    ../clib/signal.c                         0x00000000   Number         0  defsig_fpe_inner.o ABSOLUTE
    ../clib/signal.c                         0x00000000   Number         0  defsig_exit.o ABSOLUTE
    ../clib/signal.c                         0x00000000   Number         0  defsig_other.o ABSOLUTE
    ../clib/signal.c                         0x00000000   Number         0  defsig_segv_inner.o ABSOLUTE
    ../clib/signal.c                         0x00000000   Number         0  defsig_abrt_inner.o ABSOLUTE
    ../clib/signal.c                         0x00000000   Number         0  defsig_rtmem_inner.o ABSOLUTE
    ../clib/signal.c                         0x00000000   Number         0  defsig_rtmem_outer.o ABSOLUTE
    ../clib/signal.c                         0x00000000   Number         0  defsig_fpe_formal.o ABSOLUTE
    ../clib/signal.c                         0x00000000   Number         0  defsig_rtmem_formal.o ABSOLUTE
    ../clib/signal.c                         0x00000000   Number         0  defsig_general.o ABSOLUTE
    ../clib/signal.c                         0x00000000   Number         0  __raise.o ABSOLUTE
    ../clib/signal.c                         0x00000000   Number         0  defsig_stak_inner.o ABSOLUTE
    ../clib/signal.s                         0x00000000   Number         0  defsig.o ABSOLUTE
    ../clib/stdlib.c                         0x00000000   Number         0  exit.o ABSOLUTE
    ../fplib/cfplib/fpinit.c                 0x00000000   Number         0  fpinit.o ABSOLUTE
    ..\CORE\startup_stm32f0xx.s              0x00000000   Number         0  startup_stm32f0xx.o ABSOLUTE
    ..\CORE\stm32f0xx_it.c                   0x00000000   Number         0  stm32f0xx_it.o ABSOLUTE
    ..\CORE\system_stm32f0xx.c               0x00000000   Number         0  system_stm32f0xx.o ABSOLUTE
    ..\HARDWARE\ADC\ADC.c                    0x00000000   Number         0  adc.o ABSOLUTE
    ..\HARDWARE\ADC\adc.s                    0x00000000   Number         0  adc_1.o ABSOLUTE
    ..\HARDWARE\DELAY\delay.c                0x00000000   Number         0  delay.o ABSOLUTE
    ..\HARDWARE\ENCODER\ENCODER.c            0x00000000   Number         0  encoder.o ABSOLUTE
    ..\HARDWARE\IIC\iic.c                    0x00000000   Number         0  iic.o ABSOLUTE
    ..\HARDWARE\LCD\lcd.c                    0x00000000   Number         0  lcd.o ABSOLUTE
    ..\HARDWARE\STM8Slave\STM8Slave.c        0x00000000   Number         0  stm8slave.o ABSOLUTE
    ..\HARDWARE\TIM16\TIM16.c                0x00000000   Number         0  tim16.o ABSOLUTE
    ..\USER\control.c                        0x00000000   Number         0  control.o ABSOLUTE
    ..\USER\display.c                        0x00000000   Number         0  display.o ABSOLUTE
    ..\USER\main.c                           0x00000000   Number         0  main.o ABSOLUTE
    ..\\CORE\\stm32f0xx_it.c                 0x00000000   Number         0  stm32f0xx_it.o ABSOLUTE
    ..\\CORE\\system_stm32f0xx.c             0x00000000   Number         0  system_stm32f0xx.o ABSOLUTE
    ..\\HARDWARE\\ADC\\ADC.c                 0x00000000   Number         0  adc.o ABSOLUTE
    ..\\HARDWARE\\DELAY\\delay.c             0x00000000   Number         0  delay.o ABSOLUTE
    ..\\HARDWARE\\ENCODER\\ENCODER.c         0x00000000   Number         0  encoder.o ABSOLUTE
    ..\\HARDWARE\\IIC\\iic.c                 0x00000000   Number         0  iic.o ABSOLUTE
    ..\\HARDWARE\\LCD\\lcd.c                 0x00000000   Number         0  lcd.o ABSOLUTE
    ..\\HARDWARE\\STM8Slave\\STM8Slave.c     0x00000000   Number         0  stm8slave.o ABSOLUTE
    ..\\HARDWARE\\TIM16\\TIM16.c             0x00000000   Number         0  tim16.o ABSOLUTE
    ..\\USER\\control.c                      0x00000000   Number         0  control.o ABSOLUTE
    ..\\USER\\display.c                      0x00000000   Number         0  display.o ABSOLUTE
    ..\\USER\\main.c                         0x00000000   Number         0  main.o ABSOLUTE
    dc.s                                     0x00000000   Number         0  dc.o ABSOLUTE
    RESET                                    0x08000000   Section      192  startup_stm32f0xx.o(RESET)
    !!!main                                  0x080000c0   Section        8  __main.o(!!!main)
    !!!scatter                               0x080000c8   Section       60  __scatter.o(!!!scatter)
    !!handler_copy                           0x08000104   Section       26  __scatter_copy.o(!!handler_copy)
    !!handler_zi                             0x08000120   Section       28  __scatter_zi.o(!!handler_zi)
    .ARM.Collect$$libinit$$00000000          0x0800013c   Section        2  libinit.o(.ARM.Collect$$libinit$$00000000)
    .ARM.Collect$$libinit$$00000002          0x0800013e   Section        0  libinit2.o(.ARM.Collect$$libinit$$00000002)
    .ARM.Collect$$libinit$$00000004          0x0800013e   Section        0  libinit2.o(.ARM.Collect$$libinit$$00000004)
    .ARM.Collect$$libinit$$0000000A          0x0800013e   Section        0  libinit2.o(.ARM.Collect$$libinit$$0000000A)
    .ARM.Collect$$libinit$$0000000C          0x0800013e   Section        0  libinit2.o(.ARM.Collect$$libinit$$0000000C)
    .ARM.Collect$$libinit$$0000000E          0x0800013e   Section        0  libinit2.o(.ARM.Collect$$libinit$$0000000E)
    .ARM.Collect$$libinit$$00000011          0x0800013e   Section        0  libinit2.o(.ARM.Collect$$libinit$$00000011)
    .ARM.Collect$$libinit$$00000013          0x0800013e   Section        0  libinit2.o(.ARM.Collect$$libinit$$00000013)
    .ARM.Collect$$libinit$$00000015          0x0800013e   Section        0  libinit2.o(.ARM.Collect$$libinit$$00000015)
    .ARM.Collect$$libinit$$00000017          0x0800013e   Section        0  libinit2.o(.ARM.Collect$$libinit$$00000017)
    .ARM.Collect$$libinit$$00000019          0x0800013e   Section        0  libinit2.o(.ARM.Collect$$libinit$$00000019)
    .ARM.Collect$$libinit$$0000001B          0x0800013e   Section        0  libinit2.o(.ARM.Collect$$libinit$$0000001B)
    .ARM.Collect$$libinit$$0000001D          0x0800013e   Section        0  libinit2.o(.ARM.Collect$$libinit$$0000001D)
    .ARM.Collect$$libinit$$0000001F          0x0800013e   Section        0  libinit2.o(.ARM.Collect$$libinit$$0000001F)
    .ARM.Collect$$libinit$$00000021          0x0800013e   Section        0  libinit2.o(.ARM.Collect$$libinit$$00000021)
    .ARM.Collect$$libinit$$00000023          0x0800013e   Section        0  libinit2.o(.ARM.Collect$$libinit$$00000023)
    .ARM.Collect$$libinit$$00000025          0x0800013e   Section        0  libinit2.o(.ARM.Collect$$libinit$$00000025)
    .ARM.Collect$$libinit$$0000002C          0x0800013e   Section        0  libinit2.o(.ARM.Collect$$libinit$$0000002C)
    .ARM.Collect$$libinit$$0000002E          0x0800013e   Section        0  libinit2.o(.ARM.Collect$$libinit$$0000002E)
    .ARM.Collect$$libinit$$00000030          0x0800013e   Section        0  libinit2.o(.ARM.Collect$$libinit$$00000030)
    .ARM.Collect$$libinit$$00000032          0x0800013e   Section        0  libinit2.o(.ARM.Collect$$libinit$$00000032)
    .ARM.Collect$$libinit$$00000033          0x0800013e   Section        2  libinit2.o(.ARM.Collect$$libinit$$00000033)
    .ARM.Collect$$libshutdown$$00000000      0x08000140   Section        2  libshutdown.o(.ARM.Collect$$libshutdown$$00000000)
    .ARM.Collect$$libshutdown$$00000002      0x08000142   Section        0  libshutdown2.o(.ARM.Collect$$libshutdown$$00000002)
    .ARM.Collect$$libshutdown$$00000004      0x08000142   Section        0  libshutdown2.o(.ARM.Collect$$libshutdown$$00000004)
    .ARM.Collect$$libshutdown$$00000006      0x08000142   Section        0  libshutdown2.o(.ARM.Collect$$libshutdown$$00000006)
    .ARM.Collect$$libshutdown$$00000009      0x08000142   Section        0  libshutdown2.o(.ARM.Collect$$libshutdown$$00000009)
    .ARM.Collect$$libshutdown$$0000000C      0x08000142   Section        0  libshutdown2.o(.ARM.Collect$$libshutdown$$0000000C)
    .ARM.Collect$$libshutdown$$0000000E      0x08000142   Section        0  libshutdown2.o(.ARM.Collect$$libshutdown$$0000000E)
    .ARM.Collect$$libshutdown$$00000011      0x08000142   Section        0  libshutdown2.o(.ARM.Collect$$libshutdown$$00000011)
    .ARM.Collect$$libshutdown$$00000012      0x08000142   Section        2  libshutdown2.o(.ARM.Collect$$libshutdown$$00000012)
    .ARM.Collect$$rtentry$$00000000          0x08000144   Section        0  __rtentry.o(.ARM.Collect$$rtentry$$00000000)
    .ARM.Collect$$rtentry$$00000002          0x08000144   Section        0  __rtentry2.o(.ARM.Collect$$rtentry$$00000002)
    .ARM.Collect$$rtentry$$00000004          0x08000144   Section        6  __rtentry4.o(.ARM.Collect$$rtentry$$00000004)
    .ARM.Collect$$rtentry$$00000009          0x0800014a   Section        0  __rtentry2.o(.ARM.Collect$$rtentry$$00000009)
    .ARM.Collect$$rtentry$$0000000A          0x0800014a   Section        4  __rtentry2.o(.ARM.Collect$$rtentry$$0000000A)
    .ARM.Collect$$rtentry$$0000000C          0x0800014e   Section        0  __rtentry2.o(.ARM.Collect$$rtentry$$0000000C)
    .ARM.Collect$$rtentry$$0000000D          0x0800014e   Section        8  __rtentry2.o(.ARM.Collect$$rtentry$$0000000D)
    .ARM.Collect$$rtexit$$00000000           0x08000156   Section        2  rtexit.o(.ARM.Collect$$rtexit$$00000000)
    .ARM.Collect$$rtexit$$00000002           0x08000158   Section        0  rtexit2.o(.ARM.Collect$$rtexit$$00000002)
    .ARM.Collect$$rtexit$$00000003           0x08000158   Section        4  rtexit2.o(.ARM.Collect$$rtexit$$00000003)
    .ARM.Collect$$rtexit$$00000004           0x0800015c   Section        6  rtexit2.o(.ARM.Collect$$rtexit$$00000004)
    .emb_text                                0x08000164   Section       36  display.o(.emb_text)
    .rev16_text                              0x08000188   Section        4  lcd.o(.rev16_text)
    .text                                    0x0800018c   Section       22  adc_1.o(.text)
    .text                                    0x080001a4   Section      116  startup_stm32f0xx.o(.text)
    .text                                    0x08000218   Section        0  lludiv.o(.text)
    .text                                    0x0800031a   Section      346  aeabi_sdiv.o(.text)
    .text                                    0x08000474   Section        0  heapauxi.o(.text)
    .text                                    0x0800047a   Section       62  sys_stackheap_outer.o(.text)
    .text                                    0x080004b8   Section        0  exit.o(.text)
    .text                                    0x080004c8   Section        8  libspace.o(.text)
    .text                                    0x080004d0   Section        0  sys_exit.o(.text)
    .text                                    0x080004dc   Section        2  use_no_semi.o(.text)
    .text                                    0x080004de   Section        0  indicate_semi.o(.text)
    i.ADC_DMA_Init                           0x080004e0   Section        0  adc.o(i.ADC_DMA_Init)
    i.ADC_Data_Service                       0x08000630   Section        0  adc.o(i.ADC_Data_Service)
    i.ADC_Tick_Service                       0x080006d8   Section        0  adc.o(i.ADC_Tick_Service)
    i.CtrlP0I0_Microwave_Source_Enable       0x080006e8   Section        0  control.o(i.CtrlP0I0_Microwave_Source_Enable)
    CtrlP0I0_Microwave_Source_Enable         0x080006e9   Thumb Code    82  control.o(i.CtrlP0I0_Microwave_Source_Enable)
    i.CtrlP0I1_Microwave_Source_Power        0x08000740   Section        0  control.o(i.CtrlP0I1_Microwave_Source_Power)
    CtrlP0I1_Microwave_Source_Power          0x08000741   Thumb Code    88  control.o(i.CtrlP0I1_Microwave_Source_Power)
    i.CtrlP0I2_Microwave_Source_Frequency    0x0800079c   Section        0  control.o(i.CtrlP0I2_Microwave_Source_Frequency)
    CtrlP0I2_Microwave_Source_Frequency      0x0800079d   Thumb Code   166  control.o(i.CtrlP0I2_Microwave_Source_Frequency)
    i.CtrlP0I3_PLL_Enable                    0x08000854   Section        0  control.o(i.CtrlP0I3_PLL_Enable)
    CtrlP0I3_PLL_Enable                      0x08000855   Thumb Code    82  control.o(i.CtrlP0I3_PLL_Enable)
    i.CtrlP0I4_PLL_Frequency                 0x080008ac   Section        0  control.o(i.CtrlP0I4_PLL_Frequency)
    CtrlP0I4_PLL_Frequency                   0x080008ad   Thumb Code   162  control.o(i.CtrlP0I4_PLL_Frequency)
    i.CtrlP0I5_PLL_Mul                       0x08000960   Section        0  control.o(i.CtrlP0I5_PLL_Mul)
    CtrlP0I5_PLL_Mul                         0x08000961   Thumb Code    18  control.o(i.CtrlP0I5_PLL_Mul)
    i.CtrlP0I6_PLL_Div                       0x08000978   Section        0  control.o(i.CtrlP0I6_PLL_Div)
    CtrlP0I6_PLL_Div                         0x08000979   Thumb Code    18  control.o(i.CtrlP0I6_PLL_Div)
    i.CtrlP0I7_Debug_DAC                     0x08000990   Section        0  control.o(i.CtrlP0I7_Debug_DAC)
    CtrlP0I7_Debug_DAC                       0x08000991   Thumb Code    96  control.o(i.CtrlP0I7_Debug_DAC)
    i.CtrlP1I0_Gain                          0x080009f4   Section        0  control.o(i.CtrlP1I0_Gain)
    CtrlP1I0_Gain                            0x080009f5   Thumb Code    14  control.o(i.CtrlP1I0_Gain)
    i.CtrlP1I1_Gain                          0x08000a02   Section        0  control.o(i.CtrlP1I1_Gain)
    CtrlP1I1_Gain                            0x08000a03   Thumb Code    14  control.o(i.CtrlP1I1_Gain)
    i.CtrlP1I2_Gain                          0x08000a10   Section        0  control.o(i.CtrlP1I2_Gain)
    CtrlP1I2_Gain                            0x08000a11   Thumb Code    14  control.o(i.CtrlP1I2_Gain)
    i.CtrlP1I3_Gain                          0x08000a1e   Section        0  control.o(i.CtrlP1I3_Gain)
    CtrlP1I3_Gain                            0x08000a1f   Thumb Code    14  control.o(i.CtrlP1I3_Gain)
    i.CtrlP1I4_Positive_Limit                0x08000a2c   Section        0  control.o(i.CtrlP1I4_Positive_Limit)
    CtrlP1I4_Positive_Limit                  0x08000a2d   Thumb Code    14  control.o(i.CtrlP1I4_Positive_Limit)
    i.CtrlP1I5_Negative_Limit                0x08000a3a   Section        0  control.o(i.CtrlP1I5_Negative_Limit)
    CtrlP1I5_Negative_Limit                  0x08000a3b   Thumb Code    14  control.o(i.CtrlP1I5_Negative_Limit)
    i.CtrlP1I6_Phase_Threshold               0x08000a48   Section        0  control.o(i.CtrlP1I6_Phase_Threshold)
    CtrlP1I6_Phase_Threshold                 0x08000a49   Thumb Code   158  control.o(i.CtrlP1I6_Phase_Threshold)
    i.CtrlP1I7_Amplitude                     0x08000af4   Section        0  control.o(i.CtrlP1I7_Amplitude)
    CtrlP1I7_Amplitude                       0x08000af5   Thumb Code   164  control.o(i.CtrlP1I7_Amplitude)
    i.CtrlP1I8_Frequency                     0x08000ba0   Section        0  control.o(i.CtrlP1I8_Frequency)
    CtrlP1I8_Frequency                       0x08000ba1   Thumb Code   160  control.o(i.CtrlP1I8_Frequency)
    i.Ctrl_Data_Init                         0x08000c4c   Section        0  control.o(i.Ctrl_Data_Init)
    i.Ctrl_Dispaly_Refresh_Show_Status       0x08000cc8   Section        0  control.o(i.Ctrl_Dispaly_Refresh_Show_Status)
    i.Ctrl_Dispaly_Refresh_Timer_Service     0x08000d08   Section        0  control.o(i.Ctrl_Dispaly_Refresh_Timer_Service)
    i.Ctrl_KEY_Response_Service              0x08000d18   Section        0  control.o(i.Ctrl_KEY_Response_Service)
    i.Display_U32toDec                       0x08001050   Section        0  display.o(i.Display_U32toDec)
    i.Display_UI_Blink_Show                  0x0800109c   Section        0  display.o(i.Display_UI_Blink_Show)
    Display_UI_Blink_Show                    0x0800109d   Thumb Code    62  display.o(i.Display_UI_Blink_Show)
    i.Display_UI_Blink_Show_Register         0x080010e4   Section        0  display.o(i.Display_UI_Blink_Show_Register)
    Display_UI_Blink_Show_Register           0x080010e5   Thumb Code    92  display.o(i.Display_UI_Blink_Show_Register)
    i.Display_UI_Blink_Show_Stop             0x08001148   Section        0  display.o(i.Display_UI_Blink_Show_Stop)
    i.Display_UI_Blink_Show_Update           0x0800116c   Section        0  display.o(i.Display_UI_Blink_Show_Update)
    Display_UI_Blink_Show_Update             0x0800116d   Thumb Code    72  display.o(i.Display_UI_Blink_Show_Update)
    i.Display_UI_Get_Status                  0x080011b8   Section        0  display.o(i.Display_UI_Get_Status)
    i.Display_UI_Init                        0x080011c4   Section        0  display.o(i.Display_UI_Init)
    i.Display_UI_Microwave_Source_Freq       0x08001264   Section        0  display.o(i.Display_UI_Microwave_Source_Freq)
    i.Display_UI_Microwave_Source_Init       0x080012e0   Section        0  display.o(i.Display_UI_Microwave_Source_Init)
    Display_UI_Microwave_Source_Init         0x080012e1   Thumb Code   188  display.o(i.Display_UI_Microwave_Source_Init)
    i.Display_UI_Microwave_Source_Power      0x080013c8   Section        0  display.o(i.Display_UI_Microwave_Source_Power)
    i.Display_UI_Microwave_Source_Refresh_Status 0x08001410   Section        0  display.o(i.Display_UI_Microwave_Source_Refresh_Status)
    i.Display_UI_Microwave_Source_Status     0x08001450   Section        0  display.o(i.Display_UI_Microwave_Source_Status)
    i.Display_UI_PLL_Enable                  0x080014a8   Section        0  display.o(i.Display_UI_PLL_Enable)
    i.Display_UI_PLL_Main_Page_Init          0x0800150c   Section        0  display.o(i.Display_UI_PLL_Main_Page_Init)
    i.Display_UI_PLL_Refresh_Status          0x08001680   Section        0  display.o(i.Display_UI_PLL_Refresh_Status)
    i.Display_UI_PLL_Vice_Page_Init          0x08001844   Section        0  display.o(i.Display_UI_PLL_Vice_Page_Init)
    i.Display_UI_Show_Amplitude_Freq_Threshold 0x0800196c   Section        0  display.o(i.Display_UI_Show_Amplitude_Freq_Threshold)
    i.Display_UI_Show_Debug_DAC_Preset       0x08001ab8   Section        0  display.o(i.Display_UI_Show_Debug_DAC_Preset)
    i.Display_UI_Show_PLL_Gain               0x08001b08   Section        0  display.o(i.Display_UI_Show_PLL_Gain)
    i.Display_UI_Show_PLL_Limit              0x08001b38   Section        0  display.o(i.Display_UI_Show_PLL_Limit)
    i.Display_UI_Show_PLL_Mux_Div_Index      0x08001b94   Section        0  display.o(i.Display_UI_Show_PLL_Mux_Div_Index)
    i.Display_UI_Show_PLL_Set_Freq           0x08001bd8   Section        0  display.o(i.Display_UI_Show_PLL_Set_Freq)
    i.Display_UI_Show_Phase_Threshold        0x08001c94   Section        0  display.o(i.Display_UI_Show_Phase_Threshold)
    i.Display_UI_Show_Service                0x08001cbc   Section        0  display.o(i.Display_UI_Show_Service)
    i.Display_UI_Timer_Service               0x08001d8c   Section        0  display.o(i.Display_UI_Timer_Service)
    i.ENCODER_KEY_Init                       0x08001dac   Section        0  encoder.o(i.ENCODER_KEY_Init)
    i.ENCODER_KEY_Service                    0x08001edc   Section        0  encoder.o(i.ENCODER_KEY_Service)
    i.HardFault_Handler                      0x08001fe8   Section        0  stm32f0xx_it.o(i.HardFault_Handler)
    i.IIC1_Init                              0x08001fec   Section        0  iic.o(i.IIC1_Init)
    i.IIC_Bus_Recover                        0x080020b0   Section        0  iic.o(i.IIC_Bus_Recover)
    IIC_Bus_Recover                          0x080020b1   Thumb Code   206  iic.o(i.IIC_Bus_Recover)
    i.IIC_Check_Slave                        0x0800218c   Section        0  iic.o(i.IIC_Check_Slave)
    i.IIC_Clear_Status                       0x080021bc   Section        0  iic.o(i.IIC_Clear_Status)
    IIC_Clear_Status                         0x080021bd   Thumb Code     8  iic.o(i.IIC_Clear_Status)
    i.IIC_Read                               0x080021cc   Section        0  iic.o(i.IIC_Read)
    i.IIC_Wait                               0x0800228c   Section        0  iic.o(i.IIC_Wait)
    i.IIC_Wait_Stop                          0x0800230c   Section        0  iic.o(i.IIC_Wait_Stop)
    IIC_Wait_Stop                            0x0800230d   Thumb Code    18  iic.o(i.IIC_Wait_Stop)
    i.IIC_Write                              0x08002320   Section        0  iic.o(i.IIC_Write)
    i.LCD_16ShowString_hanzi                 0x080023a4   Section        0  lcd.o(i.LCD_16ShowString_hanzi)
    i.LCD_BK_PWM_Init                        0x08002418   Section        0  lcd.o(i.LCD_BK_PWM_Init)
    i.LCD_Clear                              0x080024d8   Section        0  lcd.o(i.LCD_Clear)
    i.LCD_HW_Init                            0x08002544   Section        0  lcd.o(i.LCD_HW_Init)
    i.LCD_Init                               0x08002628   Section        0  lcd.o(i.LCD_Init)
    i.LCD_SHOW_ASCII_0806                    0x0800269c   Section        0  lcd.o(i.LCD_SHOW_ASCII_0806)
    i.LCD_SHOW_ASCII_1608                    0x0800275c   Section        0  lcd.o(i.LCD_SHOW_ASCII_1608)
    i.LCD_SHOW_HANZI                         0x0800282c   Section        0  lcd.o(i.LCD_SHOW_HANZI)
    i.LCD_SHOW_Icon_1612                     0x080028ec   Section        0  lcd.o(i.LCD_SHOW_Icon_1612)
    i.LCD_Set_BK_PWM                         0x080029cc   Section        0  lcd.o(i.LCD_Set_BK_PWM)
    i.LCD_Set_Cursor_Fast                    0x080029e0   Section        0  lcd.o(i.LCD_Set_Cursor_Fast)
    i.LCD_Set_Windows                        0x08002a84   Section        0  lcd.o(i.LCD_Set_Windows)
    i.LCD_Show_Buaa_Logo                     0x08002b2c   Section        0  lcd.o(i.LCD_Show_Buaa_Logo)
    i.LCD_Show_Square                        0x08002bbc   Section        0  lcd.o(i.LCD_Show_Square)
    i.LCD_WR_DATA                            0x08002c44   Section        0  lcd.o(i.LCD_WR_DATA)
    i.LCD_WR_REG                             0x08002c78   Section        0  lcd.o(i.LCD_WR_REG)
    i.LCD_WriteRAM_Prepare                   0x08002ca8   Section        0  lcd.o(i.LCD_WriteRAM_Prepare)
    i.NMI_Handler                            0x08002cb2   Section        0  stm32f0xx_it.o(i.NMI_Handler)
    i.NVIC_SetPriority                       0x08002cb4   Section        0  tim16.o(i.NVIC_SetPriority)
    NVIC_SetPriority                         0x08002cb5   Thumb Code   110  tim16.o(i.NVIC_SetPriority)
    i.PendSV_Handler                         0x08002d2c   Section        0  stm32f0xx_it.o(i.PendSV_Handler)
    i.STM8Slave_Command                      0x08002d2e   Section        0  stm8slave.o(i.STM8Slave_Command)
    STM8Slave_Command                        0x08002d2f   Thumb Code    44  stm8slave.o(i.STM8Slave_Command)
    i.STM8Slave_Init                         0x08002d5a   Section        0  stm8slave.o(i.STM8Slave_Init)
    i.STM8Slave_MAX2871_OFF_CMD              0x08002d66   Section        0  stm8slave.o(i.STM8Slave_MAX2871_OFF_CMD)
    i.STM8Slave_MAX2871_ON_CMD               0x08002d72   Section        0  stm8slave.o(i.STM8Slave_MAX2871_ON_CMD)
    i.STM8Slave_PLL_OFF_CMD                  0x08002d7e   Section        0  stm8slave.o(i.STM8Slave_PLL_OFF_CMD)
    i.STM8Slave_PLL_ON_CMD                   0x08002d8a   Section        0  stm8slave.o(i.STM8Slave_PLL_ON_CMD)
    i.STM8Slave_Wait_Busy                    0x08002d98   Section        0  stm8slave.o(i.STM8Slave_Wait_Busy)
    STM8Slave_Wait_Busy                      0x08002d99   Thumb Code    56  stm8slave.o(i.STM8Slave_Wait_Busy)
    i.STM8Slave_Write_Verified               0x08002dd4   Section        0  stm8slave.o(i.STM8Slave_Write_Verified)
    STM8Slave_Write_Verified                 0x08002dd5   Thumb Code   110  stm8slave.o(i.STM8Slave_Write_Verified)
    i.STM8_Bank_Get_S32                      0x08002e48   Section        0  stm8slave.o(i.STM8_Bank_Get_S32)
    i.STM8_Bank_Get_U16                      0x08002e54   Section        0  stm8slave.o(i.STM8_Bank_Get_U16)
    i.STM8_Bank_Get_U32                      0x08002e6c   Section        0  stm8slave.o(i.STM8_Bank_Get_U32)
    i.STM8_Bank_Put_U16                      0x08002e94   Section        0  stm8slave.o(i.STM8_Bank_Put_U16)
    i.STM8_Bank_Put_U32                      0x08002ea8   Section        0  stm8slave.o(i.STM8_Bank_Put_U32)
    i.STM8_Slave_EEPROM_Write_Service        0x08002ecc   Section        0  stm8slave.o(i.STM8_Slave_EEPROM_Write_Service)
    i.STM8_Slave_EEPROM_Write_Trigger        0x08002f04   Section        0  stm8slave.o(i.STM8_Slave_EEPROM_Write_Trigger)
    i.STM8_Slave_EEPROM_Writer_Time_Service  0x08002f10   Section        0  stm8slave.o(i.STM8_Slave_EEPROM_Writer_Time_Service)
    i.STM8_Slave_Get_Link_State              0x08002f3c   Section        0  stm8slave.o(i.STM8_Slave_Get_Link_State)
    i.STM8_Slave_Read_Status                 0x08002f48   Section        0  stm8slave.o(i.STM8_Slave_Read_Status)
    i.STM8_Slave_Reset_Frequency_Meter       0x080030d8   Section        0  stm8slave.o(i.STM8_Slave_Reset_Frequency_Meter)
    i.STM8_Slave_Send_PLL_Cfg                0x080030ec   Section        0  stm8slave.o(i.STM8_Slave_Send_PLL_Cfg)
    i.STM8_Slave_Set_Debug_DAC_Preset        0x08003150   Section        0  stm8slave.o(i.STM8_Slave_Set_Debug_DAC_Preset)
    i.STM8_Slave_Set_MAX2871_Freq_Power      0x08003184   Section        0  stm8slave.o(i.STM8_Slave_Set_MAX2871_Freq_Power)
    i.STM8_Slave_Wait_Status                 0x080031b0   Section        0  stm8slave.o(i.STM8_Slave_Wait_Status)
    i.SVC_Handler                            0x080031d4   Section        0  stm32f0xx_it.o(i.SVC_Handler)
    i.SetSysClock                            0x080031d8   Section        0  system_stm32f0xx.o(i.SetSysClock)
    SetSysClock                              0x080031d9   Thumb Code   118  system_stm32f0xx.o(i.SetSysClock)
    i.SysTick_Handler                        0x08003258   Section        0  stm32f0xx_it.o(i.SysTick_Handler)
    i.SystemInit                             0x0800325c   Section        0  system_stm32f0xx.o(i.SystemInit)
    i.TIM16_IRQHandler                       0x080032d8   Section        0  tim16.o(i.TIM16_IRQHandler)
    i.TIM16_Init                             0x08003304   Section        0  tim16.o(i.TIM16_Init)
    i.__ARM_common_ll_muluu                  0x08003368   Section        0  adc.o(i.__ARM_common_ll_muluu)
    i.adjust_gain                            0x08003398   Section        0  control.o(i.adjust_gain)
    adjust_gain                              0x08003399   Thumb Code   170  control.o(i.adjust_gain)
    i.adjust_limit                           0x08003450   Section        0  control.o(i.adjust_limit)
    adjust_limit                             0x08003451   Thumb Code   198  control.o(i.adjust_limit)
    i.adjust_mul_div                         0x08003524   Section        0  control.o(i.adjust_mul_div)
    adjust_mul_div                           0x08003525   Thumb Code   200  control.o(i.adjust_mul_div)
    i.apply_pll_change                       0x080035f8   Section        0  control.o(i.apply_pll_change)
    apply_pll_change                         0x080035f9   Thumb Code    32  control.o(i.apply_pll_change)
    i.delay_init                             0x0800361c   Section        0  delay.o(i.delay_init)
    i.delay_ms                               0x08003660   Section        0  delay.o(i.delay_ms)
    i.delay_us                               0x080036b4   Section        0  delay.o(i.delay_us)
    i.display_digit_blink                    0x08003708   Section        0  display.o(i.display_digit_blink)
    display_digit_blink                      0x08003709   Thumb Code    38  display.o(i.display_digit_blink)
    i.display_dpll_output_frequency          0x08003730   Section        0  display.o(i.display_dpll_output_frequency)
    display_dpll_output_frequency            0x08003731   Thumb Code   180  display.o(i.display_dpll_output_frequency)
    i.display_fast_meter                     0x080037fc   Section        0  display.o(i.display_fast_meter)
    display_fast_meter                       0x080037fd   Thumb Code   288  display.o(i.display_fast_meter)
    i.display_loop_state                     0x08003934   Section        0  display.o(i.display_loop_state)
    display_loop_state                       0x08003935   Thumb Code   108  display.o(i.display_loop_state)
    i.display_phase                          0x080039b0   Section        0  display.o(i.display_phase)
    display_phase                            0x080039b1   Thumb Code   322  display.o(i.display_phase)
    i.display_signed_integer                 0x08003afc   Section        0  display.o(i.display_signed_integer)
    display_signed_integer                   0x08003afd   Thumb Code    98  display.o(i.display_signed_integer)
    i.display_unsigned                       0x08003b68   Section        0  display.o(i.display_unsigned)
    display_unsigned                         0x08003b69   Thumb Code   120  display.o(i.display_unsigned)
    i.format_phase                           0x08003be4   Section        0  display.o(i.format_phase)
    format_phase                             0x08003be5   Thumb Code   358  display.o(i.format_phase)
    i.is_add                                 0x08003d54   Section        0  control.o(i.is_add)
    is_add                                   0x08003d55   Thumb Code    18  control.o(i.is_add)
    i.is_sub                                 0x08003d66   Section        0  control.o(i.is_sub)
    is_sub                                   0x08003d67   Thumb Code    18  control.o(i.is_sub)
    i.main                                   0x08003d78   Section        0  main.o(i.main)
    .constdata                               0x08003dc0   Section       18  display.o(.constdata)
    Power_Char                               0x08003dc0   Data          12  display.o(.constdata)
    y                                        0x08003dcc   Data           4  display.o(.constdata)
    y                                        0x08003dd0   Data           2  display.o(.constdata)
    .constdata                               0x08003dd4   Section       32  control.o(.constdata)
    POW10                                    0x08003dd4   Data          32  control.o(.constdata)
    .constdata                               0x08003df4   Section     5960  lcd.o(.constdata)
    .constdata                               0x0800553c   Section       10  encoder.o(.constdata)
    .data                                    0x20000000   Section        1  display.o(.data)
    Display_UI_Page                          0x20000000   Data           1  display.o(.data)
    .data                                    0x20000004   Section       88  control.o(.data)
    Adjust_Index0                            0x20000004   Data           1  control.o(.data)
    Adjust_Index1                            0x20000005   Data           1  control.o(.data)
    Page_Num                                 0x20000006   Data           1  control.o(.data)
    Cursor_MWS_Frequency                     0x20000007   Data           1  control.o(.data)
    Cursor_Center                            0x20000008   Data           1  control.o(.data)
    Cursor_Mul                               0x20000009   Data           1  control.o(.data)
    Cursor_Div                               0x2000000a   Data           1  control.o(.data)
    Cursor_Gain                              0x2000000b   Data           4  control.o(.data)
    Cursor_Limit                             0x2000000f   Data           2  control.o(.data)
    Cursor_Phase                             0x20000011   Data           1  control.o(.data)
    Cursor_Amplitude                         0x20000012   Data           1  control.o(.data)
    Cursor_Frequency                         0x20000013   Data           1  control.o(.data)
    Refresh_Timer_Cnt                        0x20000014   Data           2  control.o(.data)
    CtrlP0_Fun                               0x20000018   Data          32  control.o(.data)
    CtrlP1_Fun                               0x20000038   Data          36  control.o(.data)
    .data                                    0x2000005c   Section        4  delay.o(.data)
    fac_us                                   0x2000005c   Data           1  delay.o(.data)
    fac_ms                                   0x2000005e   Data           2  delay.o(.data)
    .data                                    0x20000060   Section        2  lcd.o(.data)
    .data                                    0x20000064   Section       24  encoder.o(.data)
    .data                                    0x2000007c   Section        3  stm8slave.o(.data)
    STM8_EEPROM_Write_Cnt                    0x2000007c   Data           2  stm8slave.o(.data)
    STM8_Link_State                          0x2000007e   Data           1  stm8slave.o(.data)
    .data                                    0x20000080   Section       33  adc.o(.data)
    .data                                    0x200000a4   Section       20  system_stm32f0xx.o(.data)
    .bss                                     0x200000b8   Section       30  display.o(.bss)
    Display_UI_Blink_Data                    0x200000b8   Data          20  display.o(.bss)
    U32_Dec_Buff                             0x200000cc   Data          10  display.o(.bss)
    .bss                                     0x200000d6   Section       10  encoder.o(.bss)
    .bss                                     0x200000e0   Section      192  stm8slave.o(.bss)
    STM8_Control_Snapshot                    0x20000140   Data          96  stm8slave.o(.bss)
    .bss                                     0x200001a0   Section      128  adc.o(.bss)
    .bss                                     0x20000220   Section       96  libspace.o(.bss)
    HEAP                                     0x20000280   Section      512  startup_stm32f0xx.o(HEAP)
    Heap_Mem                                 0x20000280   Data         512  startup_stm32f0xx.o(HEAP)
    STACK                                    0x20000480   Section     1024  startup_stm32f0xx.o(STACK)
    Stack_Mem                                0x20000480   Data        1024  startup_stm32f0xx.o(STACK)
    __initial_sp                             0x20000880   Data           0  startup_stm32f0xx.o(STACK)

    Global Symbols

    Symbol Name                              Value     Ov Type        Size  Object(Section)

    BuildAttributes$$THM_ISAv3M$S$PE$A:L22$X:L11$S22$IEEE1$IW$USESV6$~STKCKD$USESV7$~SHL$OSPACE$ROPI$EBA8$UX$STANDARDLIB$REQ8$EABIv2 0x00000000   Number         0  anon$$obj.o ABSOLUTE
    __ARM_use_no_argv                        0x00000000   Number         0  main.o ABSOLUTE
    __ARM_exceptions_init                     - Undefined Weak Reference
    __alloca_initialize                       - Undefined Weak Reference
    __arm_fini_                               - Undefined Weak Reference
    __arm_preinit_                            - Undefined Weak Reference
    __cpp_initialize__aeabi_                  - Undefined Weak Reference
    __cxa_finalize                            - Undefined Weak Reference
    __rt_locale                               - Undefined Weak Reference
    __sigvec_lookup                           - Undefined Weak Reference
    _atexit_init                              - Undefined Weak Reference
    _call_atexit_fns                          - Undefined Weak Reference
    _clock_init                               - Undefined Weak Reference
    _fp_trap_init                             - Undefined Weak Reference
    _fp_trap_shutdown                         - Undefined Weak Reference
    _get_lc_collate                           - Undefined Weak Reference
    _get_lc_ctype                             - Undefined Weak Reference
    _get_lc_monetary                          - Undefined Weak Reference
    _get_lc_numeric                           - Undefined Weak Reference
    _get_lc_time                              - Undefined Weak Reference
    _getenv_init                              - Undefined Weak Reference
    _handle_redirection                       - Undefined Weak Reference
    _init_alloc                               - Undefined Weak Reference
    _init_user_alloc                          - Undefined Weak Reference
    _initio                                   - Undefined Weak Reference
    _rand_init                                - Undefined Weak Reference
    _signal_finish                            - Undefined Weak Reference
    _signal_init                              - Undefined Weak Reference
    _terminate_alloc                          - Undefined Weak Reference
    _terminate_user_alloc                     - Undefined Weak Reference
    _terminateio                              - Undefined Weak Reference
    __Vectors_Size                           0x000000c0   Number         0  startup_stm32f0xx.o ABSOLUTE
    __Vectors                                0x08000000   Data           4  startup_stm32f0xx.o(RESET)
    __Vectors_End                            0x080000c0   Data           0  startup_stm32f0xx.o(RESET)
    __main                                   0x080000c1   Thumb Code     8  __main.o(!!!main)
    __scatterload                            0x080000c9   Thumb Code     0  __scatter.o(!!!scatter)
    __scatterload_rt2                        0x080000c9   Thumb Code    52  __scatter.o(!!!scatter)
    __scatterload_rt2_thumb_only             0x080000c9   Thumb Code     0  __scatter.o(!!!scatter)
    __scatterload_null                       0x080000d9   Thumb Code     0  __scatter.o(!!!scatter)
    __scatterload_copy                       0x08000105   Thumb Code    26  __scatter_copy.o(!!handler_copy)
    __scatterload_zeroinit                   0x08000121   Thumb Code    28  __scatter_zi.o(!!handler_zi)
    __rt_lib_init                            0x0800013d   Thumb Code     0  libinit.o(.ARM.Collect$$libinit$$00000000)
    __rt_lib_init_alloca_1                   0x0800013f   Thumb Code     0  libinit2.o(.ARM.Collect$$libinit$$0000002E)
    __rt_lib_init_argv_1                     0x0800013f   Thumb Code     0  libinit2.o(.ARM.Collect$$libinit$$0000002C)
    __rt_lib_init_atexit_1                   0x0800013f   Thumb Code     0  libinit2.o(.ARM.Collect$$libinit$$0000001B)
    __rt_lib_init_clock_1                    0x0800013f   Thumb Code     0  libinit2.o(.ARM.Collect$$libinit$$00000021)
    __rt_lib_init_cpp_1                      0x0800013f   Thumb Code     0  libinit2.o(.ARM.Collect$$libinit$$00000032)
    __rt_lib_init_exceptions_1               0x0800013f   Thumb Code     0  libinit2.o(.ARM.Collect$$libinit$$00000030)
    __rt_lib_init_fp_1                       0x0800013f   Thumb Code     0  libinit2.o(.ARM.Collect$$libinit$$00000002)
    __rt_lib_init_fp_trap_1                  0x0800013f   Thumb Code     0  libinit2.o(.ARM.Collect$$libinit$$0000001F)
    __rt_lib_init_getenv_1                   0x0800013f   Thumb Code     0  libinit2.o(.ARM.Collect$$libinit$$00000023)
    __rt_lib_init_heap_1                     0x0800013f   Thumb Code     0  libinit2.o(.ARM.Collect$$libinit$$0000000A)
    __rt_lib_init_lc_collate_1               0x0800013f   Thumb Code     0  libinit2.o(.ARM.Collect$$libinit$$00000011)
    __rt_lib_init_lc_ctype_1                 0x0800013f   Thumb Code     0  libinit2.o(.ARM.Collect$$libinit$$00000013)
    __rt_lib_init_lc_monetary_1              0x0800013f   Thumb Code     0  libinit2.o(.ARM.Collect$$libinit$$00000015)
    __rt_lib_init_lc_numeric_1               0x0800013f   Thumb Code     0  libinit2.o(.ARM.Collect$$libinit$$00000017)
    __rt_lib_init_lc_time_1                  0x0800013f   Thumb Code     0  libinit2.o(.ARM.Collect$$libinit$$00000019)
    __rt_lib_init_preinit_1                  0x0800013f   Thumb Code     0  libinit2.o(.ARM.Collect$$libinit$$00000004)
    __rt_lib_init_rand_1                     0x0800013f   Thumb Code     0  libinit2.o(.ARM.Collect$$libinit$$0000000E)
    __rt_lib_init_return                     0x0800013f   Thumb Code     0  libinit2.o(.ARM.Collect$$libinit$$00000033)
    __rt_lib_init_signal_1                   0x0800013f   Thumb Code     0  libinit2.o(.ARM.Collect$$libinit$$0000001D)
    __rt_lib_init_stdio_1                    0x0800013f   Thumb Code     0  libinit2.o(.ARM.Collect$$libinit$$00000025)
    __rt_lib_init_user_alloc_1               0x0800013f   Thumb Code     0  libinit2.o(.ARM.Collect$$libinit$$0000000C)
    __rt_lib_shutdown                        0x08000141   Thumb Code     0  libshutdown.o(.ARM.Collect$$libshutdown$$00000000)
    __rt_lib_shutdown_cpp_1                  0x08000143   Thumb Code     0  libshutdown2.o(.ARM.Collect$$libshutdown$$00000004)
    __rt_lib_shutdown_fini_1                 0x08000143   Thumb Code     0  libshutdown2.o(.ARM.Collect$$libshutdown$$00000002)
    __rt_lib_shutdown_fp_trap_1              0x08000143   Thumb Code     0  libshutdown2.o(.ARM.Collect$$libshutdown$$00000009)
    __rt_lib_shutdown_heap_1                 0x08000143   Thumb Code     0  libshutdown2.o(.ARM.Collect$$libshutdown$$00000011)
    __rt_lib_shutdown_return                 0x08000143   Thumb Code     0  libshutdown2.o(.ARM.Collect$$libshutdown$$00000012)
    __rt_lib_shutdown_signal_1               0x08000143   Thumb Code     0  libshutdown2.o(.ARM.Collect$$libshutdown$$0000000C)
    __rt_lib_shutdown_stdio_1                0x08000143   Thumb Code     0  libshutdown2.o(.ARM.Collect$$libshutdown$$00000006)
    __rt_lib_shutdown_user_alloc_1           0x08000143   Thumb Code     0  libshutdown2.o(.ARM.Collect$$libshutdown$$0000000E)
    __rt_entry                               0x08000145   Thumb Code     0  __rtentry.o(.ARM.Collect$$rtentry$$00000000)
    __rt_entry_presh_1                       0x08000145   Thumb Code     0  __rtentry2.o(.ARM.Collect$$rtentry$$00000002)
    __rt_entry_sh                            0x08000145   Thumb Code     0  __rtentry4.o(.ARM.Collect$$rtentry$$00000004)
    __rt_entry_li                            0x0800014b   Thumb Code     0  __rtentry2.o(.ARM.Collect$$rtentry$$0000000A)
    __rt_entry_postsh_1                      0x0800014b   Thumb Code     0  __rtentry2.o(.ARM.Collect$$rtentry$$00000009)
    __rt_entry_main                          0x0800014f   Thumb Code     0  __rtentry2.o(.ARM.Collect$$rtentry$$0000000D)
    __rt_entry_postli_1                      0x0800014f   Thumb Code     0  __rtentry2.o(.ARM.Collect$$rtentry$$0000000C)
    __rt_exit                                0x08000157   Thumb Code     0  rtexit.o(.ARM.Collect$$rtexit$$00000000)
    __rt_exit_ls                             0x08000159   Thumb Code     0  rtexit2.o(.ARM.Collect$$rtexit$$00000003)
    __rt_exit_prels_1                        0x08000159   Thumb Code     0  rtexit2.o(.ARM.Collect$$rtexit$$00000002)
    __rt_exit_exit                           0x0800015d   Thumb Code     0  rtexit2.o(.ARM.Collect$$rtexit$$00000004)
    Fun_Div10                                0x08000165   Thumb Code    36  display.o(.emb_text)
    __asm___5_lcd_c_15d5615c____REV16        0x08000189   Thumb Code     4  lcd.o(.rev16_text)
    ADC_QUICK_ADD                            0x0800018d   Thumb Code     0  adc_1.o(.text)
    Reset_Handler                            0x080001a5   Thumb Code    38  startup_stm32f0xx.o(.text)
    ADC1_COMP_IRQHandler                     0x080001d5   Thumb Code     0  startup_stm32f0xx.o(.text)
    CEC_IRQHandler                           0x080001d5   Thumb Code     0  startup_stm32f0xx.o(.text)
    DMA1_Channel1_IRQHandler                 0x080001d5   Thumb Code     0  startup_stm32f0xx.o(.text)
    DMA1_Channel2_3_IRQHandler               0x080001d5   Thumb Code     0  startup_stm32f0xx.o(.text)
    DMA1_Channel4_5_IRQHandler               0x080001d5   Thumb Code     0  startup_stm32f0xx.o(.text)
    EXTI0_1_IRQHandler                       0x080001d5   Thumb Code     0  startup_stm32f0xx.o(.text)
    EXTI2_3_IRQHandler                       0x080001d5   Thumb Code     0  startup_stm32f0xx.o(.text)
    EXTI4_15_IRQHandler                      0x080001d5   Thumb Code     0  startup_stm32f0xx.o(.text)
    FLASH_IRQHandler                         0x080001d5   Thumb Code     0  startup_stm32f0xx.o(.text)
    I2C1_IRQHandler                          0x080001d5   Thumb Code     0  startup_stm32f0xx.o(.text)
    I2C2_IRQHandler                          0x080001d5   Thumb Code     0  startup_stm32f0xx.o(.text)
    PVD_IRQHandler                           0x080001d5   Thumb Code     0  startup_stm32f0xx.o(.text)
    RCC_IRQHandler                           0x080001d5   Thumb Code     0  startup_stm32f0xx.o(.text)
    RTC_IRQHandler                           0x080001d5   Thumb Code     0  startup_stm32f0xx.o(.text)
    SPI1_IRQHandler                          0x080001d5   Thumb Code     0  startup_stm32f0xx.o(.text)
    SPI2_IRQHandler                          0x080001d5   Thumb Code     0  startup_stm32f0xx.o(.text)
    TIM14_IRQHandler                         0x080001d5   Thumb Code     0  startup_stm32f0xx.o(.text)
    TIM15_IRQHandler                         0x080001d5   Thumb Code     0  startup_stm32f0xx.o(.text)
    TIM17_IRQHandler                         0x080001d5   Thumb Code     0  startup_stm32f0xx.o(.text)
    TIM1_BRK_UP_TRG_COM_IRQHandler           0x080001d5   Thumb Code     0  startup_stm32f0xx.o(.text)
    TIM1_CC_IRQHandler                       0x080001d5   Thumb Code     0  startup_stm32f0xx.o(.text)
    TIM2_IRQHandler                          0x080001d5   Thumb Code     0  startup_stm32f0xx.o(.text)
    TIM3_IRQHandler                          0x080001d5   Thumb Code     0  startup_stm32f0xx.o(.text)
    TIM6_DAC_IRQHandler                      0x080001d5   Thumb Code     0  startup_stm32f0xx.o(.text)
    TS_IRQHandler                            0x080001d5   Thumb Code     0  startup_stm32f0xx.o(.text)
    USART1_IRQHandler                        0x080001d5   Thumb Code     0  startup_stm32f0xx.o(.text)
    USART2_IRQHandler                        0x080001d5   Thumb Code     0  startup_stm32f0xx.o(.text)
    WWDG_IRQHandler                          0x080001d5   Thumb Code     0  startup_stm32f0xx.o(.text)
    __user_initial_stackheap                 0x080001d9   Thumb Code     0  startup_stm32f0xx.o(.text)
    __aeabi_uldivmod                         0x08000219   Thumb Code   258  lludiv.o(.text)
    _ll_udiv                                 0x08000219   Thumb Code     0  lludiv.o(.text)
    __aeabi_uidiv                            0x0800031b   Thumb Code     0  aeabi_sdiv.o(.text)
    __aeabi_uidivmod                         0x0800031b   Thumb Code    20  aeabi_sdiv.o(.text)
    __aeabi_idiv                             0x0800032f   Thumb Code     0  aeabi_sdiv.o(.text)
    __aeabi_idivmod                          0x0800032f   Thumb Code   326  aeabi_sdiv.o(.text)
    __use_two_region_memory                  0x08000475   Thumb Code     2  heapauxi.o(.text)
    __rt_heap_escrow$2region                 0x08000477   Thumb Code     2  heapauxi.o(.text)
    __rt_heap_expand$2region                 0x08000479   Thumb Code     2  heapauxi.o(.text)
    __user_setup_stackheap                   0x0800047b   Thumb Code    62  sys_stackheap_outer.o(.text)
    exit                                     0x080004b9   Thumb Code    16  exit.o(.text)
    __user_libspace                          0x080004c9   Thumb Code     8  libspace.o(.text)
    __user_perproc_libspace                  0x080004c9   Thumb Code     0  libspace.o(.text)
    __user_perthread_libspace                0x080004c9   Thumb Code     0  libspace.o(.text)
    _sys_exit                                0x080004d1   Thumb Code     8  sys_exit.o(.text)
    __I$use$semihosting                      0x080004dd   Thumb Code     0  use_no_semi.o(.text)
    __use_no_semihosting_swi                 0x080004dd   Thumb Code     2  use_no_semi.o(.text)
    __semihosting_library_function           0x080004df   Thumb Code     0  indicate_semi.o(.text)
    ADC_DMA_Init                             0x080004e1   Thumb Code   260  adc.o(i.ADC_DMA_Init)
    ADC_Data_Service                         0x08000631   Thumb Code   126  adc.o(i.ADC_Data_Service)
    ADC_Tick_Service                         0x080006d9   Thumb Code    12  adc.o(i.ADC_Tick_Service)
    Ctrl_Data_Init                           0x08000c4d   Thumb Code    74  control.o(i.Ctrl_Data_Init)
    Ctrl_Dispaly_Refresh_Show_Status         0x08000cc9   Thumb Code    54  control.o(i.Ctrl_Dispaly_Refresh_Show_Status)
    Ctrl_Dispaly_Refresh_Timer_Service       0x08000d09   Thumb Code    12  control.o(i.Ctrl_Dispaly_Refresh_Timer_Service)
    Ctrl_KEY_Response_Service                0x08000d19   Thumb Code   800  control.o(i.Ctrl_KEY_Response_Service)
    Display_U32toDec                         0x08001051   Thumb Code    72  display.o(i.Display_U32toDec)
    Display_UI_Blink_Show_Stop               0x08001149   Thumb Code    30  display.o(i.Display_UI_Blink_Show_Stop)
    Display_UI_Get_Status                    0x080011b9   Thumb Code     6  display.o(i.Display_UI_Get_Status)
    Display_UI_Init                          0x080011c5   Thumb Code   142  display.o(i.Display_UI_Init)
    Display_UI_Microwave_Source_Freq         0x08001265   Thumb Code   116  display.o(i.Display_UI_Microwave_Source_Freq)
    Display_UI_Microwave_Source_Power        0x080013c9   Thumb Code    58  display.o(i.Display_UI_Microwave_Source_Power)
    Display_UI_Microwave_Source_Refresh_Status 0x08001411   Thumb Code    52  display.o(i.Display_UI_Microwave_Source_Refresh_Status)
    Display_UI_Microwave_Source_Status       0x08001451   Thumb Code    72  display.o(i.Display_UI_Microwave_Source_Status)
    Display_UI_PLL_Enable                    0x080014a9   Thumb Code    82  display.o(i.Display_UI_PLL_Enable)
    Display_UI_PLL_Main_Page_Init            0x0800150d   Thumb Code   282  display.o(i.Display_UI_PLL_Main_Page_Init)
    Display_UI_PLL_Refresh_Status            0x08001681   Thumb Code   430  display.o(i.Display_UI_PLL_Refresh_Status)
    Display_UI_PLL_Vice_Page_Init            0x08001845   Thumb Code   204  display.o(i.Display_UI_PLL_Vice_Page_Init)
    Display_UI_Show_Amplitude_Freq_Threshold 0x0800196d   Thumb Code   326  display.o(i.Display_UI_Show_Amplitude_Freq_Threshold)
    Display_UI_Show_Debug_DAC_Preset         0x08001ab9   Thumb Code    70  display.o(i.Display_UI_Show_Debug_DAC_Preset)
    Display_UI_Show_PLL_Gain                 0x08001b09   Thumb Code    44  display.o(i.Display_UI_Show_PLL_Gain)
    Display_UI_Show_PLL_Limit                0x08001b39   Thumb Code    88  display.o(i.Display_UI_Show_PLL_Limit)
    Display_UI_Show_PLL_Mux_Div_Index        0x08001b95   Thumb Code    68  display.o(i.Display_UI_Show_PLL_Mux_Div_Index)
    Display_UI_Show_PLL_Set_Freq             0x08001bd9   Thumb Code   176  display.o(i.Display_UI_Show_PLL_Set_Freq)
    Display_UI_Show_Phase_Threshold          0x08001c95   Thumb Code    40  display.o(i.Display_UI_Show_Phase_Threshold)
    Display_UI_Show_Service                  0x08001cbd   Thumb Code   178  display.o(i.Display_UI_Show_Service)
    Display_UI_Timer_Service                 0x08001d8d   Thumb Code    28  display.o(i.Display_UI_Timer_Service)
    ENCODER_KEY_Init                         0x08001dad   Thumb Code   270  encoder.o(i.ENCODER_KEY_Init)
    ENCODER_KEY_Service                      0x08001edd   Thumb Code   240  encoder.o(i.ENCODER_KEY_Service)
    HardFault_Handler                        0x08001fe9   Thumb Code     4  stm32f0xx_it.o(i.HardFault_Handler)
    IIC1_Init                                0x08001fed   Thumb Code   176  iic.o(i.IIC1_Init)
    IIC_Check_Slave                          0x0800218d   Thumb Code    40  iic.o(i.IIC_Check_Slave)
    IIC_Read                                 0x080021cd   Thumb Code   182  iic.o(i.IIC_Read)
    IIC_Wait                                 0x0800228d   Thumb Code   122  iic.o(i.IIC_Wait)
    IIC_Write                                0x08002321   Thumb Code   122  iic.o(i.IIC_Write)
    LCD_16ShowString_hanzi                   0x080023a5   Thumb Code   112  lcd.o(i.LCD_16ShowString_hanzi)
    LCD_BK_PWM_Init                          0x08002419   Thumb Code   178  lcd.o(i.LCD_BK_PWM_Init)
    LCD_Clear                                0x080024d9   Thumb Code    98  lcd.o(i.LCD_Clear)
    LCD_HW_Init                              0x08002545   Thumb Code   204  lcd.o(i.LCD_HW_Init)
    LCD_Init                                 0x08002629   Thumb Code   104  lcd.o(i.LCD_Init)
    LCD_SHOW_ASCII_0806                      0x0800269d   Thumb Code   176  lcd.o(i.LCD_SHOW_ASCII_0806)
    LCD_SHOW_ASCII_1608                      0x0800275d   Thumb Code   190  lcd.o(i.LCD_SHOW_ASCII_1608)
    LCD_SHOW_HANZI                           0x0800282d   Thumb Code   174  lcd.o(i.LCD_SHOW_HANZI)
    LCD_SHOW_Icon_1612                       0x080028ed   Thumb Code   208  lcd.o(i.LCD_SHOW_Icon_1612)
    LCD_Set_BK_PWM                           0x080029cd   Thumb Code    16  lcd.o(i.LCD_Set_BK_PWM)
    LCD_Set_Cursor_Fast                      0x080029e1   Thumb Code   156  lcd.o(i.LCD_Set_Cursor_Fast)
    LCD_Set_Windows                          0x08002a85   Thumb Code   160  lcd.o(i.LCD_Set_Windows)
    LCD_Show_Buaa_Logo                       0x08002b2d   Thumb Code   126  lcd.o(i.LCD_Show_Buaa_Logo)
    LCD_Show_Square                          0x08002bbd   Thumb Code   128  lcd.o(i.LCD_Show_Square)
    LCD_WR_DATA                              0x08002c45   Thumb Code    42  lcd.o(i.LCD_WR_DATA)
    LCD_WR_REG                               0x08002c79   Thumb Code    38  lcd.o(i.LCD_WR_REG)
    LCD_WriteRAM_Prepare                     0x08002ca9   Thumb Code    10  lcd.o(i.LCD_WriteRAM_Prepare)
    NMI_Handler                              0x08002cb3   Thumb Code     2  stm32f0xx_it.o(i.NMI_Handler)
    PendSV_Handler                           0x08002d2d   Thumb Code     2  stm32f0xx_it.o(i.PendSV_Handler)
    STM8Slave_Init                           0x08002d5b   Thumb Code    12  stm8slave.o(i.STM8Slave_Init)
    STM8Slave_MAX2871_OFF_CMD                0x08002d67   Thumb Code    12  stm8slave.o(i.STM8Slave_MAX2871_OFF_CMD)
    STM8Slave_MAX2871_ON_CMD                 0x08002d73   Thumb Code    12  stm8slave.o(i.STM8Slave_MAX2871_ON_CMD)
    STM8Slave_PLL_OFF_CMD                    0x08002d7f   Thumb Code    12  stm8slave.o(i.STM8Slave_PLL_OFF_CMD)
    STM8Slave_PLL_ON_CMD                     0x08002d8b   Thumb Code    12  stm8slave.o(i.STM8Slave_PLL_ON_CMD)
    STM8_Bank_Get_S32                        0x08002e49   Thumb Code    12  stm8slave.o(i.STM8_Bank_Get_S32)
    STM8_Bank_Get_U16                        0x08002e55   Thumb Code    18  stm8slave.o(i.STM8_Bank_Get_U16)
    STM8_Bank_Get_U32                        0x08002e6d   Thumb Code    34  stm8slave.o(i.STM8_Bank_Get_U32)
    STM8_Bank_Put_U16                        0x08002e95   Thumb Code    16  stm8slave.o(i.STM8_Bank_Put_U16)
    STM8_Bank_Put_U32                        0x08002ea9   Thumb Code    32  stm8slave.o(i.STM8_Bank_Put_U32)
    STM8_Slave_EEPROM_Write_Service          0x08002ecd   Thumb Code    46  stm8slave.o(i.STM8_Slave_EEPROM_Write_Service)
    STM8_Slave_EEPROM_Write_Trigger          0x08002f05   Thumb Code     8  stm8slave.o(i.STM8_Slave_EEPROM_Write_Trigger)
    STM8_Slave_EEPROM_Writer_Time_Service    0x08002f11   Thumb Code    36  stm8slave.o(i.STM8_Slave_EEPROM_Writer_Time_Service)
    STM8_Slave_Get_Link_State                0x08002f3d   Thumb Code     6  stm8slave.o(i.STM8_Slave_Get_Link_State)
    STM8_Slave_Read_Status                   0x08002f49   Thumb Code   384  stm8slave.o(i.STM8_Slave_Read_Status)
    STM8_Slave_Reset_Frequency_Meter         0x080030d9   Thumb Code    18  stm8slave.o(i.STM8_Slave_Reset_Frequency_Meter)
    STM8_Slave_Send_PLL_Cfg                  0x080030ed   Thumb Code    96  stm8slave.o(i.STM8_Slave_Send_PLL_Cfg)
    STM8_Slave_Set_Debug_DAC_Preset          0x08003151   Thumb Code    46  stm8slave.o(i.STM8_Slave_Set_Debug_DAC_Preset)
    STM8_Slave_Set_MAX2871_Freq_Power        0x08003185   Thumb Code    40  stm8slave.o(i.STM8_Slave_Set_MAX2871_Freq_Power)
    STM8_Slave_Wait_Status                   0x080031b1   Thumb Code    36  stm8slave.o(i.STM8_Slave_Wait_Status)
    SVC_Handler                              0x080031d5   Thumb Code     2  stm32f0xx_it.o(i.SVC_Handler)
    SysTick_Handler                          0x08003259   Thumb Code     2  stm32f0xx_it.o(i.SysTick_Handler)
    SystemInit                               0x0800325d   Thumb Code   110  system_stm32f0xx.o(i.SystemInit)
    TIM16_IRQHandler                         0x080032d9   Thumb Code    36  tim16.o(i.TIM16_IRQHandler)
    TIM16_Init                               0x08003305   Thumb Code    82  tim16.o(i.TIM16_Init)
    __ARM_common_ll_muluu                    0x08003369   Thumb Code    48  adc.o(i.__ARM_common_ll_muluu)
    delay_init                               0x0800361d   Thumb Code    48  delay.o(i.delay_init)
    delay_ms                                 0x08003661   Thumb Code    74  delay.o(i.delay_ms)
    delay_us                                 0x080036b5   Thumb Code    74  delay.o(i.delay_us)
    main                                     0x08003d79   Thumb Code    72  main.o(i.main)
    asc2_0816                                0x08003df4   Data        1520  lcd.o(.constdata)
    HanZi_Index                              0x080043e4   Data         105  lcd.o(.constdata)
    HanZi_1616                               0x08004450   Data        1664  lcd.o(.constdata)
    Icon_1616                                0x08004ad0   Data         512  lcd.o(.constdata)
    asc2_0608                                0x08004cd0   Data         108  lcd.o(.constdata)
    gImage_buaa_logo                         0x08004d3c   Data        2048  lcd.o(.constdata)
    Key_GPIO_Pins                            0x0800553c   Data          10  encoder.o(.constdata)
    Region$$Table$$Base                      0x08005548   Number         0  anon$$obj.o(Region$$Table)
    Region$$Table$$Limit                     0x08005568   Number         0  anon$$obj.o(Region$$Table)
    BACK_COLOR                               0x20000060   Data           2  lcd.o(.data)
    Key_GPIO_Ports                           0x20000064   Data          20  encoder.o(.data)
    Old_Encoder_Num                          0x20000078   Data           2  encoder.o(.data)
    Key_Value                                0x2000007a   Data           2  encoder.o(.data)
    After_filter                             0x20000080   Data           8  adc.o(.data)
    ADC_TICK                                 0x20000088   Data           2  adc.o(.data)
    VREFINT_CAL                              0x2000008a   Data           2  adc.o(.data)
    ADC_P_CH1A                               0x2000008c   Data           4  adc.o(.data)
    ADC_N_CH1A                               0x20000090   Data           4  adc.o(.data)
    ADC_S_CH1A                               0x20000094   Data           4  adc.o(.data)
    ADC_P_CH17A                              0x20000098   Data           4  adc.o(.data)
    ADC_VBIAS_Voltage                        0x2000009c   Data           2  adc.o(.data)
    ADC_VSYS_Voltage                         0x2000009e   Data           2  adc.o(.data)
    ADC_Value_Valid                          0x200000a0   Data           1  adc.o(.data)
    SystemCoreClock                          0x200000a4   Data           4  system_stm32f0xx.o(.data)
    AHBPrescTable                            0x200000a8   Data          16  system_stm32f0xx.o(.data)
    KEY_Press_Time                           0x200000d6   Data          10  encoder.o(.bss)
    STM8_Control_Bank                        0x200000e0   Data          96  stm8slave.o(.bss)
    AD_Value                                 0x200001a0   Data         128  adc.o(.bss)
    __libspace_start                         0x20000220   Data          96  libspace.o(.bss)
    __temporary_stack_top$libspace           0x20000280   Data           0  libspace.o(.bss)



==============================================================================

Memory Map of the image

  Image Entry point : 0x080000c1

  Load Region LR_IROM1 (Base: 0x08000000, Size: 0x00005620, Max: 0x00008000, ABSOLUTE)

    Execution Region ER_IROM1 (Exec base: 0x08000000, Load base: 0x08000000, Size: 0x00005568, Max: 0x00008000, ABSOLUTE)

    Exec Addr    Load Addr    Size         Type   Attr      Idx    E Section Name        Object

    0x08000000   0x08000000   0x000000c0   Data   RO          971    RESET               startup_stm32f0xx.o
    0x080000c0   0x080000c0   0x00000008   Code   RO         1070  * !!!main             c_p.l(__main.o)
    0x080000c8   0x080000c8   0x0000003c   Code   RO         1245    !!!scatter          c_p.l(__scatter.o)
    0x08000104   0x08000104   0x0000001a   Code   RO         1247    !!handler_copy      c_p.l(__scatter_copy.o)
    0x0800011e   0x0800011e   0x00000002   PAD
    0x08000120   0x08000120   0x0000001c   Code   RO         1249    !!handler_zi        c_p.l(__scatter_zi.o)
    0x0800013c   0x0800013c   0x00000002   Code   RO         1112    .ARM.Collect$$libinit$$00000000  c_p.l(libinit.o)
    0x0800013e   0x0800013e   0x00000000   Code   RO         1126    .ARM.Collect$$libinit$$00000002  c_p.l(libinit2.o)
    0x0800013e   0x0800013e   0x00000000   Code   RO         1128    .ARM.Collect$$libinit$$00000004  c_p.l(libinit2.o)
    0x0800013e   0x0800013e   0x00000000   Code   RO         1131    .ARM.Collect$$libinit$$0000000A  c_p.l(libinit2.o)
    0x0800013e   0x0800013e   0x00000000   Code   RO         1133    .ARM.Collect$$libinit$$0000000C  c_p.l(libinit2.o)
    0x0800013e   0x0800013e   0x00000000   Code   RO         1135    .ARM.Collect$$libinit$$0000000E  c_p.l(libinit2.o)
    0x0800013e   0x0800013e   0x00000000   Code   RO         1138    .ARM.Collect$$libinit$$00000011  c_p.l(libinit2.o)
    0x0800013e   0x0800013e   0x00000000   Code   RO         1140    .ARM.Collect$$libinit$$00000013  c_p.l(libinit2.o)
    0x0800013e   0x0800013e   0x00000000   Code   RO         1142    .ARM.Collect$$libinit$$00000015  c_p.l(libinit2.o)
    0x0800013e   0x0800013e   0x00000000   Code   RO         1144    .ARM.Collect$$libinit$$00000017  c_p.l(libinit2.o)
    0x0800013e   0x0800013e   0x00000000   Code   RO         1146    .ARM.Collect$$libinit$$00000019  c_p.l(libinit2.o)
    0x0800013e   0x0800013e   0x00000000   Code   RO         1148    .ARM.Collect$$libinit$$0000001B  c_p.l(libinit2.o)
    0x0800013e   0x0800013e   0x00000000   Code   RO         1150    .ARM.Collect$$libinit$$0000001D  c_p.l(libinit2.o)
    0x0800013e   0x0800013e   0x00000000   Code   RO         1152    .ARM.Collect$$libinit$$0000001F  c_p.l(libinit2.o)
    0x0800013e   0x0800013e   0x00000000   Code   RO         1154    .ARM.Collect$$libinit$$00000021  c_p.l(libinit2.o)
    0x0800013e   0x0800013e   0x00000000   Code   RO         1156    .ARM.Collect$$libinit$$00000023  c_p.l(libinit2.o)
    0x0800013e   0x0800013e   0x00000000   Code   RO         1158    .ARM.Collect$$libinit$$00000025  c_p.l(libinit2.o)
    0x0800013e   0x0800013e   0x00000000   Code   RO         1162    .ARM.Collect$$libinit$$0000002C  c_p.l(libinit2.o)
    0x0800013e   0x0800013e   0x00000000   Code   RO         1164    .ARM.Collect$$libinit$$0000002E  c_p.l(libinit2.o)
    0x0800013e   0x0800013e   0x00000000   Code   RO         1166    .ARM.Collect$$libinit$$00000030  c_p.l(libinit2.o)
    0x0800013e   0x0800013e   0x00000000   Code   RO         1168    .ARM.Collect$$libinit$$00000032  c_p.l(libinit2.o)
    0x0800013e   0x0800013e   0x00000002   Code   RO         1169    .ARM.Collect$$libinit$$00000033  c_p.l(libinit2.o)
    0x08000140   0x08000140   0x00000002   Code   RO         1200    .ARM.Collect$$libshutdown$$00000000  c_p.l(libshutdown.o)
    0x08000142   0x08000142   0x00000000   Code   RO         1226    .ARM.Collect$$libshutdown$$00000002  c_p.l(libshutdown2.o)
    0x08000142   0x08000142   0x00000000   Code   RO         1228    .ARM.Collect$$libshutdown$$00000004  c_p.l(libshutdown2.o)
    0x08000142   0x08000142   0x00000000   Code   RO         1230    .ARM.Collect$$libshutdown$$00000006  c_p.l(libshutdown2.o)
    0x08000142   0x08000142   0x00000000   Code   RO         1233    .ARM.Collect$$libshutdown$$00000009  c_p.l(libshutdown2.o)
    0x08000142   0x08000142   0x00000000   Code   RO         1236    .ARM.Collect$$libshutdown$$0000000C  c_p.l(libshutdown2.o)
    0x08000142   0x08000142   0x00000000   Code   RO         1238    .ARM.Collect$$libshutdown$$0000000E  c_p.l(libshutdown2.o)
    0x08000142   0x08000142   0x00000000   Code   RO         1241    .ARM.Collect$$libshutdown$$00000011  c_p.l(libshutdown2.o)
    0x08000142   0x08000142   0x00000002   Code   RO         1242    .ARM.Collect$$libshutdown$$00000012  c_p.l(libshutdown2.o)
    0x08000144   0x08000144   0x00000000   Code   RO         1072    .ARM.Collect$$rtentry$$00000000  c_p.l(__rtentry.o)
    0x08000144   0x08000144   0x00000000   Code   RO         1082    .ARM.Collect$$rtentry$$00000002  c_p.l(__rtentry2.o)
    0x08000144   0x08000144   0x00000006   Code   RO         1094    .ARM.Collect$$rtentry$$00000004  c_p.l(__rtentry4.o)
    0x0800014a   0x0800014a   0x00000000   Code   RO         1084    .ARM.Collect$$rtentry$$00000009  c_p.l(__rtentry2.o)
    0x0800014a   0x0800014a   0x00000004   Code   RO         1085    .ARM.Collect$$rtentry$$0000000A  c_p.l(__rtentry2.o)
    0x0800014e   0x0800014e   0x00000000   Code   RO         1087    .ARM.Collect$$rtentry$$0000000C  c_p.l(__rtentry2.o)
    0x0800014e   0x0800014e   0x00000008   Code   RO         1088    .ARM.Collect$$rtentry$$0000000D  c_p.l(__rtentry2.o)
    0x08000156   0x08000156   0x00000002   Code   RO         1117    .ARM.Collect$$rtexit$$00000000  c_p.l(rtexit.o)
    0x08000158   0x08000158   0x00000000   Code   RO         1173    .ARM.Collect$$rtexit$$00000002  c_p.l(rtexit2.o)
    0x08000158   0x08000158   0x00000004   Code   RO         1174    .ARM.Collect$$rtexit$$00000003  c_p.l(rtexit2.o)
    0x0800015c   0x0800015c   0x00000006   Code   RO         1175    .ARM.Collect$$rtexit$$00000004  c_p.l(rtexit2.o)
    0x08000162   0x08000162   0x00000002   PAD
    0x08000164   0x08000164   0x00000024   Code   RO           76    .emb_text           display.o
    0x08000188   0x08000188   0x00000004   Code   RO          472    .rev16_text         lcd.o
    0x0800018c   0x0800018c   0x00000016   Code   RO          966    .text               adc_1.o
    0x080001a2   0x080001a2   0x00000002   PAD
    0x080001a4   0x080001a4   0x00000074   Code   RO          972    .text               startup_stm32f0xx.o
    0x08000218   0x08000218   0x00000102   Code   RO         1062    .text               c_p.l(lludiv.o)
    0x0800031a   0x0800031a   0x0000015a   Code   RO         1064    .text               c_p.l(aeabi_sdiv.o)
    0x08000474   0x08000474   0x00000006   Code   RO         1068    .text               c_p.l(heapauxi.o)
    0x0800047a   0x0800047a   0x0000003e   Code   RO         1098    .text               c_p.l(sys_stackheap_outer.o)
    0x080004b8   0x080004b8   0x00000010   Code   RO         1101    .text               c_p.l(exit.o)
    0x080004c8   0x080004c8   0x00000008   Code   RO         1113    .text               c_p.l(libspace.o)
    0x080004d0   0x080004d0   0x0000000c   Code   RO         1170    .text               c_p.l(sys_exit.o)
    0x080004dc   0x080004dc   0x00000002   Code   RO         1189    .text               c_p.l(use_no_semi.o)
    0x080004de   0x080004de   0x00000000   Code   RO         1191    .text               c_p.l(indicate_semi.o)
    0x080004de   0x080004de   0x00000002   PAD
    0x080004e0   0x080004e0   0x00000150   Code   RO          927    i.ADC_DMA_Init      adc.o
    0x08000630   0x08000630   0x000000a8   Code   RO          928    i.ADC_Data_Service  adc.o
    0x080006d8   0x080006d8   0x00000010   Code   RO          929    i.ADC_Tick_Service  adc.o
    0x080006e8   0x080006e8   0x00000058   Code   RO          284    i.CtrlP0I0_Microwave_Source_Enable  control.o
    0x08000740   0x08000740   0x0000005c   Code   RO          285    i.CtrlP0I1_Microwave_Source_Power  control.o
    0x0800079c   0x0800079c   0x000000b8   Code   RO          286    i.CtrlP0I2_Microwave_Source_Frequency  control.o
    0x08000854   0x08000854   0x00000058   Code   RO          287    i.CtrlP0I3_PLL_Enable  control.o
    0x080008ac   0x080008ac   0x000000b4   Code   RO          288    i.CtrlP0I4_PLL_Frequency  control.o
    0x08000960   0x08000960   0x00000018   Code   RO          289    i.CtrlP0I5_PLL_Mul  control.o
    0x08000978   0x08000978   0x00000018   Code   RO          290    i.CtrlP0I6_PLL_Div  control.o
    0x08000990   0x08000990   0x00000064   Code   RO          291    i.CtrlP0I7_Debug_DAC  control.o
    0x080009f4   0x080009f4   0x0000000e   Code   RO          292    i.CtrlP1I0_Gain     control.o
    0x08000a02   0x08000a02   0x0000000e   Code   RO          293    i.CtrlP1I1_Gain     control.o
    0x08000a10   0x08000a10   0x0000000e   Code   RO          294    i.CtrlP1I2_Gain     control.o
    0x08000a1e   0x08000a1e   0x0000000e   Code   RO          295    i.CtrlP1I3_Gain     control.o
    0x08000a2c   0x08000a2c   0x0000000e   Code   RO          296    i.CtrlP1I4_Positive_Limit  control.o
    0x08000a3a   0x08000a3a   0x0000000e   Code   RO          297    i.CtrlP1I5_Negative_Limit  control.o
    0x08000a48   0x08000a48   0x000000ac   Code   RO          298    i.CtrlP1I6_Phase_Threshold  control.o
    0x08000af4   0x08000af4   0x000000ac   Code   RO          299    i.CtrlP1I7_Amplitude  control.o
    0x08000ba0   0x08000ba0   0x000000ac   Code   RO          300    i.CtrlP1I8_Frequency  control.o
    0x08000c4c   0x08000c4c   0x0000007c   Code   RO          301    i.Ctrl_Data_Init    control.o
    0x08000cc8   0x08000cc8   0x00000040   Code   RO          302    i.Ctrl_Dispaly_Refresh_Show_Status  control.o
    0x08000d08   0x08000d08   0x00000010   Code   RO          303    i.Ctrl_Dispaly_Refresh_Timer_Service  control.o
    0x08000d18   0x08000d18   0x00000338   Code   RO          304    i.Ctrl_KEY_Response_Service  control.o
    0x08001050   0x08001050   0x0000004c   Code   RO           77    i.Display_U32toDec  display.o
    0x0800109c   0x0800109c   0x00000048   Code   RO           78    i.Display_UI_Blink_Show  display.o
    0x080010e4   0x080010e4   0x00000064   Code   RO           79    i.Display_UI_Blink_Show_Register  display.o
    0x08001148   0x08001148   0x00000024   Code   RO           80    i.Display_UI_Blink_Show_Stop  display.o
    0x0800116c   0x0800116c   0x0000004c   Code   RO           81    i.Display_UI_Blink_Show_Update  display.o
    0x080011b8   0x080011b8   0x0000000c   Code   RO           82    i.Display_UI_Get_Status  display.o
    0x080011c4   0x080011c4   0x000000a0   Code   RO           83    i.Display_UI_Init   display.o
    0x08001264   0x08001264   0x0000007c   Code   RO           84    i.Display_UI_Microwave_Source_Freq  display.o
    0x080012e0   0x080012e0   0x000000e8   Code   RO           85    i.Display_UI_Microwave_Source_Init  display.o
    0x080013c8   0x080013c8   0x00000048   Code   RO           86    i.Display_UI_Microwave_Source_Power  display.o
    0x08001410   0x08001410   0x00000040   Code   RO           87    i.Display_UI_Microwave_Source_Refresh_Status  display.o
    0x08001450   0x08001450   0x00000058   Code   RO           88    i.Display_UI_Microwave_Source_Status  display.o
    0x080014a8   0x080014a8   0x00000064   Code   RO           89    i.Display_UI_PLL_Enable  display.o
    0x0800150c   0x0800150c   0x00000174   Code   RO           90    i.Display_UI_PLL_Main_Page_Init  display.o
    0x08001680   0x08001680   0x000001c4   Code   RO           91    i.Display_UI_PLL_Refresh_Status  display.o
    0x08001844   0x08001844   0x00000128   Code   RO           92    i.Display_UI_PLL_Vice_Page_Init  display.o
    0x0800196c   0x0800196c   0x0000014c   Code   RO           93    i.Display_UI_Show_Amplitude_Freq_Threshold  display.o
    0x08001ab8   0x08001ab8   0x00000050   Code   RO           94    i.Display_UI_Show_Debug_DAC_Preset  display.o
    0x08001b08   0x08001b08   0x00000030   Code   RO           95    i.Display_UI_Show_PLL_Gain  display.o
    0x08001b38   0x08001b38   0x0000005c   Code   RO           96    i.Display_UI_Show_PLL_Limit  display.o
    0x08001b94   0x08001b94   0x00000044   Code   RO           97    i.Display_UI_Show_PLL_Mux_Div_Index  display.o
    0x08001bd8   0x08001bd8   0x000000bc   Code   RO           98    i.Display_UI_Show_PLL_Set_Freq  display.o
    0x08001c94   0x08001c94   0x00000028   Code   RO           99    i.Display_UI_Show_Phase_Threshold  display.o
    0x08001cbc   0x08001cbc   0x000000d0   Code   RO          100    i.Display_UI_Show_Service  display.o
    0x08001d8c   0x08001d8c   0x00000020   Code   RO          101    i.Display_UI_Timer_Service  display.o
    0x08001dac   0x08001dac   0x00000130   Code   RO          675    i.ENCODER_KEY_Init  encoder.o
    0x08001edc   0x08001edc   0x0000010c   Code   RO          676    i.ENCODER_KEY_Service  encoder.o
    0x08001fe8   0x08001fe8   0x00000004   Code   RO          978    i.HardFault_Handler  stm32f0xx_it.o
    0x08001fec   0x08001fec   0x000000c4   Code   RO          709    i.IIC1_Init         iic.o
    0x080020b0   0x080020b0   0x000000dc   Code   RO          710    i.IIC_Bus_Recover   iic.o
    0x0800218c   0x0800218c   0x00000030   Code   RO          711    i.IIC_Check_Slave   iic.o
    0x080021bc   0x080021bc   0x00000010   Code   RO          712    i.IIC_Clear_Status  iic.o
    0x080021cc   0x080021cc   0x000000c0   Code   RO          713    i.IIC_Read          iic.o
    0x0800228c   0x0800228c   0x00000080   Code   RO          714    i.IIC_Wait          iic.o
    0x0800230c   0x0800230c   0x00000012   Code   RO          715    i.IIC_Wait_Stop     iic.o
    0x0800231e   0x0800231e   0x00000002   PAD
    0x08002320   0x08002320   0x00000084   Code   RO          716    i.IIC_Write         iic.o
    0x080023a4   0x080023a4   0x00000074   Code   RO          474    i.LCD_16ShowString_hanzi  lcd.o
    0x08002418   0x08002418   0x000000c0   Code   RO          475    i.LCD_BK_PWM_Init   lcd.o
    0x080024d8   0x080024d8   0x0000006c   Code   RO          476    i.LCD_Clear         lcd.o
    0x08002544   0x08002544   0x000000e4   Code   RO          479    i.LCD_HW_Init       lcd.o
    0x08002628   0x08002628   0x00000074   Code   RO          480    i.LCD_Init          lcd.o
    0x0800269c   0x0800269c   0x000000c0   Code   RO          481    i.LCD_SHOW_ASCII_0806  lcd.o
    0x0800275c   0x0800275c   0x000000d0   Code   RO          482    i.LCD_SHOW_ASCII_1608  lcd.o
    0x0800282c   0x0800282c   0x000000c0   Code   RO          483    i.LCD_SHOW_HANZI    lcd.o
    0x080028ec   0x080028ec   0x000000e0   Code   RO          484    i.LCD_SHOW_Icon_1612  lcd.o
    0x080029cc   0x080029cc   0x00000014   Code   RO          485    i.LCD_Set_BK_PWM    lcd.o
    0x080029e0   0x080029e0   0x000000a4   Code   RO          487    i.LCD_Set_Cursor_Fast  lcd.o
    0x08002a84   0x08002a84   0x000000a8   Code   RO          488    i.LCD_Set_Windows   lcd.o
    0x08002b2c   0x08002b2c   0x00000090   Code   RO          490    i.LCD_Show_Buaa_Logo  lcd.o
    0x08002bbc   0x08002bbc   0x00000088   Code   RO          491    i.LCD_Show_Square   lcd.o
    0x08002c44   0x08002c44   0x00000034   Code   RO          492    i.LCD_WR_DATA       lcd.o
    0x08002c78   0x08002c78   0x00000030   Code   RO          494    i.LCD_WR_REG        lcd.o
    0x08002ca8   0x08002ca8   0x0000000a   Code   RO          495    i.LCD_WriteRAM_Prepare  lcd.o
    0x08002cb2   0x08002cb2   0x00000002   Code   RO          979    i.NMI_Handler       stm32f0xx_it.o
    0x08002cb4   0x08002cb4   0x00000078   Code   RO          637    i.NVIC_SetPriority  tim16.o
    0x08002d2c   0x08002d2c   0x00000002   Code   RO          980    i.PendSV_Handler    stm32f0xx_it.o
    0x08002d2e   0x08002d2e   0x0000002c   Code   RO          771    i.STM8Slave_Command  stm8slave.o
    0x08002d5a   0x08002d5a   0x0000000c   Code   RO          772    i.STM8Slave_Init    stm8slave.o
    0x08002d66   0x08002d66   0x0000000c   Code   RO          773    i.STM8Slave_MAX2871_OFF_CMD  stm8slave.o
    0x08002d72   0x08002d72   0x0000000c   Code   RO          774    i.STM8Slave_MAX2871_ON_CMD  stm8slave.o
    0x08002d7e   0x08002d7e   0x0000000c   Code   RO          775    i.STM8Slave_PLL_OFF_CMD  stm8slave.o
    0x08002d8a   0x08002d8a   0x0000000c   Code   RO          776    i.STM8Slave_PLL_ON_CMD  stm8slave.o
    0x08002d96   0x08002d96   0x00000002   PAD
    0x08002d98   0x08002d98   0x0000003c   Code   RO          777    i.STM8Slave_Wait_Busy  stm8slave.o
    0x08002dd4   0x08002dd4   0x00000074   Code   RO          778    i.STM8Slave_Write_Verified  stm8slave.o
    0x08002e48   0x08002e48   0x0000000c   Code   RO          779    i.STM8_Bank_Get_S32  stm8slave.o
    0x08002e54   0x08002e54   0x00000018   Code   RO          780    i.STM8_Bank_Get_U16  stm8slave.o
    0x08002e6c   0x08002e6c   0x00000028   Code   RO          781    i.STM8_Bank_Get_U32  stm8slave.o
    0x08002e94   0x08002e94   0x00000014   Code   RO          782    i.STM8_Bank_Put_U16  stm8slave.o
    0x08002ea8   0x08002ea8   0x00000024   Code   RO          783    i.STM8_Bank_Put_U32  stm8slave.o
    0x08002ecc   0x08002ecc   0x00000038   Code   RO          784    i.STM8_Slave_EEPROM_Write_Service  stm8slave.o
    0x08002f04   0x08002f04   0x0000000c   Code   RO          785    i.STM8_Slave_EEPROM_Write_Trigger  stm8slave.o
    0x08002f10   0x08002f10   0x0000002c   Code   RO          786    i.STM8_Slave_EEPROM_Writer_Time_Service  stm8slave.o
    0x08002f3c   0x08002f3c   0x0000000c   Code   RO          787    i.STM8_Slave_Get_Link_State  stm8slave.o
    0x08002f48   0x08002f48   0x00000190   Code   RO          788    i.STM8_Slave_Read_Status  stm8slave.o
    0x080030d8   0x080030d8   0x00000012   Code   RO          789    i.STM8_Slave_Reset_Frequency_Meter  stm8slave.o
    0x080030ea   0x080030ea   0x00000002   PAD
    0x080030ec   0x080030ec   0x00000064   Code   RO          790    i.STM8_Slave_Send_PLL_Cfg  stm8slave.o
    0x08003150   0x08003150   0x00000034   Code   RO          791    i.STM8_Slave_Set_Debug_DAC_Preset  stm8slave.o
    0x08003184   0x08003184   0x0000002c   Code   RO          792    i.STM8_Slave_Set_MAX2871_Freq_Power  stm8slave.o
    0x080031b0   0x080031b0   0x00000024   Code   RO          793    i.STM8_Slave_Wait_Status  stm8slave.o
    0x080031d4   0x080031d4   0x00000002   Code   RO          981    i.SVC_Handler       stm32f0xx_it.o
    0x080031d6   0x080031d6   0x00000002   PAD
    0x080031d8   0x080031d8   0x00000080   Code   RO         1025    i.SetSysClock       system_stm32f0xx.o
    0x08003258   0x08003258   0x00000002   Code   RO          982    i.SysTick_Handler   stm32f0xx_it.o
    0x0800325a   0x0800325a   0x00000002   PAD
    0x0800325c   0x0800325c   0x0000007c   Code   RO         1027    i.SystemInit        system_stm32f0xx.o
    0x080032d8   0x080032d8   0x0000002c   Code   RO          638    i.TIM16_IRQHandler  tim16.o
    0x08003304   0x08003304   0x00000064   Code   RO          639    i.TIM16_Init        tim16.o
    0x08003368   0x08003368   0x00000030   Code   RO          958    i.__ARM_common_ll_muluu  adc.o
    0x08003398   0x08003398   0x000000b8   Code   RO          305    i.adjust_gain       control.o
    0x08003450   0x08003450   0x000000d4   Code   RO          306    i.adjust_limit      control.o
    0x08003524   0x08003524   0x000000d4   Code   RO          307    i.adjust_mul_div    control.o
    0x080035f8   0x080035f8   0x00000024   Code   RO          308    i.apply_pll_change  control.o
    0x0800361c   0x0800361c   0x00000044   Code   RO          440    i.delay_init        delay.o
    0x08003660   0x08003660   0x00000054   Code   RO          441    i.delay_ms          delay.o
    0x080036b4   0x080036b4   0x00000054   Code   RO          442    i.delay_us          delay.o
    0x08003708   0x08003708   0x00000026   Code   RO          102    i.display_digit_blink  display.o
    0x0800372e   0x0800372e   0x00000002   PAD
    0x08003730   0x08003730   0x000000cc   Code   RO          103    i.display_dpll_output_frequency  display.o
    0x080037fc   0x080037fc   0x00000138   Code   RO          104    i.display_fast_meter  display.o
    0x08003934   0x08003934   0x0000007c   Code   RO          105    i.display_loop_state  display.o
    0x080039b0   0x080039b0   0x0000014c   Code   RO          106    i.display_phase     display.o
    0x08003afc   0x08003afc   0x0000006c   Code   RO          107    i.display_signed_integer  display.o
    0x08003b68   0x08003b68   0x0000007c   Code   RO          108    i.display_unsigned  display.o
    0x08003be4   0x08003be4   0x00000170   Code   RO          109    i.format_phase      display.o
    0x08003d54   0x08003d54   0x00000012   Code   RO          309    i.is_add            control.o
    0x08003d66   0x08003d66   0x00000012   Code   RO          310    i.is_sub            control.o
    0x08003d78   0x08003d78   0x00000048   Code   RO            3    i.main              main.o
    0x08003dc0   0x08003dc0   0x00000012   Data   RO          111    .constdata          display.o
    0x08003dd2   0x08003dd2   0x00000002   PAD
    0x08003dd4   0x08003dd4   0x00000020   Data   RO          311    .constdata          control.o
    0x08003df4   0x08003df4   0x00001748   Data   RO          497    .constdata          lcd.o
    0x0800553c   0x0800553c   0x0000000a   Data   RO          678    .constdata          encoder.o
    0x08005546   0x08005546   0x00000002   PAD
    0x08005548   0x08005548   0x00000020   Data   RO         1243    Region$$Table       anon$$obj.o


    Execution Region RW_IRAM1 (Exec base: 0x20000000, Load base: 0x08005568, Size: 0x00000880, Max: 0x00001000, ABSOLUTE)

    Exec Addr    Load Addr    Size         Type   Attr      Idx    E Section Name        Object

    0x20000000   0x08005568   0x00000001   Data   RW          112    .data               display.o
    0x20000001   0x08005569   0x00000003   PAD
    0x20000004   0x0800556c   0x00000058   Data   RW          312    .data               control.o
    0x2000005c   0x080055c4   0x00000004   Data   RW          443    .data               delay.o
    0x20000060   0x080055c8   0x00000002   Data   RW          498    .data               lcd.o
    0x20000062   0x080055ca   0x00000002   PAD
    0x20000064   0x080055cc   0x00000018   Data   RW          679    .data               encoder.o
    0x2000007c   0x080055e4   0x00000003   Data   RW          795    .data               stm8slave.o
    0x2000007f   0x080055e7   0x00000001   PAD
    0x20000080   0x080055e8   0x00000021   Data   RW          931    .data               adc.o
    0x200000a1   0x08005609   0x00000003   PAD
    0x200000a4   0x0800560c   0x00000014   Data   RW         1028    .data               system_stm32f0xx.o
    0x200000b8        -       0x0000001e   Zero   RW          110    .bss                display.o
    0x200000d6        -       0x0000000a   Zero   RW          677    .bss                encoder.o
    0x200000e0        -       0x000000c0   Zero   RW          794    .bss                stm8slave.o
    0x200001a0        -       0x00000080   Zero   RW          930    .bss                adc.o
    0x20000220        -       0x00000060   Zero   RW         1114    .bss                c_p.l(libspace.o)
    0x20000280        -       0x00000200   Zero   RW          970    HEAP                startup_stm32f0xx.o
    0x20000480        -       0x00000400   Zero   RW          969    STACK               startup_stm32f0xx.o


==============================================================================

Image component sizes


      Code (inc. data)   RO Data    RW Data    ZI Data      Debug   Object Name

       568        122          0         33        128       2734   adc.o
        22          0          0          0          0        264   adc_1.o
      3088        234         32         88          0      15909   control.o
       236         40          0          4          0       1695   delay.o
      5066        540         18          1         30      22798   display.o
       572         62         10         24         10       2045   encoder.o
       950         76          0          0          0       6044   iic.o
      2322        198       5960          2          0      12971   lcd.o
        72          0          0          0          0     162631   main.o
       116         56        192          0       1536        648   startup_stm32f0xx.o
        12          0          0          0          0       2079   stm32f0xx_it.o
      1186         88          0          3        192      13976   stm8slave.o
       252         24          0         20          0       1545   system_stm32f0xx.o
       264         36          0          0          0       7148   tim16.o

    ----------------------------------------------------------------------
     14740       1476       6248        184       1896     252487   Object Totals
         0          0         32          0          0          0   (incl. Generated)
        14          0          4          9          0          0   (incl. Padding)

    ----------------------------------------------------------------------

      Code (inc. data)   RO Data    RW Data    ZI Data      Debug   Library Member Name

         8          0          0          0          0         68   __main.o
         0          0          0          0          0          0   __rtentry.o
        12          0          0          0          0          0   __rtentry2.o
         6          0          0          0          0          0   __rtentry4.o
        60          8          0          0          0          0   __scatter.o
        26          0          0          0          0          0   __scatter_copy.o
        28          0          0          0          0          0   __scatter_zi.o
       346          0          0          0          0         92   aeabi_sdiv.o
        16          0          0          0          0         68   exit.o
         6          0          0          0          0        136   heapauxi.o
         0          0          0          0          0          0   indicate_semi.o
         2          0          0          0          0          0   libinit.o
         2          0          0          0          0          0   libinit2.o
         2          0          0          0          0          0   libshutdown.o
         2          0          0          0          0          0   libshutdown2.o
         8          4          0          0         96         68   libspace.o
       258          0          0          0          0         88   lludiv.o
         2          0          0          0          0          0   rtexit.o
        10          0          0          0          0          0   rtexit2.o
        12          4          0          0          0         60   sys_exit.o
        62          0          0          0          0         80   sys_stackheap_outer.o
         2          0          0          0          0         68   use_no_semi.o

    ----------------------------------------------------------------------
       876         16          0          0         96        728   Library Totals
         6          0          0          0          0          0   (incl. Padding)

    ----------------------------------------------------------------------

      Code (inc. data)   RO Data    RW Data    ZI Data      Debug   Library Name

       870         16          0          0         96        728   c_p.l

    ----------------------------------------------------------------------
       876         16          0          0         96        728   Library Totals

    ----------------------------------------------------------------------

==============================================================================


      Code (inc. data)   RO Data    RW Data    ZI Data      Debug   

     15616       1492       6248        184       1992     247467   Grand Totals
     15616       1492       6248        184       1992     247467   ELF Image Totals
     15616       1492       6248        184          0          0   ROM Totals

==============================================================================

    Total RO  Size (Code + RO Data)                21864 (  21.35kB)
    Total RW  Size (RW Data + ZI Data)              2176 (   2.13kB)
    Total ROM Size (Code + RO Data + RW Data)      22048 (  21.53kB)

==============================================================================

