Copyright 1986-2018 Xilinx, Inc. All Rights Reserved.
---------------------------------------------------------------------------------------------------------
| Tool Version : Vivado v.2018.3 (win64) Build 2405991 Thu Dec  6 23:38:27 MST 2018
| Date         : Mon Jul 20 21:17:51 2026
| Host         : DESKTOP-MRF396F running 64-bit major release  (build 9200)
| Command      : report_drc -file E:/JiangSiyi/FPGA/DPLL_Low_Freq_Track/reports/vivado_full_impl/drc.rpt
| Design       : red_pitaya_top
| Device       : xc7z010clg400-1
| Speed File   : -1
| Design State : Fully Routed
---------------------------------------------------------------------------------------------------------

Report DRC

Table of Contents
-----------------
1. REPORT SUMMARY
2. REPORT DETAILS

1. REPORT SUMMARY
-----------------
            Netlist: netlist
          Floorplan: impl_1
      Design limits: <entire design considered>
           Ruledeck: default
             Max violations: <unlimited>
             Violations found: 47
+---------+----------+-------------------------------------------------------------------+------------+
| Rule    | Severity | Description                                                       | Violations |
+---------+----------+-------------------------------------------------------------------+------------+
| BUFC-1  | Warning  | Input Buffer Connections                                          | 16         |
| DPIP-1  | Warning  | Input pipelining                                                  | 10         |
| DPOP-1  | Warning  | PREG Output pipelining                                            | 1          |
| DPOP-2  | Warning  | MREG Output pipelining                                            | 10         |
| AVAL-4  | Advisory | enum_USE_DPORT_FALSE_enum_DREG_ADREG_0_connects_CED_CEAD_RSTD_GND | 3          |
| AVAL-5  | Advisory | enum_USE_MULT_NONE_enum_DREG_ADREG_0_connects_CED_CEAD_RSTD_GND   | 3          |
| REQP-28 | Advisory | enum_USE_MULT_NONE_connects_CEM_GND                               | 2          |
| REQP-30 | Advisory | enum_MREG_0_connects_CEM_GND                                      | 2          |
+---------+----------+-------------------------------------------------------------------+------------+

2. REPORT DETAILS
-----------------
BUFC-1#1 Warning
Input Buffer Connections  
Input buffer i_iobufn[0]/IBUF (in i_iobufn[0] macro) has no loads. It is recommended to have an input buffer drive an internal load.
Related violations: <none>

BUFC-1#2 Warning
Input Buffer Connections  
Input buffer i_iobufn[1]/IBUF (in i_iobufn[1] macro) has no loads. It is recommended to have an input buffer drive an internal load.
Related violations: <none>

BUFC-1#3 Warning
Input Buffer Connections  
Input buffer i_iobufn[2]/IBUF (in i_iobufn[2] macro) has no loads. It is recommended to have an input buffer drive an internal load.
Related violations: <none>

BUFC-1#4 Warning
Input Buffer Connections  
Input buffer i_iobufn[3]/IBUF (in i_iobufn[3] macro) has no loads. It is recommended to have an input buffer drive an internal load.
Related violations: <none>

BUFC-1#5 Warning
Input Buffer Connections  
Input buffer i_iobufn[4]/IBUF (in i_iobufn[4] macro) has no loads. It is recommended to have an input buffer drive an internal load.
Related violations: <none>

BUFC-1#6 Warning
Input Buffer Connections  
Input buffer i_iobufn[5]/IBUF (in i_iobufn[5] macro) has no loads. It is recommended to have an input buffer drive an internal load.
Related violations: <none>

BUFC-1#7 Warning
Input Buffer Connections  
Input buffer i_iobufn[6]/IBUF (in i_iobufn[6] macro) has no loads. It is recommended to have an input buffer drive an internal load.
Related violations: <none>

BUFC-1#8 Warning
Input Buffer Connections  
Input buffer i_iobufn[7]/IBUF (in i_iobufn[7] macro) has no loads. It is recommended to have an input buffer drive an internal load.
Related violations: <none>

BUFC-1#9 Warning
Input Buffer Connections  
Input buffer i_iobufp[0]/IBUF (in i_iobufp[0] macro) has no loads. It is recommended to have an input buffer drive an internal load.
Related violations: <none>

BUFC-1#10 Warning
Input Buffer Connections  
Input buffer i_iobufp[1]/IBUF (in i_iobufp[1] macro) has no loads. It is recommended to have an input buffer drive an internal load.
Related violations: <none>

BUFC-1#11 Warning
Input Buffer Connections  
Input buffer i_iobufp[2]/IBUF (in i_iobufp[2] macro) has no loads. It is recommended to have an input buffer drive an internal load.
Related violations: <none>

BUFC-1#12 Warning
Input Buffer Connections  
Input buffer i_iobufp[3]/IBUF (in i_iobufp[3] macro) has no loads. It is recommended to have an input buffer drive an internal load.
Related violations: <none>

BUFC-1#13 Warning
Input Buffer Connections  
Input buffer i_iobufp[4]/IBUF (in i_iobufp[4] macro) has no loads. It is recommended to have an input buffer drive an internal load.
Related violations: <none>

BUFC-1#14 Warning
Input Buffer Connections  
Input buffer i_iobufp[5]/IBUF (in i_iobufp[5] macro) has no loads. It is recommended to have an input buffer drive an internal load.
Related violations: <none>

BUFC-1#15 Warning
Input Buffer Connections  
Input buffer i_iobufp[6]/IBUF (in i_iobufp[6] macro) has no loads. It is recommended to have an input buffer drive an internal load.
Related violations: <none>

BUFC-1#16 Warning
Input Buffer Connections  
Input buffer i_iobufp[7]/IBUF (in i_iobufp[7] macro) has no loads. It is recommended to have an input buffer drive an internal load.
Related violations: <none>

DPIP-1#1 Warning
Input pipelining  
DSP Digital_Freq_Meter_inst/DDC1_inst/input_multiplier_I/U0/i_mult/gDSP.gDSP_only.iDSP/inferred_dsp.reg_mult.m_reg_reg input Digital_Freq_Meter_inst/DDC1_inst/input_multiplier_I/U0/i_mult/gDSP.gDSP_only.iDSP/inferred_dsp.reg_mult.m_reg_reg/A[29:0] is not pipelined. Pipelining DSP48 input will improve performance.
Related violations: <none>

DPIP-1#2 Warning
Input pipelining  
DSP Digital_Freq_Meter_inst/DDC1_inst/input_multiplier_I/U0/i_mult/gDSP.gDSP_only.iDSP/inferred_dsp.reg_mult.m_reg_reg input Digital_Freq_Meter_inst/DDC1_inst/input_multiplier_I/U0/i_mult/gDSP.gDSP_only.iDSP/inferred_dsp.reg_mult.m_reg_reg/B[17:0] is not pipelined. Pipelining DSP48 input will improve performance.
Related violations: <none>

DPIP-1#3 Warning
Input pipelining  
DSP Digital_Freq_Meter_inst/DDC1_inst/input_multiplier_Q/U0/i_mult/gDSP.gDSP_only.iDSP/inferred_dsp.reg_mult.m_reg_reg input Digital_Freq_Meter_inst/DDC1_inst/input_multiplier_Q/U0/i_mult/gDSP.gDSP_only.iDSP/inferred_dsp.reg_mult.m_reg_reg/A[29:0] is not pipelined. Pipelining DSP48 input will improve performance.
Related violations: <none>

DPIP-1#4 Warning
Input pipelining  
DSP Digital_Freq_Meter_inst/DDC1_inst/input_multiplier_Q/U0/i_mult/gDSP.gDSP_only.iDSP/inferred_dsp.reg_mult.m_reg_reg input Digital_Freq_Meter_inst/DDC1_inst/input_multiplier_Q/U0/i_mult/gDSP.gDSP_only.iDSP/inferred_dsp.reg_mult.m_reg_reg/B[17:0] is not pipelined. Pipelining DSP48 input will improve performance.
Related violations: <none>

DPIP-1#5 Warning
Input pipelining  
DSP Digital_Freq_Meter_inst/PLL0_loop_filters/IIR_LPF_inst/data_out_wide_reg input Digital_Freq_Meter_inst/PLL0_loop_filters/IIR_LPF_inst/data_out_wide_reg/B[17:0] is not pipelined. Pipelining DSP48 input will improve performance.
Related violations: <none>

DPIP-1#6 Warning
Input pipelining  
DSP dpll_wrapper_inst/VCO_inst0/ARG input dpll_wrapper_inst/VCO_inst0/ARG/A[29:0] is not pipelined. Pipelining DSP48 input will improve performance.
Related violations: <none>

DPIP-1#7 Warning
Input pipelining  
DSP dpll_wrapper_inst/VCO_inst0/ARG input dpll_wrapper_inst/VCO_inst0/ARG/B[17:0] is not pipelined. Pipelining DSP48 input will improve performance.
Related violations: <none>

DPIP-1#8 Warning
Input pipelining  
DSP dpll_wrapper_inst/dpll_single_clock_core_stage_a_inst/fll_cross_dot_inst/cross_mul_product_r_reg input dpll_wrapper_inst/dpll_single_clock_core_stage_a_inst/fll_cross_dot_inst/cross_mul_product_r_reg/C[47:0] is not pipelined. Pipelining DSP48 input will improve performance.
Related violations: <none>

DPIP-1#9 Warning
Input pipelining  
DSP dpll_wrapper_inst/dpll_single_clock_core_stage_a_inst/fll_cross_dot_inst/dot_mul_product_r_reg input dpll_wrapper_inst/dpll_single_clock_core_stage_a_inst/fll_cross_dot_inst/dot_mul_product_r_reg/C[47:0] is not pipelined. Pipelining DSP48 input will improve performance.
Related violations: <none>

DPIP-1#10 Warning
Input pipelining  
DSP dpll_wrapper_inst/dpll_single_clock_core_stage_a_inst/hybrid_loop_inst/fll_product_r_reg input dpll_wrapper_inst/dpll_single_clock_core_stage_a_inst/hybrid_loop_inst/fll_product_r_reg/C[47:0] is not pipelined. Pipelining DSP48 input will improve performance.
Related violations: <none>

DPOP-1#1 Warning
PREG Output pipelining  
DSP dpll_wrapper_inst/debug_dac_formatter_inst/product_r30 output dpll_wrapper_inst/debug_dac_formatter_inst/product_r30/P[47:0] is not pipelined (PREG=0). Pipelining the DSP48 output will improve performance and often saves power so it is suggested whenever possible to fully pipeline this function.  If this DSP48 function was inferred, it is suggested to describe an additional register stage after this function.  If the DSP48 was instantiated in the design, it is suggested to set the PREG attribute to 1.
Related violations: <none>

DPOP-2#1 Warning
MREG Output pipelining  
DSP Digital_Freq_Meter_inst/DDC1_inst/input_multiplier_I/U0/i_mult/gDSP.gDSP_only.iDSP/inferred_dsp.reg_mult.m_reg_reg multiplier stage Digital_Freq_Meter_inst/DDC1_inst/input_multiplier_I/U0/i_mult/gDSP.gDSP_only.iDSP/inferred_dsp.reg_mult.m_reg_reg/P[47:0] is not pipelined (MREG=0). Pipelining the multiplier function will improve performance and will save significant power so it is suggested whenever possible to fully pipeline this function.  If this multiplier was inferred, it is suggested to describe an additional register stage after this function.  If there is no registered adder/accumulator following the multiply function, two pipeline stages are suggested to allow both the MREG and PREG registers to be used.  If the DSP48 was instantiated in the design, it is suggested to set both the MREG and PREG attributes to 1 when performing multiply functions.
Related violations: <none>

DPOP-2#2 Warning
MREG Output pipelining  
DSP Digital_Freq_Meter_inst/DDC1_inst/input_multiplier_Q/U0/i_mult/gDSP.gDSP_only.iDSP/inferred_dsp.reg_mult.m_reg_reg multiplier stage Digital_Freq_Meter_inst/DDC1_inst/input_multiplier_Q/U0/i_mult/gDSP.gDSP_only.iDSP/inferred_dsp.reg_mult.m_reg_reg/P[47:0] is not pipelined (MREG=0). Pipelining the multiplier function will improve performance and will save significant power so it is suggested whenever possible to fully pipeline this function.  If this multiplier was inferred, it is suggested to describe an additional register stage after this function.  If there is no registered adder/accumulator following the multiply function, two pipeline stages are suggested to allow both the MREG and PREG registers to be used.  If the DSP48 was instantiated in the design, it is suggested to set both the MREG and PREG attributes to 1 when performing multiply functions.
Related violations: <none>

DPOP-2#3 Warning
MREG Output pipelining  
DSP Digital_Freq_Meter_inst/PLL0_loop_filters/IIR_LPF_inst/data_out_wide_reg multiplier stage Digital_Freq_Meter_inst/PLL0_loop_filters/IIR_LPF_inst/data_out_wide_reg/P[47:0] is not pipelined (MREG=0). Pipelining the multiplier function will improve performance and will save significant power so it is suggested whenever possible to fully pipeline this function.  If this multiplier was inferred, it is suggested to describe an additional register stage after this function.  If there is no registered adder/accumulator following the multiply function, two pipeline stages are suggested to allow both the MREG and PREG registers to be used.  If the DSP48 was instantiated in the design, it is suggested to set both the MREG and PREG attributes to 1 when performing multiply functions.
Related violations: <none>

DPOP-2#4 Warning
MREG Output pipelining  
DSP dpll_wrapper_inst/debug_dac_formatter_inst/product_r30 multiplier stage dpll_wrapper_inst/debug_dac_formatter_inst/product_r30/P[47:0] is not pipelined (MREG=0). Pipelining the multiplier function will improve performance and will save significant power so it is suggested whenever possible to fully pipeline this function.  If this multiplier was inferred, it is suggested to describe an additional register stage after this function.  If there is no registered adder/accumulator following the multiply function, two pipeline stages are suggested to allow both the MREG and PREG registers to be used.  If the DSP48 was instantiated in the design, it is suggested to set both the MREG and PREG attributes to 1 when performing multiply functions.
Related violations: <none>

DPOP-2#5 Warning
MREG Output pipelining  
DSP dpll_wrapper_inst/debug_dac_formatter_inst/product_r3_reg__0 multiplier stage dpll_wrapper_inst/debug_dac_formatter_inst/product_r3_reg__0/P[47:0] is not pipelined (MREG=0). Pipelining the multiplier function will improve performance and will save significant power so it is suggested whenever possible to fully pipeline this function.  If this multiplier was inferred, it is suggested to describe an additional register stage after this function.  If there is no registered adder/accumulator following the multiply function, two pipeline stages are suggested to allow both the MREG and PREG registers to be used.  If the DSP48 was instantiated in the design, it is suggested to set both the MREG and PREG attributes to 1 when performing multiply functions.
Related violations: <none>

DPOP-2#6 Warning
MREG Output pipelining  
DSP dpll_wrapper_inst/dpll_single_clock_core_stage_a_inst/fll_cross_dot_inst/cross_mul_hi_r_reg multiplier stage dpll_wrapper_inst/dpll_single_clock_core_stage_a_inst/fll_cross_dot_inst/cross_mul_hi_r_reg/P[47:0] is not pipelined (MREG=0). Pipelining the multiplier function will improve performance and will save significant power so it is suggested whenever possible to fully pipeline this function.  If this multiplier was inferred, it is suggested to describe an additional register stage after this function.  If there is no registered adder/accumulator following the multiply function, two pipeline stages are suggested to allow both the MREG and PREG registers to be used.  If the DSP48 was instantiated in the design, it is suggested to set both the MREG and PREG attributes to 1 when performing multiply functions.
Related violations: <none>

DPOP-2#7 Warning
MREG Output pipelining  
DSP dpll_wrapper_inst/dpll_single_clock_core_stage_a_inst/fll_cross_dot_inst/dot_mul_hi_r_reg multiplier stage dpll_wrapper_inst/dpll_single_clock_core_stage_a_inst/fll_cross_dot_inst/dot_mul_hi_r_reg/P[47:0] is not pipelined (MREG=0). Pipelining the multiplier function will improve performance and will save significant power so it is suggested whenever possible to fully pipeline this function.  If this multiplier was inferred, it is suggested to describe an additional register stage after this function.  If there is no registered adder/accumulator following the multiply function, two pipeline stages are suggested to allow both the MREG and PREG registers to be used.  If the DSP48 was instantiated in the design, it is suggested to set both the MREG and PREG attributes to 1 when performing multiply functions.
Related violations: <none>

DPOP-2#8 Warning
MREG Output pipelining  
DSP dpll_wrapper_inst/dpll_single_clock_core_stage_a_inst/hybrid_loop_inst/fll_product_hi_r_reg multiplier stage dpll_wrapper_inst/dpll_single_clock_core_stage_a_inst/hybrid_loop_inst/fll_product_hi_r_reg/P[47:0] is not pipelined (MREG=0). Pipelining the multiplier function will improve performance and will save significant power so it is suggested whenever possible to fully pipeline this function.  If this multiplier was inferred, it is suggested to describe an additional register stage after this function.  If there is no registered adder/accumulator following the multiply function, two pipeline stages are suggested to allow both the MREG and PREG registers to be used.  If the DSP48 was instantiated in the design, it is suggested to set both the MREG and PREG attributes to 1 when performing multiply functions.
Related violations: <none>

DPOP-2#9 Warning
MREG Output pipelining  
DSP dpll_wrapper_inst/dpll_single_clock_core_stage_a_inst/post_iir_inst/i_mul_product_pipe_r_reg multiplier stage dpll_wrapper_inst/dpll_single_clock_core_stage_a_inst/post_iir_inst/i_mul_product_pipe_r_reg/P[47:0] is not pipelined (MREG=0). Pipelining the multiplier function will improve performance and will save significant power so it is suggested whenever possible to fully pipeline this function.  If this multiplier was inferred, it is suggested to describe an additional register stage after this function.  If there is no registered adder/accumulator following the multiply function, two pipeline stages are suggested to allow both the MREG and PREG registers to be used.  If the DSP48 was instantiated in the design, it is suggested to set both the MREG and PREG attributes to 1 when performing multiply functions.
Related violations: <none>

DPOP-2#10 Warning
MREG Output pipelining  
DSP dpll_wrapper_inst/dpll_single_clock_core_stage_a_inst/post_iir_inst/q_mul_product_pipe_r_reg multiplier stage dpll_wrapper_inst/dpll_single_clock_core_stage_a_inst/post_iir_inst/q_mul_product_pipe_r_reg/P[47:0] is not pipelined (MREG=0). Pipelining the multiplier function will improve performance and will save significant power so it is suggested whenever possible to fully pipeline this function.  If this multiplier was inferred, it is suggested to describe an additional register stage after this function.  If there is no registered adder/accumulator following the multiply function, two pipeline stages are suggested to allow both the MREG and PREG registers to be used.  If the DSP48 was instantiated in the design, it is suggested to set both the MREG and PREG attributes to 1 when performing multiply functions.
Related violations: <none>

AVAL-4#1 Advisory
enum_USE_DPORT_FALSE_enum_DREG_ADREG_0_connects_CED_CEAD_RSTD_GND  
Digital_Freq_Meter_inst/DDC1_inst/LO_DDS_inst/U0/i_synth/i_dds/I_PHASEGEN.i_conventional_accum.i_accum/i_dsp48.i_struct.i_single_channel.I_DSP/I_VX5_6.I_DSP: DSP48E1 is not using the D port (USE_DPORT = FALSE). For improved power characteristics, set DREG and ADREG to '1', tie CED, CEAD, and RSTD to logic '0'.
Related violations: <none>

AVAL-4#2 Advisory
enum_USE_DPORT_FALSE_enum_DREG_ADREG_0_connects_CED_CEAD_RSTD_GND  
dpll_wrapper_inst/VCO_inst0/DAC_DDS0_inst/U0/i_synth/i_dds/I_PHASEGEN.i_conventional_accum.i_accum/i_dsp48.i_struct.i_single_channel.I_DSP/I_VX5_6.I_DSP: DSP48E1 is not using the D port (USE_DPORT = FALSE). For improved power characteristics, set DREG and ADREG to '1', tie CED, CEAD, and RSTD to logic '0'.
Related violations: <none>

AVAL-4#3 Advisory
enum_USE_DPORT_FALSE_enum_DREG_ADREG_0_connects_CED_CEAD_RSTD_GND  
dpll_wrapper_inst/dpll_single_clock_core_stage_a_inst/tracking_lo_dds_inst/U0/i_synth/i_dds/I_PHASEGEN.i_conventional_accum.i_accum/i_dsp48.i_struct.i_single_channel.I_DSP/I_VX5_6.I_DSP: DSP48E1 is not using the D port (USE_DPORT = FALSE). For improved power characteristics, set DREG and ADREG to '1', tie CED, CEAD, and RSTD to logic '0'.
Related violations: <none>

AVAL-5#1 Advisory
enum_USE_MULT_NONE_enum_DREG_ADREG_0_connects_CED_CEAD_RSTD_GND  
Digital_Freq_Meter_inst/DDC1_inst/LO_DDS_inst/U0/i_synth/i_dds/I_PHASEGEN.i_conventional_accum.i_accum/i_dsp48.i_struct.i_single_channel.I_DSP/I_VX5_6.I_DSP: DSP48E1 is not using the Multiplier (USE_MULT = NONE). For improved power characteristics, set DREG and ADREG to '1', tie CED, CEAD, and RSTD to logic '0'.
Related violations: <none>

AVAL-5#2 Advisory
enum_USE_MULT_NONE_enum_DREG_ADREG_0_connects_CED_CEAD_RSTD_GND  
dpll_wrapper_inst/VCO_inst0/DAC_DDS0_inst/U0/i_synth/i_dds/I_PHASEGEN.i_conventional_accum.i_accum/i_dsp48.i_struct.i_single_channel.I_DSP/I_VX5_6.I_DSP: DSP48E1 is not using the Multiplier (USE_MULT = NONE). For improved power characteristics, set DREG and ADREG to '1', tie CED, CEAD, and RSTD to logic '0'.
Related violations: <none>

AVAL-5#3 Advisory
enum_USE_MULT_NONE_enum_DREG_ADREG_0_connects_CED_CEAD_RSTD_GND  
dpll_wrapper_inst/dpll_single_clock_core_stage_a_inst/tracking_lo_dds_inst/U0/i_synth/i_dds/I_PHASEGEN.i_conventional_accum.i_accum/i_dsp48.i_struct.i_single_channel.I_DSP/I_VX5_6.I_DSP: DSP48E1 is not using the Multiplier (USE_MULT = NONE). For improved power characteristics, set DREG and ADREG to '1', tie CED, CEAD, and RSTD to logic '0'.
Related violations: <none>

REQP-28#1 Advisory
enum_USE_MULT_NONE_connects_CEM_GND  
Digital_Freq_Meter_inst/DDC1_inst/ddc_frontend_lowpass_filter_inst_I/N_times_clk_FIR_wrapper_H_inst/fir_compiler_minimumphase_N_times_clk_inst/U0/i_synth/g_single_rate.i_single_rate/g_semi_parallel_and_smac.g_paths[0].g_madd_array_and_accum.g_accum.i_accum/i_add_accum/g_dsp48.g_dsp48e1.i_dsp48e1: When the DSP48E1 USE_MULT attribute is set to NONE, the CEM input pin should be tied to GND to save power.
Related violations: <none>

REQP-28#2 Advisory
enum_USE_MULT_NONE_connects_CEM_GND  
Digital_Freq_Meter_inst/DDC1_inst/ddc_frontend_lowpass_filter_inst_Q/N_times_clk_FIR_wrapper_H_inst/fir_compiler_minimumphase_N_times_clk_inst/U0/i_synth/g_single_rate.i_single_rate/g_semi_parallel_and_smac.g_paths[0].g_madd_array_and_accum.g_accum.i_accum/i_add_accum/g_dsp48.g_dsp48e1.i_dsp48e1: When the DSP48E1 USE_MULT attribute is set to NONE, the CEM input pin should be tied to GND to save power.
Related violations: <none>

REQP-30#1 Advisory
enum_MREG_0_connects_CEM_GND  
Digital_Freq_Meter_inst/DDC1_inst/ddc_frontend_lowpass_filter_inst_I/N_times_clk_FIR_wrapper_H_inst/fir_compiler_minimumphase_N_times_clk_inst/U0/i_synth/g_single_rate.i_single_rate/g_semi_parallel_and_smac.g_paths[0].g_madd_array_and_accum.g_accum.i_accum/i_add_accum/g_dsp48.g_dsp48e1.i_dsp48e1: When the DSP48E1 MREG attribute is set to 0, the CEM input pin should be tied to GND to save power.
Related violations: <none>

REQP-30#2 Advisory
enum_MREG_0_connects_CEM_GND  
Digital_Freq_Meter_inst/DDC1_inst/ddc_frontend_lowpass_filter_inst_Q/N_times_clk_FIR_wrapper_H_inst/fir_compiler_minimumphase_N_times_clk_inst/U0/i_synth/g_single_rate.i_single_rate/g_semi_parallel_and_smac.g_paths[0].g_madd_array_and_accum.g_accum.i_accum/i_add_accum/g_dsp48.g_dsp48e1.i_dsp48e1: When the DSP48E1 MREG attribute is set to 0, the CEM input pin should be tied to GND to save power.
Related violations: <none>


