Copyright 1986-2018 Xilinx, Inc. All Rights Reserved.
-----------------------------------------------------------------------------------------------------------------------------------------------------------------------------
| Tool Version : Vivado v.2018.3 (win64) Build 2405991 Thu Dec  6 23:38:27 MST 2018
| Date         : Tue Jul 14 03:13:01 2026
| Host         : DESKTOP-MRF396F running 64-bit major release  (build 9200)
| Command      : report_timing_summary -warn_on_violation -file E:/JiangSiyi/FPGA/DPLL_Low_Freq_Track/reports/vivado_cross_dot_pipeline_synth_check/cross_dot_timing_ooc.rpt
| Design       : fll_cross_dot_stage_a
| Device       : 7z010-clg400
| Speed File   : -1  PRODUCTION 1.11 2014-09-11
-----------------------------------------------------------------------------------------------------------------------------------------------------------------------------

Timing Summary Report

------------------------------------------------------------------------------------------------
| Timer Settings
| --------------
------------------------------------------------------------------------------------------------

  Enable Multi Corner Analysis               :  Yes
  Enable Pessimism Removal                   :  Yes
  Pessimism Removal Resolution               :  Nearest Common Node
  Enable Input Delay Default Clock           :  No
  Enable Preset / Clear Arcs                 :  No
  Disable Flight Delays                      :  No
  Ignore I/O Paths                           :  No
  Timing Early Launch at Borrowing Latches   :  false

  Corner  Analyze    Analyze    
  Name    Max Paths  Min Paths  
  ------  ---------  ---------  
  Slow    Yes        Yes        
  Fast    Yes        Yes        



check_timing report

Table of Contents
-----------------
1. checking no_clock
2. checking constant_clock
3. checking pulse_width_clock
4. checking unconstrained_internal_endpoints
5. checking no_input_delay
6. checking no_output_delay
7. checking multiple_clock
8. checking generated_clocks
9. checking loops
10. checking partial_input_delay
11. checking partial_output_delay
12. checking latch_loops

1. checking no_clock
--------------------
 There are 0 register/latch pins with no clock.


2. checking constant_clock
--------------------------
 There are 0 register/latch pins with constant_clock.


3. checking pulse_width_clock
-----------------------------
 There are 0 register/latch pins which need pulse_width check


4. checking unconstrained_internal_endpoints
--------------------------------------------
 There are 0 pins that are not constrained for maximum delay.

 There are 0 pins that are not constrained for maximum delay due to constant clock.


5. checking no_input_delay
--------------------------
 There are 54 input ports with no input delay specified. (HIGH)

 There are 0 input ports with no input delay but user has a false path constraint.


6. checking no_output_delay
---------------------------
 There are 25 ports with no output delay specified. (HIGH)

 There are 0 ports with no output delay but user has a false path constraint

 There are 0 ports with no output delay but with a timing clock defined on it or propagating through it


7. checking multiple_clock
--------------------------
 There are 0 register/latch pins with multiple clocks.


8. checking generated_clocks
----------------------------
 There are 0 generated clocks that are not connected to a clock source.


9. checking loops
-----------------
 There are 0 combinational loops in the design.


10. checking partial_input_delay
--------------------------------
 There are 0 input ports with partial input delay specified.


11. checking partial_output_delay
---------------------------------
 There are 0 ports with partial output delay specified.


12. checking latch_loops
------------------------
 There are 0 combinational latch loops in the design through latch input



------------------------------------------------------------------------------------------------
| Design Timing Summary
| ---------------------
------------------------------------------------------------------------------------------------

    WNS(ns)      TNS(ns)  TNS Failing Endpoints  TNS Total Endpoints      WHS(ns)      THS(ns)  THS Failing Endpoints  THS Total Endpoints     WPWS(ns)     TPWS(ns)  TPWS Failing Endpoints  TPWS Total Endpoints  
    -------      -------  ---------------------  -------------------      -------      -------  ---------------------  -------------------     --------     --------  ----------------------  --------------------  
      2.145        0.000                      0                 3207        0.193        0.000                      0                 3207        3.020        0.000                       0                  1330  


All user specified timing constraints are met.


------------------------------------------------------------------------------------------------
| Clock Summary
| -------------
------------------------------------------------------------------------------------------------

Clock     Waveform(ns)         Period(ns)      Frequency(MHz)
-----     ------------         ----------      --------------
clk_125m  {0.000 4.000}        8.000           125.000         


------------------------------------------------------------------------------------------------
| Intra Clock Table
| -----------------
------------------------------------------------------------------------------------------------

Clock             WNS(ns)      TNS(ns)  TNS Failing Endpoints  TNS Total Endpoints      WHS(ns)      THS(ns)  THS Failing Endpoints  THS Total Endpoints     WPWS(ns)     TPWS(ns)  TPWS Failing Endpoints  TPWS Total Endpoints  
-----             -------      -------  ---------------------  -------------------      -------      -------  ---------------------  -------------------     --------     --------  ----------------------  --------------------  
clk_125m            2.145        0.000                      0                 3207        0.193        0.000                      0                 3207        3.020        0.000                       0                  1330  


------------------------------------------------------------------------------------------------
| Inter Clock Table
| -----------------
------------------------------------------------------------------------------------------------

From Clock    To Clock          WNS(ns)      TNS(ns)  TNS Failing Endpoints  TNS Total Endpoints      WHS(ns)      THS(ns)  THS Failing Endpoints  THS Total Endpoints  
----------    --------          -------      -------  ---------------------  -------------------      -------      -------  ---------------------  -------------------  


------------------------------------------------------------------------------------------------
| Other Path Groups Table
| -----------------------
------------------------------------------------------------------------------------------------

Path Group    From Clock    To Clock          WNS(ns)      TNS(ns)  TNS Failing Endpoints  TNS Total Endpoints      WHS(ns)      THS(ns)  THS Failing Endpoints  THS Total Endpoints  
----------    ----------    --------          -------      -------  ---------------------  -------------------      -------      -------  ---------------------  -------------------  


------------------------------------------------------------------------------------------------
| Timing Details
| --------------
------------------------------------------------------------------------------------------------


---------------------------------------------------------------------------------------------------
From Clock:  clk_125m
  To Clock:  clk_125m

Setup :            0  Failing Endpoints,  Worst Slack        2.145ns,  Total Violation        0.000ns
Hold  :            0  Failing Endpoints,  Worst Slack        0.193ns,  Total Violation        0.000ns
PW    :            0  Failing Endpoints,  Worst Slack        3.020ns,  Total Violation        0.000ns
---------------------------------------------------------------------------------------------------


Max Delay Paths
--------------------------------------------------------------------------------------
Slack (MET) :             2.145ns  (required time - arrival time)
  Source:                 block_dot_sum_r_reg[44]/C
                            (rising edge-triggered cell FDRE clocked by clk_125m  {rise@0.000ns fall@4.000ns period=8.000ns})
  Destination:            replay_freq_error_reg[0]/R
                            (rising edge-triggered cell FDRE clocked by clk_125m  {rise@0.000ns fall@4.000ns period=8.000ns})
  Path Group:             clk_125m
  Path Type:              Setup (Max at Slow Process Corner)
  Requirement:            8.000ns  (clk_125m rise@8.000ns - clk_125m rise@0.000ns)
  Data Path Delay:        5.371ns  (logic 1.287ns (23.962%)  route 4.084ns (76.038%))
  Logic Levels:           5  (LUT3=1 LUT4=1 LUT6=3)
  Clock Path Skew:        -0.049ns (DCD - SCD + CPR)
    Destination Clock Delay (DCD):    0.924ns = ( 8.924 - 8.000 ) 
    Source Clock Delay      (SCD):    0.973ns
    Clock Pessimism Removal (CPR):    0.000ns
  Clock Uncertainty:      0.035ns  ((TSJ^2 + TIJ^2)^1/2 + DJ) / 2 + PE
    Total System Jitter     (TSJ):    0.071ns
    Total Input Jitter      (TIJ):    0.000ns
    Discrete Jitter          (DJ):    0.000ns
    Phase Error              (PE):    0.000ns

    Location             Delay type                Incr(ns)  Path(ns)    Netlist Resource(s)
  -------------------------------------------------------------------    -------------------
                         (clock clk_125m rise edge)
                                                      0.000     0.000 r  
                                                      0.000     0.000 r  clk_125m (IN)
                         net (fo=1329, unset)         0.973     0.973    clk_125m
                         FDRE                                         r  block_dot_sum_r_reg[44]/C
  -------------------------------------------------------------------    -------------------
                         FDRE (Prop_fdre_C_Q)         0.496     1.469 f  block_dot_sum_r_reg[44]/Q
                         net (fo=2, unplaced)         0.752     2.221    block_dot_sum_r[44]
                         LUT4 (Prop_lut4_I1_O)        0.295     2.516 f  serial_normalization[11]_i_15/O
                         net (fo=1, unplaced)         0.902     3.418    serial_normalization[11]_i_15_n_0
                         LUT6 (Prop_lut6_I0_O)        0.124     3.542 r  serial_normalization[11]_i_4/O
                         net (fo=2, unplaced)         0.676     4.218    serial_normalization[11]_i_4_n_0
                         LUT6 (Prop_lut6_I2_O)        0.124     4.342 r  replay_count[4]_i_4/O
                         net (fo=1, unplaced)         0.449     4.791    replay_count[4]_i_4_n_0
                         LUT6 (Prop_lut6_I0_O)        0.124     4.915 r  replay_count[4]_i_3/O
                         net (fo=3, unplaced)         0.467     5.382    replay_count[4]_i_3_n_0
                         LUT3 (Prop_lut3_I0_O)        0.124     5.506 r  replay_freq_error[21]_i_1/O
                         net (fo=22, unplaced)        0.838     6.344    replay_freq_error[21]_i_1_n_0
                         FDRE                                         r  replay_freq_error_reg[0]/R
  -------------------------------------------------------------------    -------------------

                         (clock clk_125m rise edge)
                                                      8.000     8.000 r  
                                                      0.000     8.000 r  clk_125m (IN)
                         net (fo=1329, unset)         0.924     8.924    clk_125m
                         FDRE                                         r  replay_freq_error_reg[0]/C
                         clock pessimism              0.000     8.924    
                         clock uncertainty           -0.035     8.889    
                         FDRE (Setup_fdre_C_R)       -0.400     8.489    replay_freq_error_reg[0]
  -------------------------------------------------------------------
                         required time                          8.489    
                         arrival time                          -6.344    
  -------------------------------------------------------------------
                         slack                                  2.145    





Min Delay Paths
--------------------------------------------------------------------------------------
Slack (MET) :             0.193ns  (arrival time - required time)
  Source:                 serial_denominator_reg[12]/C
                            (rising edge-triggered cell FDRE clocked by clk_125m  {rise@0.000ns fall@4.000ns period=8.000ns})
  Destination:            serial_denominator_reg[13]/D
                            (rising edge-triggered cell FDRE clocked by clk_125m  {rise@0.000ns fall@4.000ns period=8.000ns})
  Path Group:             clk_125m
  Path Type:              Hold (Min at Fast Process Corner)
  Requirement:            0.000ns  (clk_125m rise@0.000ns - clk_125m rise@0.000ns)
  Data Path Delay:        0.341ns  (logic 0.252ns (74.005%)  route 0.089ns (25.995%))
  Logic Levels:           1  (CARRY4=1)
  Clock Path Skew:        0.022ns (DCD - SCD - CPR)
    Destination Clock Delay (DCD):    0.432ns
    Source Clock Delay      (SCD):    0.410ns
    Clock Pessimism Removal (CPR):    -0.000ns

    Location             Delay type                Incr(ns)  Path(ns)    Netlist Resource(s)
  -------------------------------------------------------------------    -------------------
                         (clock clk_125m rise edge)
                                                      0.000     0.000 r  
                                                      0.000     0.000 r  clk_125m (IN)
                         net (fo=1329, unset)         0.410     0.410    clk_125m
                         FDRE                                         r  serial_denominator_reg[12]/C
  -------------------------------------------------------------------    -------------------
                         FDRE (Prop_fdre_C_Q)         0.158     0.568 r  serial_denominator_reg[12]/Q
                         net (fo=3, unplaced)         0.089     0.657    serial_denominator_reg[12]
                         CARRY4 (Prop_carry4_DI[0]_O[1])
                                                      0.094     0.751 r  serial_denominator_reg[12]_i_1/O[1]
                         net (fo=1, unplaced)         0.000     0.751    serial_denominator_reg[12]_i_1_n_6
                         FDRE                                         r  serial_denominator_reg[13]/D
  -------------------------------------------------------------------    -------------------

                         (clock clk_125m rise edge)
                                                      0.000     0.000 r  
                                                      0.000     0.000 r  clk_125m (IN)
                         net (fo=1329, unset)         0.432     0.432    clk_125m
                         FDRE                                         r  serial_denominator_reg[13]/C
                         clock pessimism              0.000     0.432    
                         FDRE (Hold_fdre_C_D)         0.126     0.558    serial_denominator_reg[13]
  -------------------------------------------------------------------
                         required time                         -0.558    
                         arrival time                           0.751    
  -------------------------------------------------------------------
                         slack                                  0.193    





Pulse Width Checks
--------------------------------------------------------------------------------------
Clock Name:         clk_125m
Waveform(ns):       { 0.000 4.000 }
Period(ns):         8.000
Sources:            { clk_125m }

Check Type        Corner  Lib Pin      Reference Pin  Required(ns)  Actual(ns)  Slack(ns)  Location  Pin
Min Period        n/a     DSP48E1/CLK  n/a            3.884         8.000       4.116                cross_mul_hi_r_reg/CLK
Low Pulse Width   Fast    SRL16E/CLK   n/a            0.980         4.000       3.020                i_delay_reg[5][0]_srl2___q_delay_reg_r_0/CLK
High Pulse Width  Slow    SRL16E/CLK   n/a            0.980         4.000       3.020                i_delay_reg[5][0]_srl2___q_delay_reg_r_0/CLK



